LoRaMacCrypto.c:947:13:DummyCB	0	static
LoRaMacCrypto.c:801:30:DeriveLifeTimeSessionKey	32	static
LoRaMacCrypto.c:247:30:PayloadEncrypt	72	static
LoRaMacCrypto.c:317:30:FOptsEncrypt	64	static
LoRaMacCrypto.c:753:30:DeriveSessionKey11x	48	static
LoRaMacCrypto.c:709:30:DeriveSessionKey10x	40	static
LoRaMacCrypto.c:650:30:ComputeCmacB1.constprop	312	static
LoRaMacCrypto.c:543:30:VerifyCmacB0.constprop	304	static
LoRaMacCrypto.c:502:30:ComputeCmacB0.part.4.constprop	304	static
LoRaMacCrypto.c:928:6:ResetFCnts	8	static
LoRaMacCrypto.c:956:23:LoRaMacCryptoInit	16	static
LoRaMacCrypto.c:995:23:LoRaMacCryptoSetLrWanVersion	0	static
LoRaMacCrypto.c:1001:23:LoRaMacCryptoRestoreNvmCtx	8	static
LoRaMacCrypto.c:1015:7:LoRaMacCryptoGetNvmCtx	0	static
LoRaMacCrypto.c:1021:23:LoRaMacCryptoSetKey	8	static
LoRaMacCrypto.c:1030:23:LoRaMacCryptoPrepareJoinRequest	16	static
LoRaMacCrypto.c:1082:23:LoRaMacCryptoPrepareReJoinType1	16	static
LoRaMacCrypto.c:1122:23:LoRaMacCryptoPrepareReJoinType0or2	16	static
LoRaMacCrypto.c:1161:23:LoRaMacCryptoHandleJoinAccept	312	static
LoRaMacCrypto.c:1342:23:LoRaMacCryptoSecureMessage	56	static
LoRaMacCrypto.c:1432:23:LoRaMacCryptoUnsecureMessage	48	static
LoRaMacCrypto.c:1511:23:LoRaMacCryptoDeriveMcKEKey	32	static
LoRaMacCrypto.c:1543:23:LoRaMacCryptoDeriveMcSessionKeyPair	56	static
