LoRaMac.c:779:13:OnRadioRxError	0	static
LoRaMac.c:2854:13:CallNvmCtxCallback	8	static
LoRaMac.c:2872:13:EventCryptoNvmCtxChanged	8	static
LoRaMac.c:2877:13:EventSecureElementNvmCtxChanged	8	static
LoRaMac.c:2882:13:EventCommandsNvmCtxChanged	8	static
LoRaMac.c:2887:13:EventClassBNvmCtxChanged	8	static
LoRaMac.c:2892:13:EventConfirmQueueNvmCtxChanged	8	static
LoRaMac.c:2897:6:EventFCntHandlerNvmCtxChanged	8	static
LoRaMac.c:1750:16:GetMaxAppPayloadWithoutFOptsLength	16	static
LoRaMac.c:1660:13:OnAckTimeoutTimerEvent	8	static
LoRaMac.c:857:13:PrepareRxDoneAbort	8	static
LoRaMac.c:2368:13:ResetMacParameters	32	static
LoRaMac.c:784:13:OnRadioRxTimeout	16	static
LoRaMac.c:771:13:OnRadioTxTimeout	16	static
LoRaMac.c:757:13:OnRadioRxDone	32	static
LoRaMac.c:746:13:OnRadioTxDone	24	static
LoRaMac.c:1589:13:OnRxWindow1TimerEvent	32	static
LoRaMac.c:2790:13:StopRetransmission	16	static
LoRaMac.c:1610:13:OnRxWindow2TimerEvent	24	static
LoRaMac.c:2418:13:OpenContinuousRx2Window	8	static
LoRaMac.c:1284:13:HandleRadioRxErrorTimeout	32	static
LoRaMac.c:1794:13:ProcessMacCommands.isra.1.constprop	88	static
LoRaMac.c:2424:17:PrepareFrame	48	static
LoRaMac.c:2529:17:SendFrameOnChannel	56	static
LoRaMac.c:2214:24:ScheduleTx	64	static
LoRaMac.c:1563:13:OnTxDelayedTimerEvent	8	static
LoRaMac.c:2087:17:Send	80	static
LoRaMac.c:2178:17:SendReJoinReq	16	static
LoRaMac.c:2596:17:SetTxContinuousWave	32	static
LoRaMac.c:2614:17:SetTxContinuousWave1	8	static
LoRaMac.c:2623:16:GetCtxs	16	static
LoRaMac.c:2639:17:RestoreCtxs	24	static
LoRaMac.c:2693:17:DetermineFrameType	0	static
LoRaMac.c:1397:6:LoRaMacProcess	208	static
LoRaMac.c:2902:17:LoRaMacInitialization	96	static
LoRaMac.c:3124:17:LoRaMacStart	0	static
LoRaMac.c:3130:17:LoRaMacStop	0	static
LoRaMac.c:3144:17:LoRaMacQueryTxPossible	56	static
LoRaMac.c:3202:17:LoRaMacMibGetRequestConfirm	16	static
LoRaMac.c:3368:17:LoRaMacMibSetRequestConfirm	56	static
LoRaMac.c:3966:17:LoRaMacChannelAdd	48	static
LoRaMac.c:3986:17:LoRaMacChannelRemove	16	static
LoRaMac.c:4009:17:LoRaMacMulticastChannelSet	24	static
LoRaMac.c:4030:17:LoRaMacMlmeRequest	40	static
LoRaMac.c:4232:17:LoRaMacMcpsRequest	56	static
LoRaMac.c:4349:6:LoRaMacTestSetDutyCycleOn	24	static
