Region.c:574:6:RegionIsActive	0	static
Region.c:595:12:RegionGetPhyParam	16	static
Region.c:617:6:RegionSetBandTxDone	8	static
Region.c:638:6:RegionInitDefaults	8	static
Region.c:659:7:RegionGetNvmCtx	8	static
Region.c:680:6:RegionVerify	8	static
Region.c:701:6:RegionApplyCFList	8	static
Region.c:722:6:RegionChanMaskSet	8	static
Region.c:743:6:RegionComputeRxWindowParameters	8	static
Region.c:764:6:RegionRxConfig	8	static
Region.c:785:6:RegionTxConfig	8	static
Region.c:806:9:RegionLinkAdrReq	16	static
Region.c:827:9:RegionRxParamSetupReq	8	static
Region.c:848:9:RegionNewChannelReq	8	static
Region.c:869:8:RegionTxParamSetupReq	8	static
Region.c:890:9:RegionDlChannelReq	8	static
Region.c:911:8:RegionAlternateDr	8	static
Region.c:932:6:RegionCalcBackOff	8	static
Region.c:953:17:RegionNextChannel	8	static
Region.c:974:17:RegionChannelAdd	8	static
Region.c:995:6:RegionChannelsRemove	8	static
Region.c:1016:6:RegionSetContinuousWave	8	static
Region.c:1037:9:RegionApplyDrOffset	8	static
Region.c:1058:6:RegionRxBeaconSetup	8	static
