RegionEU868.c:108:13:VerifyTxFreq	24	static
RegionEU868.c:189:12:RegionEU868GetPhyParam	16	static
RegionEU868.c:367:6:RegionEU868SetBandTxDone	8	static
RegionEU868.c:372:6:RegionEU868InitDefaults	96	static
RegionEU868.c:428:7:RegionEU868GetNvmCtx	0	static
RegionEU868.c:434:6:RegionEU868Verify	8	static
RegionEU868.c:524:6:RegionEU868ChanMaskSet	8	static
RegionEU868.c:544:6:RegionEU868ComputeRxWindowParameters	48	static
RegionEU868.c:564:6:RegionEU868RxConfig	72	static
RegionEU868.c:621:6:RegionEU868TxConfig	96	static
RegionEU868.c:656:9:RegionEU868LinkAdrReq	96	static
RegionEU868.c:761:9:RegionEU868RxParamSetupReq	24	static
RegionEU868.c:839:8:RegionEU868TxParamSetupReq	0	static
RegionEU868.c:844:9:RegionEU868DlChannelReq	16	static
RegionEU868.c:870:8:RegionEU868AlternateDr	0	static
RegionEU868.c:875:6:RegionEU868CalcBackOff	32	static
RegionEU868.c:891:17:RegionEU868NextChannel	64	static
RegionEU868.c:945:17:RegionEU868ChannelAdd	40	static
RegionEU868.c:1020:6:RegionEU868ChannelsRemove	16	static
RegionEU868.c:465:6:RegionEU868ApplyCFList	48	static
RegionEU868.c:786:9:RegionEU868NewChannelReq	16	static
RegionEU868.c:1035:6:RegionEU868SetContinuousWave	24	static
RegionEU868.c:1047:9:RegionEU868ApplyDrOffset	0	static
RegionEU868.c:1058:6:RegionEU868RxBeaconSetup	40	static
