RegionUS915.c:254:12:RegionUS915GetPhyParam	16	static
RegionUS915.c:439:6:RegionUS915SetBandTxDone	8	static
RegionUS915.c:444:6:RegionUS915InitDefaults	32	static
RegionUS915.c:530:7:RegionUS915GetNvmCtx	0	static
RegionUS915.c:536:6:RegionUS915Verify	8	static
RegionUS915.c:567:6:RegionUS915ApplyCFList	16	static
RegionUS915.c:591:6:RegionUS915ChanMaskSet	16	static
RegionUS915.c:625:6:RegionUS915ComputeRxWindowParameters	48	static
RegionUS915.c:638:6:RegionUS915RxConfig	80	static
RegionUS915.c:679:6:RegionUS915TxConfig	88	static
RegionUS915.c:704:9:RegionUS915LinkAdrReq	104	static
RegionUS915.c:865:9:RegionUS915RxParamSetupReq	24	static
RegionUS915.c:899:9:RegionUS915NewChannelReq	0	static
RegionUS915.c:905:8:RegionUS915TxParamSetupReq	0	static
RegionUS915.c:910:9:RegionUS915DlChannelReq	0	static
RegionUS915.c:915:8:RegionUS915AlternateDr	16	static
RegionUS915.c:933:6:RegionUS915CalcBackOff	32	static
RegionUS915.c:949:17:RegionUS915NextChannel	136	static
RegionUS915.c:1048:17:RegionUS915ChannelAdd	0	static
RegionUS915.c:1053:6:RegionUS915ChannelsRemove	0	static
RegionUS915.c:1058:6:RegionUS915SetContinuousWave	32	static
RegionUS915.c:1070:9:RegionUS915ApplyDrOffset	0	static
RegionUS915.c:1081:6:RegionUS915RxBeaconSetup	40	static
