RegionCN470.c:142:12:RegionCN470GetPhyParam	16	static
RegionCN470.c:325:6:RegionCN470SetBandTxDone	8	static
RegionCN470.c:330:6:RegionCN470InitDefaults	32	static
RegionCN470.c:392:7:RegionCN470GetNvmCtx	0	static
RegionCN470.c:398:6:RegionCN470Verify	8	static
RegionCN470.c:426:6:RegionCN470ApplyCFList	12	static
RegionCN470.c:448:6:RegionCN470ChanMaskSet	8	static
RegionCN470.c:468:6:RegionCN470ComputeRxWindowParameters	48	static
RegionCN470.c:481:6:RegionCN470RxConfig	80	static
RegionCN470.c:522:6:RegionCN470TxConfig	80	static
RegionCN470.c:546:9:RegionCN470LinkAdrReq	96	static
RegionCN470.c:643:9:RegionCN470RxParamSetupReq	24	static
RegionCN470.c:672:9:RegionCN470NewChannelReq	0	static
RegionCN470.c:678:8:RegionCN470TxParamSetupReq	0	static
RegionCN470.c:683:9:RegionCN470DlChannelReq	0	static
RegionCN470.c:688:8:RegionCN470AlternateDr	0	static
RegionCN470.c:693:6:RegionCN470CalcBackOff	32	static
RegionCN470.c:709:17:RegionCN470NextChannel	152	static
RegionCN470.c:768:17:RegionCN470ChannelAdd	0	static
RegionCN470.c:773:6:RegionCN470ChannelsRemove	0	static
RegionCN470.c:778:6:RegionCN470SetContinuousWave	24	static
RegionCN470.c:790:9:RegionCN470ApplyDrOffset	0	static
RegionCN470.c:801:6:RegionCN470RxBeaconSetup	40	static
