Archive member included to satisfy reference by file (symbol)

/opt/gcc-arm-none-eabi-8-2018-q4-major/bin/../lib/gcc/arm-none-eabi/8.2.1/thumb/v6-m/nofp/libgcc.a(_udivsi3.o)
                              CMakeFiles/LoRaNODE.elf.dir/home/alejo/Documents/LoRa_Project_v1/software/Project/global/Drivers/STM32L0xx_HAL_Driver/Src/stm32l0xx_hal.c.obj (__aeabi_uidiv)
/opt/gcc-arm-none-eabi-8-2018-q4-major/bin/../lib/gcc/arm-none-eabi/8.2.1/thumb/v6-m/nofp/libgcc.a(_divsi3.o)
                              CMakeFiles/LoRaNODE.elf.dir/home/alejo/Documents/LoRa_Project_v1/software/Project/global/Core/utils/src/circular.c.obj (__aeabi_idivmod)
/opt/gcc-arm-none-eabi-8-2018-q4-major/bin/../lib/gcc/arm-none-eabi/8.2.1/thumb/v6-m/nofp/libgcc.a(_dvmd_tls.o)
                              /opt/gcc-arm-none-eabi-8-2018-q4-major/bin/../lib/gcc/arm-none-eabi/8.2.1/thumb/v6-m/nofp/libgcc.a(_udivsi3.o) (__aeabi_idiv0)
/opt/gcc-arm-none-eabi-8-2018-q4-major/bin/../lib/gcc/arm-none-eabi/8.2.1/thumb/v6-m/nofp/libgcc.a(_arm_cmpdf2.o)
                              CMakeFiles/LoRaNODE.elf.dir/home/alejo/Documents/LoRa_Project_v1/software/Project/global/Drivers/BSP/Components/sx1276/sx1276.c.obj (__aeabi_dcmpgt)
/opt/gcc-arm-none-eabi-8-2018-q4-major/bin/../lib/gcc/arm-none-eabi/8.2.1/thumb/v6-m/nofp/libgcc.a(_arm_cmpsf2.o)
                              CMakeFiles/LoRaNODE.elf.dir/home/alejo/Documents/LoRa_Project_v1/software/Project/global/Core/hw/src/hw_rtc.c.obj (__aeabi_fcmplt)
/opt/gcc-arm-none-eabi-8-2018-q4-major/bin/../lib/gcc/arm-none-eabi/8.2.1/thumb/v6-m/nofp/libgcc.a(_aeabi_uldivmod.o)
                              CMakeFiles/LoRaNODE.elf.dir/home/alejo/Documents/LoRa_Project_v1/software/Project/global/Drivers/STM32L0xx_HAL_Driver/Src/stm32l0xx_hal_uart.c.obj (__aeabi_uldivmod)
/opt/gcc-arm-none-eabi-8-2018-q4-major/bin/../lib/gcc/arm-none-eabi/8.2.1/thumb/v6-m/nofp/libgcc.a(_fixunssfsi.o)
                              CMakeFiles/LoRaNODE.elf.dir/home/alejo/Documents/LoRa_Project_v1/software/Project/global/Core/hw/src/hw_rtc.c.obj (__aeabi_f2uiz)
/opt/gcc-arm-none-eabi-8-2018-q4-major/bin/../lib/gcc/arm-none-eabi/8.2.1/thumb/v6-m/nofp/libgcc.a(_fixunsdfsi.o)
                              CMakeFiles/LoRaNODE.elf.dir/home/alejo/Documents/LoRa_Project_v1/software/Project/global/Drivers/BSP/Components/sx1276/sx1276.c.obj (__aeabi_d2uiz)
/opt/gcc-arm-none-eabi-8-2018-q4-major/bin/../lib/gcc/arm-none-eabi/8.2.1/thumb/v6-m/nofp/libgcc.a(_udivmoddi4.o)
                              /opt/gcc-arm-none-eabi-8-2018-q4-major/bin/../lib/gcc/arm-none-eabi/8.2.1/thumb/v6-m/nofp/libgcc.a(_aeabi_uldivmod.o) (__udivmoddi4)
/opt/gcc-arm-none-eabi-8-2018-q4-major/bin/../lib/gcc/arm-none-eabi/8.2.1/thumb/v6-m/nofp/libgcc.a(addsf3.o)
                              CMakeFiles/LoRaNODE.elf.dir/home/alejo/Documents/LoRa_Project_v1/software/Project/global/Core/hw/src/hw_rtc.c.obj (__aeabi_fadd)
/opt/gcc-arm-none-eabi-8-2018-q4-major/bin/../lib/gcc/arm-none-eabi/8.2.1/thumb/v6-m/nofp/libgcc.a(divsf3.o)
                              CMakeFiles/LoRaNODE.elf.dir/home/alejo/Documents/LoRa_Project_v1/software/Project/global/Core/hw/src/hw_rtc.c.obj (__aeabi_fdiv)
/opt/gcc-arm-none-eabi-8-2018-q4-major/bin/../lib/gcc/arm-none-eabi/8.2.1/thumb/v6-m/nofp/libgcc.a(eqsf2.o)
                              /opt/gcc-arm-none-eabi-8-2018-q4-major/bin/../lib/gcc/arm-none-eabi/8.2.1/thumb/v6-m/nofp/libgcc.a(_arm_cmpsf2.o) (__eqsf2)
/opt/gcc-arm-none-eabi-8-2018-q4-major/bin/../lib/gcc/arm-none-eabi/8.2.1/thumb/v6-m/nofp/libgcc.a(gesf2.o)
                              /opt/gcc-arm-none-eabi-8-2018-q4-major/bin/../lib/gcc/arm-none-eabi/8.2.1/thumb/v6-m/nofp/libgcc.a(_arm_cmpsf2.o) (__gesf2)
/opt/gcc-arm-none-eabi-8-2018-q4-major/bin/../lib/gcc/arm-none-eabi/8.2.1/thumb/v6-m/nofp/libgcc.a(lesf2.o)
                              /opt/gcc-arm-none-eabi-8-2018-q4-major/bin/../lib/gcc/arm-none-eabi/8.2.1/thumb/v6-m/nofp/libgcc.a(_arm_cmpsf2.o) (__lesf2)
/opt/gcc-arm-none-eabi-8-2018-q4-major/bin/../lib/gcc/arm-none-eabi/8.2.1/thumb/v6-m/nofp/libgcc.a(mulsf3.o)
                              CMakeFiles/LoRaNODE.elf.dir/home/alejo/Documents/LoRa_Project_v1/software/Project/global/Core/hw/src/hw_rtc.c.obj (__aeabi_fmul)
/opt/gcc-arm-none-eabi-8-2018-q4-major/bin/../lib/gcc/arm-none-eabi/8.2.1/thumb/v6-m/nofp/libgcc.a(subsf3.o)
                              CMakeFiles/LoRaNODE.elf.dir/home/alejo/Documents/LoRa_Project_v1/software/Project/global/Core/hw/src/hw_rtc.c.obj (__aeabi_fsub)
/opt/gcc-arm-none-eabi-8-2018-q4-major/bin/../lib/gcc/arm-none-eabi/8.2.1/thumb/v6-m/nofp/libgcc.a(fixsfsi.o)
                              /opt/gcc-arm-none-eabi-8-2018-q4-major/bin/../lib/gcc/arm-none-eabi/8.2.1/thumb/v6-m/nofp/libgcc.a(_fixunssfsi.o) (__aeabi_f2iz)
/opt/gcc-arm-none-eabi-8-2018-q4-major/bin/../lib/gcc/arm-none-eabi/8.2.1/thumb/v6-m/nofp/libgcc.a(floatunsisf.o)
[...]
Memory Configuration

Name             Origin             Length             Attributes
RAM              0x0000000020000000 0x0000000000005000 xrw
FLASH            0x0000000008000000 0x0000000000020000 xr
*default*        0x0000000000000000 0xffffffffffffffff

Linker script and memory map

LOAD /opt/gcc-arm-none-eabi-8-2018-q4-major/bin/../lib/gcc/arm-none-eabi/8.2.1/thumb/v6-m/nofp/crti.o
LOAD /opt/gcc-arm-none-eabi-8-2018-q4-major/bin/../lib/gcc/arm-none-eabi/8.2.1/thumb/v6-m/nofp/crtbegin.o
LOAD /opt/gcc-arm-none-eabi-8-2018-q4-major/bin/../lib/gcc/arm-none-eabi/8.2.1/../../../../arm-none-eabi/lib/thumb/v6-m/nofp/crt0.o
LOAD CMakeFiles/LoRaNODE.elf.dir/home/alejo/Documents/LoRa_Project_v1/software/Project/global/Drivers/STM32L0xx_HAL_Driver/Src/stm32l0xx_hal.c.obj
LOAD CMakeFiles/LoRaNODE.elf.dir/home/alejo/Documents/LoRa_Project_v1/software/Project/global/Drivers/STM32L0xx_HAL_Driver/Src/stm32l0xx_hal_adc.c.obj
LOAD CMakeFiles/LoRaNODE.elf.dir/home/alejo/Documents/LoRa_Project_v1/software/Project/global/Drivers/STM32L0xx_HAL_Driver/Src/stm32l0xx_hal_adc_ex.c.obj
LOAD CMakeFiles/LoRaNODE.elf.dir/home/alejo/Documents/LoRa_Project_v1/software/Project/global/Drivers/STM32L0xx_HAL_Driver/Src/stm32l0xx_hal_comp.c.obj
LOAD CMakeFiles/LoRaNODE.elf.dir/home/alejo/Documents/LoRa_Project_v1/software/Project/global/Drivers/STM32L0xx_HAL_Driver/Src/stm32l0xx_hal_comp_ex.c.obj
LOAD CMakeFiles/LoRaNODE.elf.dir/home/alejo/Documents/LoRa_Project_v1/software/Project/global/Drivers/STM32L0xx_HAL_Driver/Src/stm32l0xx_hal_cortex.c.obj
LOAD CMakeFiles/LoRaNODE.elf.dir/home/alejo/Documents/LoRa_Project_v1/software/Project/global/Drivers/STM32L0xx_HAL_Driver/Src/stm32l0xx_hal_crc.c.obj
LOAD CMakeFiles/LoRaNODE.elf.dir/home/alejo/Documents/LoRa_Project_v1/software/Project/global/Drivers/STM32L0xx_HAL_Driver/Src/stm32l0xx_hal_crc_ex.c.obj
LOAD CMakeFiles/LoRaNODE.elf.dir/home/alejo/Documents/LoRa_Project_v1/software/Project/global/Drivers/STM32L0xx_HAL_Driver/Src/stm32l0xx_hal_cryp.c.obj
LOAD CMakeFiles/LoRaNODE.elf.dir/home/alejo/Documents/LoRa_Project_v1/software/Project/global/Drivers/STM32L0xx_HAL_Driver/Src/stm32l0xx_hal_cryp_ex.c.obj
LOAD CMakeFiles/LoRaNODE.elf.dir/home/alejo/Documents/LoRa_Project_v1/software/Project/global/Drivers/STM32L0xx_HAL_Driver/Src/stm32l0xx_hal_dac.c.obj
LOAD CMakeFiles/LoRaNODE.elf.dir/home/alejo/Documents/LoRa_Project_v1/software/Project/global/Drivers/STM32L0xx_HAL_Driver/Src/stm32l0xx_hal_dac_ex.c.obj
LOAD CMakeFiles/LoRaNODE.elf.dir/home/alejo/Documents/LoRa_Project_v1/software/Project/global/Drivers/STM32L0xx_HAL_Driver/Src/stm32l0xx_hal_dma.c.obj
LOAD CMakeFiles/LoRaNODE.elf.dir/home/alejo/Documents/LoRa_Project_v1/software/Project/global/Drivers/STM32L0xx_HAL_Driver/Src/stm32l0xx_hal_firewall.c.obj
LOAD CMakeFiles/LoRaNODE.elf.dir/home/alejo/Documents/LoRa_Project_v1/software/Project/global/Drivers/STM32L0xx_HAL_Driver/Src/stm32l0xx_hal_flash.c.obj
LOAD CMakeFiles/LoRaNODE.elf.dir/home/alejo/Documents/LoRa_Project_v1/software/Project/global/Drivers/STM32L0xx_HAL_Driver/Src/stm32l0xx_hal_flash_ex.c.obj
LOAD CMakeFiles/LoRaNODE.elf.dir/home/alejo/Documents/LoRa_Project_v1/software/Project/global/Drivers/STM32L0xx_HAL_Driver/Src/stm32l0xx_hal_flash_ramfunc.c.obj
LOAD CMakeFiles/LoRaNODE.elf.dir/home/alejo/Documents/LoRa_Project_v1/software/Project/global/Drivers/STM32L0xx_HAL_Driver/Src/stm32l0xx_hal_gpio.c.obj
LOAD CMakeFiles/LoRaNODE.elf.dir/home/alejo/Documents/LoRa_Project_v1/software/Project/global/Drivers/STM32L0xx_HAL_Driver/Src/stm32l0xx_hal_i2c.c.obj
LOAD CMakeFiles/LoRaNODE.elf.dir/home/alejo/Documents/LoRa_Project_v1/software/Project/global/Drivers/STM32L0xx_HAL_Driver/Src/stm32l0xx_hal_i2c_ex.c.obj
LOAD CMakeFiles/LoRaNODE.elf.dir/home/alejo/Documents/LoRa_Project_v1/software/Project/global/Drivers/STM32L0xx_HAL_Driver/Src/stm32l0xx_hal_i2s.c.obj
LOAD CMakeFiles/LoRaNODE.elf.dir/home/alejo/Documents/LoRa_Project_v1/software/Project/global/Drivers/STM32L0xx_HAL_Driver/Src/stm32l0xx_hal_irda.c.obj
LOAD CMakeFiles/LoRaNODE.elf.dir/home/alejo/Documents/LoRa_Project_v1/software/Project/global/Drivers/STM32L0xx_HAL_Driver/Src/stm32l0xx_hal_iwdg.c.obj
LOAD CMakeFiles/LoRaNODE.elf.dir/home/alejo/Documents/LoRa_Project_v1/software/Project/global/Drivers/STM32L0xx_HAL_Driver/Src/stm32l0xx_hal_lcd.c.obj
LOAD CMakeFiles/LoRaNODE.elf.dir/home/alejo/Documents/LoRa_Project_v1/software/Project/global/Drivers/STM32L0xx_HAL_Driver/Src/stm32l0xx_hal_lptim.c.obj
LOAD CMakeFiles/LoRaNODE.elf.dir/home/alejo/Documents/LoRa_Project_v1/software/Project/global/Drivers/STM32L0xx_HAL_Driver/Src/stm32l0xx_hal_pcd.c.obj
LOAD CMakeFiles/LoRaNODE.elf.dir/home/alejo/Documents/LoRa_Project_v1/software/Project/global/Drivers/STM32L0xx_HAL_Driver/Src/stm32l0xx_hal_pcd_ex.c.obj
LOAD CMakeFiles/LoRaNODE.elf.dir/home/alejo/Documents/LoRa_Project_v1/software/Project/global/Drivers/STM32L0xx_HAL_Driver/Src/stm32l0xx_hal_pwr.c.obj
LOAD CMakeFiles/LoRaNODE.elf.dir/home/alejo/Documents/LoRa_Project_v1/software/Project/global/Drivers/STM32L0xx_HAL_Driver/Src/stm32l0xx_hal_pwr_ex.c.obj
LOAD CMakeFiles/LoRaNODE.elf.dir/home/alejo/Documents/LoRa_Project_v1/software/Project/global/Drivers/STM32L0xx_HAL_Driver/Src/stm32l0xx_hal_rcc.c.obj
LOAD CMakeFiles/LoRaNODE.elf.dir/home/alejo/Documents/LoRa_Project_v1/software/Project/global/Drivers/STM32L0xx_HAL_Driver/Src/stm32l0xx_hal_rcc_ex.c.obj
LOAD CMakeFiles/LoRaNODE.elf.dir/home/alejo/Documents/LoRa_Project_v1/software/Project/global/Drivers/STM32L0xx_HAL_Driver/Src/stm32l0xx_hal_rng.c.obj
LOAD CMakeFiles/LoRaNODE.elf.dir/home/alejo/Documents/LoRa_Project_v1/software/Project/global/Drivers/STM32L0xx_HAL_Driver/Src/stm32l0xx_hal_rtc.c.obj
LOAD CMakeFiles/LoRaNODE.elf.dir/home/alejo/Documents/LoRa_Project_v1/software/Project/global/Drivers/STM32L0xx_HAL_Driver/Src/stm32l0xx_hal_rtc_ex.c.obj
LOAD CMakeFiles/LoRaNODE.elf.dir/home/alejo/Documents/LoRa_Project_v1/software/Project/global/Drivers/STM32L0xx_HAL_Driver/Src/stm32l0xx_hal_smartcard.c.obj
LOAD CMakeFiles/LoRaNODE.elf.dir/home/alejo/Documents/LoRa_Project_v1/software/Project/global/Drivers/STM32L0xx_HAL_Driver/Src/stm32l0xx_hal_smartcard_ex.c.obj
LOAD CMakeFiles/LoRaNODE.elf.dir/home/alejo/Documents/LoRa_Project_v1/software/Project/global/Drivers/STM32L0xx_HAL_Driver/Src/stm32l0xx_hal_smbus.c.obj
LOAD CMakeFiles/LoRaNODE.elf.dir/home/alejo/Documents/LoRa_Project_v1/software/Project/global/Drivers/STM32L0xx_HAL_Driver/Src/stm32l0xx_hal_spi.c.obj
LOAD CMakeFiles/LoRaNODE.elf.dir/home/alejo/Documents/LoRa_Project_v1/software/Project/global/Drivers/STM32L0xx_HAL_Driver/Src/stm32l0xx_hal_tim.c.obj
LOAD CMakeFiles/LoRaNODE.elf.dir/home/alejo/Documents/LoRa_Project_v1/software/Project/global/Drivers/STM32L0xx_HAL_Driver/Src/stm32l0xx_hal_tim_ex.c.obj
LOAD CMakeFiles/LoRaNODE.elf.dir/home/alejo/Documents/LoRa_Project_v1/software/Project/global/Drivers/STM32L0xx_HAL_Driver/Src/stm32l0xx_hal_tsc.c.obj
LOAD CMakeFiles/LoRaNODE.elf.dir/home/alejo/Documents/LoRa_Project_v1/software/Project/global/Drivers/STM32L0xx_HAL_Driver/Src/stm32l0xx_hal_uart.c.obj
LOAD CMakeFiles/LoRaNODE.elf.dir/home/alejo/Documents/LoRa_Project_v1/software/Project/global/Drivers/STM32L0xx_HAL_Driver/Src/stm32l0xx_hal_uart_ex.c.obj
LOAD CMakeFiles/LoRaNODE.elf.dir/home/alejo/Documents/LoRa_Project_v1/software/Project/global/Drivers/STM32L0xx_HAL_Driver/Src/stm32l0xx_hal_usart.c.obj
LOAD CMakeFiles/LoRaNODE.elf.dir/home/alejo/Documents/LoRa_Project_v1/software/Project/global/Drivers/STM32L0xx_HAL_Driver/Src/stm32l0xx_hal_wwdg.c.obj
LOAD CMakeFiles/LoRaNODE.elf.dir/home/alejo/Documents/LoRa_Project_v1/software/Project/global/Drivers/STM32L0xx_HAL_Driver/Src/stm32l0xx_ll_adc.c.obj
LOAD CMakeFiles/LoRaNODE.elf.dir/home/alejo/Documents/LoRa_Project_v1/software/Project/global/Drivers/STM32L0xx_HAL_Driver/Src/stm32l0xx_ll_comp.c.obj
LOAD CMakeFiles/LoRaNODE.elf.dir/home/alejo/Documents/LoRa_Project_v1/software/Project/global/Drivers/STM32L0xx_HAL_Driver/Src/stm32l0xx_ll_crc.c.obj
LOAD CMakeFiles/LoRaNODE.elf.dir/home/alejo/Documents/LoRa_Project_v1/software/Project/global/Drivers/STM32L0xx_HAL_Driver/Src/stm32l0xx_ll_crs.c.obj
LOAD CMakeFiles/LoRaNODE.elf.dir/home/alejo/Documents/LoRa_Project_v1/software/Project/global/Drivers/STM32L0xx_HAL_Driver/Src/stm32l0xx_ll_dac.c.obj
LOAD CMakeFiles/LoRaNODE.elf.dir/home/alejo/Documents/LoRa_Project_v1/software/Project/global/Drivers/STM32L0xx_HAL_Driver/Src/stm32l0xx_ll_dma.c.obj
LOAD CMakeFiles/LoRaNODE.elf.dir/home/alejo/Documents/LoRa_Project_v1/software/Project/global/Drivers/STM32L0xx_HAL_Driver/Src/stm32l0xx_ll_exti.c.obj
LOAD CMakeFiles/LoRaNODE.elf.dir/home/alejo/Documents/LoRa_Project_v1/software/Project/global/Drivers/STM32L0xx_HAL_Driver/Src/stm32l0xx_ll_gpio.c.obj
LOAD CMakeFiles/LoRaNODE.elf.dir/home/alejo/Documents/LoRa_Project_v1/software/Project/global/Drivers/STM32L0xx_HAL_Driver/Src/stm32l0xx_ll_i2c.c.obj
LOAD CMakeFiles/LoRaNODE.elf.dir/home/alejo/Documents/LoRa_Project_v1/software/Project/global/Drivers/STM32L0xx_HAL_Driver/Src/stm32l0xx_ll_lptim.c.obj
LOAD CMakeFiles/LoRaNODE.elf.dir/home/alejo/Documents/LoRa_Project_v1/software/Project/global/Drivers/STM32L0xx_HAL_Driver/Src/stm32l0xx_ll_lpuart.c.obj
LOAD CMakeFiles/LoRaNODE.elf.dir/home/alejo/Documents/LoRa_Project_v1/software/Project/global/Drivers/STM32L0xx_HAL_Driver/Src/stm32l0xx_ll_pwr.c.obj
LOAD CMakeFiles/LoRaNODE.elf.dir/home/alejo/Documents/LoRa_Project_v1/software/Project/global/Drivers/STM32L0xx_HAL_Driver/Src/stm32l0xx_ll_rcc.c.obj
LOAD CMakeFiles/LoRaNODE.elf.dir/home/alejo/Documents/LoRa_Project_v1/software/Project/global/Drivers/STM32L0xx_HAL_Driver/Src/stm32l0xx_ll_rng.c.obj
LOAD CMakeFiles/LoRaNODE.elf.dir/home/alejo/Documents/LoRa_Project_v1/software/Project/global/Drivers/STM32L0xx_HAL_Driver/Src/stm32l0xx_ll_rtc.c.obj
LOAD CMakeFiles/LoRaNODE.elf.dir/home/alejo/Documents/LoRa_Project_v1/software/Project/global/Drivers/STM32L0xx_HAL_Driver/Src/stm32l0xx_ll_spi.c.obj
LOAD CMakeFiles/LoRaNODE.elf.dir/home/alejo/Documents/LoRa_Project_v1/software/Project/global/Drivers/STM32L0xx_HAL_Driver/Src/stm32l0xx_ll_tim.c.obj
LOAD CMakeFiles/LoRaNODE.elf.dir/home/alejo/Documents/LoRa_Project_v1/software/Project/global/Drivers/STM32L0xx_HAL_Driver/Src/stm32l0xx_ll_usart.c.obj
LOAD CMakeFiles/LoRaNODE.elf.dir/home/alejo/Documents/LoRa_Project_v1/software/Project/global/Drivers/STM32L0xx_HAL_Driver/Src/stm32l0xx_ll_utils.c.obj
LOAD CMakeFiles/LoRaNODE.elf.dir/home/alejo/Documents/LoRa_Project_v1/software/Project/global/Drivers/CMSIS/Device/ST/STM32L0xx/Source/Templates/system_stm32l0xx.c.obj
LOAD CMakeFiles/LoRaNODE.elf.dir/home/alejo/Documents/LoRa_Project_v1/software/Project/global/Drivers/BSP/B-L072Z-LRWAN1/b-l072z-lrwan1.c.obj
LOAD CMakeFiles/LoRaNODE.elf.dir/home/alejo/Documents/LoRa_Project_v1/software/Project/global/Core/BOARDS/B-L072Z-LRWAN1/src/mlm32l0xx_hal_msp.c.obj
LOAD CMakeFiles/LoRaNODE.elf.dir/home/alejo/Documents/LoRa_Project_v1/software/Project/global/Core/BOARDS/B-L072Z-LRWAN1/src/mlm32l0xx_hw.c.obj
LOAD CMakeFiles/LoRaNODE.elf.dir/home/alejo/Documents/LoRa_Project_v1/software/Project/global/Core/BOARDS/B-L072Z-LRWAN1/src/mlm32l0xx_it.c.obj
LOAD CMakeFiles/LoRaNODE.elf.dir/home/alejo/Documents/LoRa_Project_v1/software/Project/global/Drivers/BSP/CMWX1ZZABZ-0xx/mlm32l07x01.c.obj
LOAD CMakeFiles/LoRaNODE.elf.dir/home/alejo/Documents/LoRa_Project_v1/software/Project/global/Drivers/BSP/Components/sx1276/sx1276.c.obj
LOAD CMakeFiles/LoRaNODE.elf.dir/home/alejo/Documents/LoRa_Project_v1/software/Project/global/Middlewares/Third_Party/FreeRTOS/Source/CMSIS_RTOS/cmsis_os.c.obj
LOAD CMakeFiles/LoRaNODE.elf.dir/home/alejo/Documents/LoRa_Project_v1/software/Project/global/Middlewares/Third_Party/FreeRTOS/Source/croutine.c.obj
LOAD CMakeFiles/LoRaNODE.elf.dir/home/alejo/Documents/LoRa_Project_v1/software/Project/global/Middlewares/Third_Party/FreeRTOS/Source/event_groups.c.obj
LOAD CMakeFiles/LoRaNODE.elf.dir/home/alejo/Documents/LoRa_Project_v1/software/Project/global/Middlewares/Third_Party/FreeRTOS/Source/list.c.obj
LOAD CMakeFiles/LoRaNODE.elf.dir/home/alejo/Documents/LoRa_Project_v1/software/Project/global/Middlewares/Third_Party/FreeRTOS/Source/portable/GCC/ARM_CM0/port.c.obj
LOAD CMakeFiles/LoRaNODE.elf.dir/home/alejo/Documents/LoRa_Project_v1/software/Project/global/Middlewares/Third_Party/FreeRTOS/Source/portable/MemMang/heap_4.c.obj
LOAD CMakeFiles/LoRaNODE.elf.dir/home/alejo/Documents/LoRa_Project_v1/software/Project/global/Middlewares/Third_Party/FreeRTOS/Source/queue.c.obj
LOAD CMakeFiles/LoRaNODE.elf.dir/home/alejo/Documents/LoRa_Project_v1/software/Project/global/Middlewares/Third_Party/FreeRTOS/Source/tasks.c.obj
LOAD CMakeFiles/LoRaNODE.elf.dir/home/alejo/Documents/LoRa_Project_v1/software/Project/global/Middlewares/Third_Party/FreeRTOS/Source/timers.c.obj
LOAD CMakeFiles/LoRaNODE.elf.dir/Src/freertos.c.obj
LOAD CMakeFiles/LoRaNODE.elf.dir/Src/main.c.obj
LOAD CMakeFiles/LoRaNODE.elf.dir/home/alejo/Documents/LoRa_Project_v1/software/Project/global/Core/utils/src/LowPower.c.obj
LOAD CMakeFiles/LoRaNODE.elf.dir/home/alejo/Documents/LoRa_Project_v1/software/Project/global/Core/utils/src/circular.c.obj
LOAD CMakeFiles/LoRaNODE.elf.dir/home/alejo/Documents/LoRa_Project_v1/software/Project/global/Core/utils/src/fsm.c.obj
LOAD CMakeFiles/LoRaNODE.elf.dir/home/alejo/Documents/LoRa_Project_v1/software/Project/global/Core/utils/src/queue_c.c.obj
LOAD CMakeFiles/LoRaNODE.elf.dir/home/alejo/Documents/LoRa_Project_v1/software/Project/global/Core/utils/src/timeServer.c.obj
LOAD CMakeFiles/LoRaNODE.elf.dir/home/alejo/Documents/LoRa_Project_v1/software/Project/global/Core/utils/src/trace.c.obj
LOAD CMakeFiles/LoRaNODE.elf.dir/home/alejo/Documents/LoRa_Project_v1/software/Project/global/Core/utils/src/utilities.c.obj
LOAD CMakeFiles/LoRaNODE.elf.dir/home/alejo/Documents/LoRa_Project_v1/software/Project/global/Core/hw/src/hw_gpio.c.obj
LOAD CMakeFiles/LoRaNODE.elf.dir/home/alejo/Documents/LoRa_Project_v1/software/Project/global/Core/hw/src/hw_rtc.c.obj
LOAD CMakeFiles/LoRaNODE.elf.dir/home/alejo/Documents/LoRa_Project_v1/software/Project/global/Core/hw/src/hw_spi.c.obj
LOAD CMakeFiles/LoRaNODE.elf.dir/home/alejo/Documents/LoRa_Project_v1/software/Project/global/Core/hw/src/hw_uart.c.obj
LOAD CMakeFiles/LoRaNODE.elf.dir/home/alejo/Documents/LoRa_Project_v1/software/Project/global/Drivers/AD7194/src/extADC.c.obj
LOAD CMakeFiles/LoRaNODE.elf.dir/home/alejo/Documents/LoRa_Project_v1/software/Project/global/Drivers/CMSIS/Device/ST/STM32L0xx/Source/Templates/gcc/startup_stm32l072xx.s.obj
START GROUP
LOAD /opt/gcc-arm-none-eabi-8-2018-q4-major/bin/../lib/gcc/arm-none-eabi/8.2.1/thumb/v6-m/nofp/libgcc.a
LOAD /opt/gcc-arm-none-eabi-8-2018-q4-major/bin/../lib/gcc/arm-none-eabi/8.2.1/../../../../arm-none-eabi/lib/thumb/v6-m/nofp/libg.a
LOAD /opt/gcc-arm-none-eabi-8-2018-q4-major/bin/../lib/gcc/arm-none-eabi/8.2.1/../../../../arm-none-eabi/lib/thumb/v6-m/nofp/libc.a
END GROUP
START GROUP
LOAD /opt/gcc-arm-none-eabi-8-2018-q4-major/bin/../lib/gcc/arm-none-eabi/8.2.1/thumb/v6-m/nofp/libgcc.a
LOAD /opt/gcc-arm-none-eabi-8-2018-q4-major/bin/../lib/gcc/arm-none-eabi/8.2.1/../../../../arm-none-eabi/lib/thumb/v6-m/nofp/libc.a
LOAD /opt/gcc-arm-none-eabi-8-2018-q4-major/bin/../lib/gcc/arm-none-eabi/8.2.1/../../../../arm-none-eabi/lib/thumb/v6-m/nofp/libnosys.a
END GROUP
LOAD /opt/gcc-arm-none-eabi-8-2018-q4-major/bin/../lib/gcc/arm-none-eabi/8.2.1/thumb/v6-m/nofp/crtend.o
LOAD /opt/gcc-arm-none-eabi-8-2018-q4-major/bin/../lib/gcc/arm-none-eabi/8.2.1/thumb/v6-m/nofp/crtn.o
                0x0000000020005000                _estack = 0x20005000
                0x0000000000000200                _Min_Heap_Size = 0x200
                0x0000000000000400                _Min_Stack_Size = 0x400

.isr_vector     0x0000000008000000       0xc0
                0x0000000008000000                . = ALIGN (0x4)
 *(.isr_vector)
 .isr_vector    0x0000000008000000       0xc0 CMakeFiles/LoRaNODE.elf.dir/home/alejo/Documents/LoRa_Project_v1/software/Project/global/Drivers/CMSIS/Device/ST/STM32L0xx/Source/Templates/gcc/startup_stm32l072xx.s.obj
                0x0000000008000000                g_pfnVectors
                0x00000000080000c0                . = ALIGN (0x4)

.text           0x00000000080000c0    0x11fa0
                0x00000000080000c0                . = ALIGN (0x4)
 *(.text)
 .text          0x00000000080000c0       0x48 /opt/gcc-arm-none-eabi-8-2018-q4-major/bin/../lib/gcc/arm-none-eabi/8.2.1/thumb/v6-m/nofp/crtbegin.o
 .text          0x0000000008000108      0x114 /opt/gcc-arm-none-eabi-8-2018-q4-major/bin/../lib/gcc/arm-none-eabi/8.2.1/thumb/v6-m/nofp/libgcc.a(_udivsi3.o)
                0x0000000008000108                __udivsi3
                0x0000000008000108                __aeabi_uidiv
                0x0000000008000214                __aeabi_uidivmod
 .text          0x000000000800021c      0x1d4 /opt/gcc-arm-none-eabi-8-2018-q4-major/bin/../lib/gcc/arm-none-eabi/8.2.1/thumb/v6-m/nofp/libgcc.a(_divsi3.o)
                0x000000000800021c                __aeabi_idiv
                0x000000000800021c                __divsi3
                0x00000000080003e8                __aeabi_idivmod
 .text          0x00000000080003f0        0x4 /opt/gcc-arm-none-eabi-8-2018-q4-major/bin/../lib/gcc/arm-none-eabi/8.2.1/thumb/v6-m/nofp/libgcc.a(_dvmd_tls.o)
                0x00000000080003f0                __aeabi_ldiv0
                0x00000000080003f0                __aeabi_idiv0
 .text          0x00000000080003f4       0x7c /opt/gcc-arm-none-eabi-8-2018-q4-major/bin/../lib/gcc/arm-none-eabi/8.2.1/thumb/v6-m/nofp/libgcc.a(_arm_cmpdf2.o)
                0x00000000080003f4                __aeabi_cdrcmple
                0x0000000008000404                __aeabi_cdcmple
                0x0000000008000404                __aeabi_cdcmpeq
                0x0000000008000414                __aeabi_dcmpeq
                0x0000000008000420                __aeabi_dcmplt
                0x0000000008000434                __aeabi_dcmple
                0x0000000008000448                __aeabi_dcmpgt
                0x000000000800045c                __aeabi_dcmpge
 .text          0x0000000008000470       0x40 /opt/gcc-arm-none-eabi-8-2018-q4-major/bin/../lib/gcc/arm-none-eabi/8.2.1/thumb/v6-m/nofp/libgcc.a(_aeabi_uldivmod.o)
                0x0000000008000470                __aeabi_uldivmod
 .text          0x00000000080004b0       0x3c /opt/gcc-arm-none-eabi-8-2018-q4-major/bin/../lib/gcc/arm-none-eabi/8.2.1/thumb/v6-m/nofp/libgcc.a(_fixunsdfsi.o)
                0x00000000080004b0                __fixunsdfsi
                0x00000000080004b0                __aeabi_d2uiz
 .text          0x00000000080004ec      0x1a4 /opt/gcc-arm-none-eabi-8-2018-q4-major/bin/../lib/gcc/arm-none-eabi/8.2.1/thumb/v6-m/nofp/libgcc.a(_udivmoddi4.o)
                0x00000000080004ec                __udivmoddi4
 .text          0x0000000008000690      0x230 /opt/gcc-arm-none-eabi-8-2018-q4-major/bin/../lib/gcc/arm-none-eabi/8.2.1/thumb/v6-m/nofp/libgcc.a(divsf3.o)
                0x0000000008000690                __aeabi_fdiv
 .text          0x00000000080008c0      0x22c /opt/gcc-arm-none-eabi-8-2018-q4-major/bin/../lib/gcc/arm-none-eabi/8.2.1/thumb/v6-m/nofp/libgcc.a(mulsf3.o)
                0x00000000080008c0                __aeabi_fmul
 .text          0x0000000008000aec      0x34c /opt/gcc-arm-none-eabi-8-2018-q4-major/bin/../lib/gcc/arm-none-eabi/8.2.1/thumb/v6-m/nofp/libgcc.a(subsf3.o)
                0x0000000008000aec                __aeabi_fsub
 .text          0x0000000008000e38       0x80 /opt/gcc-arm-none-eabi-8-2018-q4-major/bin/../lib/gcc/arm-none-eabi/8.2.1/thumb/v6-m/nofp/libgcc.a(floatunsisf.o)
                0x0000000008000e38                __aeabi_ui2f
 .text          0x0000000008000eb8      0x6ec /opt/gcc-arm-none-eabi-8-2018-q4-major/bin/../lib/gcc/arm-none-eabi/8.2.1/thumb/v6-m/nofp/libgcc.a(adddf3.o)
                0x0000000008000eb8                __aeabi_dadd
 .text          0x00000000080015a4      0x5ec /opt/gcc-arm-none-eabi-8-2018-q4-major/bin/../lib/gcc/arm-none-eabi/8.2.1/thumb/v6-m/nofp/libgcc.a(divdf3.o)
                0x00000000080015a4                __aeabi_ddiv
 .text          0x0000000008001b90       0x80 /opt/gcc-arm-none-eabi-8-2018-q4-major/bin/../lib/gcc/arm-none-eabi/8.2.1/thumb/v6-m/nofp/libgcc.a(eqdf2.o)
                0x0000000008001b90                __eqdf2
                0x0000000008001b90                __nedf2
 .text          0x0000000008001c10       0xc8 /opt/gcc-arm-none-eabi-8-2018-q4-major/bin/../lib/gcc/arm-none-eabi/8.2.1/thumb/v6-m/nofp/libgcc.a(gedf2.o)
                0x0000000008001c10                __gtdf2
                0x0000000008001c10                __gedf2
 .text          0x0000000008001cd8       0xc8 /opt/gcc-arm-none-eabi-8-2018-q4-major/bin/../lib/gcc/arm-none-eabi/8.2.1/thumb/v6-m/nofp/libgcc.a(ledf2.o)
                0x0000000008001cd8                __ltdf2
                0x0000000008001cd8                __ledf2
 .text          0x0000000008001da0      0x510 /opt/gcc-arm-none-eabi-8-2018-q4-major/bin/../lib/gcc/arm-none-eabi/8.2.1/thumb/v6-m/nofp/libgcc.a(muldf3.o)
                0x0000000008001da0                __aeabi_dmul
 .text          0x00000000080022b0      0x730 /opt/gcc-arm-none-eabi-8-2018-q4-major/bin/../lib/gcc/arm-none-eabi/8.2.1/thumb/v6-m/nofp/libgcc.a(subdf3.o)
                0x00000000080022b0                __aeabi_dsub
 .text          0x00000000080029e0       0x6c /opt/gcc-arm-none-eabi-8-2018-q4-major/bin/../lib/gcc/arm-none-eabi/8.2.1/thumb/v6-m/nofp/libgcc.a(fixdfsi.o)
                0x00000000080029e0                __aeabi_d2iz
 .text          0x0000000008002a4c       0x78 /opt/gcc-arm-none-eabi-8-2018-q4-major/bin/../lib/gcc/arm-none-eabi/8.2.1/thumb/v6-m/nofp/libgcc.a(floatsidf.o)
                0x0000000008002a4c                __aeabi_i2d
 .text          0x0000000008002ac4       0x64 /opt/gcc-arm-none-eabi-8-2018-q4-major/bin/../lib/gcc/arm-none-eabi/8.2.1/thumb/v6-m/nofp/libgcc.a(floatunsidf.o)
                0x0000000008002ac4                __aeabi_ui2d
 .text          0x0000000008002b28       0xa4 /opt/gcc-arm-none-eabi-8-2018-q4-major/bin/../lib/gcc/arm-none-eabi/8.2.1/thumb/v6-m/nofp/libgcc.a(extendsfdf2.o)
                0x0000000008002b28                __aeabi_f2d
 .text          0x0000000008002bcc       0x3c /opt/gcc-arm-none-eabi-8-2018-q4-major/bin/../lib/gcc/arm-none-eabi/8.2.1/thumb/v6-m/nofp/libgcc.a(_clzsi2.o)
                0x0000000008002bcc                __clzsi2
 .text          0x0000000008002c08       0x18 /opt/gcc-arm-none-eabi-8-2018-q4-major/bin/../lib/gcc/arm-none-eabi/8.2.1/thumb/v6-m/nofp/libgcc.a(_clzdi2.o)
                0x0000000008002c08                __clzdi2
 .text          0x0000000008002c20       0x38 /opt/gcc-arm-none-eabi-8-2018-q4-major/bin/../lib/gcc/arm-none-eabi/8.2.1/thumb/v6-m/nofp/libgcc.a(unorddf2.o)
                0x0000000008002c20                __aeabi_dcmpun
 *(.text*)
 .text.HAL_Init
                0x0000000008002c58       0x28 CMakeFiles/LoRaNODE.elf.dir/home/alejo/Documents/LoRa_Project_v1/software/Project/global/Drivers/STM32L0xx_HAL_Driver/Src/stm32l0xx_hal.c.obj
                0x0000000008002c58                HAL_Init
 .text.HAL_IncTick
                0x0000000008002c80       0x18 CMakeFiles/LoRaNODE.elf.dir/home/alejo/Documents/LoRa_Project_v1/software/Project/global/Drivers/STM32L0xx_HAL_Driver/Src/stm32l0xx_hal.c.obj
                0x0000000008002c80                HAL_IncTick
 .text.HAL_GetTick
                0x0000000008002c98       0x14 CMakeFiles/LoRaNODE.elf.dir/home/alejo/Documents/LoRa_Project_v1/software/Project/global/Drivers/STM32L0xx_HAL_Driver/Src/stm32l0xx_hal.c.obj
                0x0000000008002c98                HAL_GetTick
 .text.__NVIC_EnableIRQ
                0x0000000008002cac       0x34 CMakeFiles/LoRaNODE.elf.dir/home/alejo/Documents/LoRa_Project_v1/software/Project/global/Drivers/STM32L0xx_HAL_Driver/Src/stm32l0xx_hal_cortex.c.obj
 .text.__NVIC_SetPriority
                0x0000000008002ce0       0xdc CMakeFiles/LoRaNODE.elf.dir/home/alejo/Documents/LoRa_Project_v1/software/Project/global/Drivers/STM32L0xx_HAL_Driver/Src/stm32l0xx_hal_cortex.c.obj
 .text.SysTick_Config
                0x0000000008002dbc       0x48 CMakeFiles/LoRaNODE.elf.dir/home/alejo/Documents/LoRa_Project_v1/software/Project/global/Drivers/STM32L0xx_HAL_Driver/Src/stm32l0xx_hal_cortex.c.obj
 .text.HAL_NVIC_SetPriority
                0x0000000008002e04       0x2a CMakeFiles/LoRaNODE.elf.dir/home/alejo/Documents/LoRa_Project_v1/software/Project/global/Drivers/STM32L0xx_HAL_Driver/Src/stm32l0xx_hal_cortex.c.obj
                0x0000000008002e04                HAL_NVIC_SetPriority
 .text.HAL_NVIC_EnableIRQ
                0x0000000008002e2e       0x20 CMakeFiles/LoRaNODE.elf.dir/home/alejo/Documents/LoRa_Project_v1/software/Project/global/Drivers/STM32L0xx_HAL_Driver/Src/stm32l0xx_hal_cortex.c.obj
                0x0000000008002e2e                HAL_NVIC_EnableIRQ
 .text.HAL_SYSTICK_Config
                0x0000000008002e4e       0x1a CMakeFiles/LoRaNODE.elf.dir/home/alejo/Documents/LoRa_Project_v1/software/Project/global/Drivers/STM32L0xx_HAL_Driver/Src/stm32l0xx_hal_cortex.c.obj
                0x0000000008002e4e                HAL_SYSTICK_Config
 .text.HAL_SYSTICK_CLKSourceConfig
                0x0000000008002e68       0x34 CMakeFiles/LoRaNODE.elf.dir/home/alejo/Documents/LoRa_Project_v1/software/Project/global/Drivers/STM32L0xx_HAL_Driver/Src/stm32l0xx_hal_cortex.c.obj
                0x0000000008002e68                HAL_SYSTICK_CLKSourceConfig
 .text.HAL_DMA_Abort_IT
                0x0000000008002e9c       0xfc CMakeFiles/LoRaNODE.elf.dir/home/alejo/Documents/LoRa_Project_v1/software/Project/global/Drivers/STM32L0xx_HAL_Driver/Src/stm32l0xx_hal_dma.c.obj
                0x0000000008002e9c                HAL_DMA_Abort_IT
 .text.HAL_GPIO_Init
                0x0000000008002f98      0x2fc CMakeFiles/LoRaNODE.elf.dir/home/alejo/Documents/LoRa_Project_v1/software/Project/global/Drivers/STM32L0xx_HAL_Driver/Src/stm32l0xx_hal_gpio.c.obj
                0x0000000008002f98                HAL_GPIO_Init
 .text.HAL_GPIO_ReadPin
                0x0000000008003294       0x3a CMakeFiles/LoRaNODE.elf.dir/home/alejo/Documents/LoRa_Project_v1/software/Project/global/Drivers/STM32L0xx_HAL_Driver/Src/stm32l0xx_hal_gpio.c.obj
                0x0000000008003294                HAL_GPIO_ReadPin
 .text.HAL_GPIO_WritePin
                0x00000000080032ce       0x3a CMakeFiles/LoRaNODE.elf.dir/home/alejo/Documents/LoRa_Project_v1/software/Project/global/Drivers/STM32L0xx_HAL_Driver/Src/stm32l0xx_hal_gpio.c.obj
                0x00000000080032ce                HAL_GPIO_WritePin
 .text.HAL_GPIO_EXTI_IRQHandler
                0x0000000008003308       0x38 CMakeFiles/LoRaNODE.elf.dir/home/alejo/Documents/LoRa_Project_v1/software/Project/global/Drivers/STM32L0xx_HAL_Driver/Src/stm32l0xx_hal_gpio.c.obj
                0x0000000008003308                HAL_GPIO_EXTI_IRQHandler
 .text.HAL_PWR_DisablePVD
                0x0000000008003340       0x1c CMakeFiles/LoRaNODE.elf.dir/home/alejo/Documents/LoRa_Project_v1/software/Project/global/Drivers/STM32L0xx_HAL_Driver/Src/stm32l0xx_hal_pwr.c.obj
                0x0000000008003340                HAL_PWR_DisablePVD
 .text.HAL_PWREx_EnableFastWakeUp
                0x000000000800335c       0x1c CMakeFiles/LoRaNODE.elf.dir/home/alejo/Documents/LoRa_Project_v1/software/Project/global/Drivers/STM32L0xx_HAL_Driver/Src/stm32l0xx_hal_pwr_ex.c.obj
                0x000000000800335c                HAL_PWREx_EnableFastWakeUp
 .text.HAL_PWREx_EnableUltraLowPower
                0x0000000008003378       0x1c CMakeFiles/LoRaNODE.elf.dir/home/alejo/Documents/LoRa_Project_v1/software/Project/global/Drivers/STM32L0xx_HAL_Driver/Src/stm32l0xx_hal_pwr_ex.c.obj
                0x0000000008003378                HAL_PWREx_EnableUltraLowPower
 .text.HAL_RCC_OscConfig
                0x0000000008003394      0x750 CMakeFiles/LoRaNODE.elf.dir/home/alejo/Documents/LoRa_Project_v1/software/Project/global/Drivers/STM32L0xx_HAL_Driver/Src/stm32l0xx_hal_rcc.c.obj
                0x0000000008003394                HAL_RCC_OscConfig
 .text.HAL_RCC_ClockConfig
                0x0000000008003ae4      0x238 CMakeFiles/LoRaNODE.elf.dir/home/alejo/Documents/LoRa_Project_v1/software/Project/global/Drivers/STM32L0xx_HAL_Driver/Src/stm32l0xx_hal_rcc.c.obj
                0x0000000008003ae4                HAL_RCC_ClockConfig
 .text.HAL_RCC_GetSysClockFreq
                0x0000000008003d1c      0x120 CMakeFiles/LoRaNODE.elf.dir/home/alejo/Documents/LoRa_Project_v1/software/Project/global/Drivers/STM32L0xx_HAL_Driver/Src/stm32l0xx_hal_rcc.c.obj
                0x0000000008003d1c                HAL_RCC_GetSysClockFreq
 .text.HAL_RCC_GetHCLKFreq
                0x0000000008003e3c       0x14 CMakeFiles/LoRaNODE.elf.dir/home/alejo/Documents/LoRa_Project_v1/software/Project/global/Drivers/STM32L0xx_HAL_Driver/Src/stm32l0xx_hal_rcc.c.obj
                0x0000000008003e3c                HAL_RCC_GetHCLKFreq
 .text.HAL_RCC_GetPCLK1Freq
                0x0000000008003e50       0x2c CMakeFiles/LoRaNODE.elf.dir/home/alejo/Documents/LoRa_Project_v1/software/Project/global/Drivers/STM32L0xx_HAL_Driver/Src/stm32l0xx_hal_rcc.c.obj
                0x0000000008003e50                HAL_RCC_GetPCLK1Freq
 .text.HAL_RCC_GetPCLK2Freq
                0x0000000008003e7c       0x2c CMakeFiles/LoRaNODE.elf.dir/home/alejo/Documents/LoRa_Project_v1/software/Project/global/Drivers/STM32L0xx_HAL_Driver/Src/stm32l0xx_hal_rcc.c.obj
                0x0000000008003e7c                HAL_RCC_GetPCLK2Freq
 .text.RCC_SetFlashLatencyFromMSIRange
                0x0000000008003ea8       0xb0 CMakeFiles/LoRaNODE.elf.dir/home/alejo/Documents/LoRa_Project_v1/software/Project/global/Drivers/STM32L0xx_HAL_Driver/Src/stm32l0xx_hal_rcc.c.obj
 .text.HAL_RCCEx_PeriphCLKConfig
                0x0000000008003f58      0x2b0 CMakeFiles/LoRaNODE.elf.dir/home/alejo/Documents/LoRa_Project_v1/software/Project/global/Drivers/STM32L0xx_HAL_Driver/Src/stm32l0xx_hal_rcc_ex.c.obj
                0x0000000008003f58                HAL_RCCEx_PeriphCLKConfig
 .text.HAL_RCCEx_GetPeriphCLKFreq
                0x0000000008004208      0x3f8 CMakeFiles/LoRaNODE.elf.dir/home/alejo/Documents/LoRa_Project_v1/software/Project/global/Drivers/STM32L0xx_HAL_Driver/Src/stm32l0xx_hal_rcc_ex.c.obj
                0x0000000008004208                HAL_RCCEx_GetPeriphCLKFreq
 .text.HAL_RTC_Init
                0x0000000008004600      0x108 CMakeFiles/LoRaNODE.elf.dir/home/alejo/Documents/LoRa_Project_v1/software/Project/global/Drivers/STM32L0xx_HAL_Driver/Src/stm32l0xx_hal_rtc.c.obj
                0x0000000008004600                HAL_RTC_Init
 .text.HAL_RTC_SetTime
                0x0000000008004708      0x19c CMakeFiles/LoRaNODE.elf.dir/home/alejo/Documents/LoRa_Project_v1/software/Project/global/Drivers/STM32L0xx_HAL_Driver/Src/stm32l0xx_hal_rtc.c.obj
                0x0000000008004708                HAL_RTC_SetTime
 .text.HAL_RTC_GetTime
                0x00000000080048a4       0xbc CMakeFiles/LoRaNODE.elf.dir/home/alejo/Documents/LoRa_Project_v1/software/Project/global/Drivers/STM32L0xx_HAL_Driver/Src/stm32l0xx_hal_rtc.c.obj
                0x00000000080048a4                HAL_RTC_GetTime
 .text.HAL_RTC_SetDate
                0x0000000008004960      0x17c CMakeFiles/LoRaNODE.elf.dir/home/alejo/Documents/LoRa_Project_v1/software/Project/global/Drivers/STM32L0xx_HAL_Driver/Src/stm32l0xx_hal_rtc.c.obj
                0x0000000008004960                HAL_RTC_SetDate
 .text.HAL_RTC_GetDate
                0x0000000008004adc       0xa0 CMakeFiles/LoRaNODE.elf.dir/home/alejo/Documents/LoRa_Project_v1/software/Project/global/Drivers/STM32L0xx_HAL_Driver/Src/stm32l0xx_hal_rtc.c.obj
                0x0000000008004adc                HAL_RTC_GetDate
 .text.HAL_RTC_SetAlarm_IT
                0x0000000008004b7c      0x2e0 CMakeFiles/LoRaNODE.elf.dir/home/alejo/Documents/LoRa_Project_v1/software/Project/global/Drivers/STM32L0xx_HAL_Driver/Src/stm32l0xx_hal_rtc.c.obj
                0x0000000008004b7c                HAL_RTC_SetAlarm_IT
 .text.HAL_RTC_DeactivateAlarm
                0x0000000008004e5c      0x144 CMakeFiles/LoRaNODE.elf.dir/home/alejo/Documents/LoRa_Project_v1/software/Project/global/Drivers/STM32L0xx_HAL_Driver/Src/stm32l0xx_hal_rtc.c.obj
                0x0000000008004e5c                HAL_RTC_DeactivateAlarm
 .text.HAL_RTC_WaitForSynchro
                0x0000000008004fa0       0x52 CMakeFiles/LoRaNODE.elf.dir/home/alejo/Documents/LoRa_Project_v1/software/Project/global/Drivers/STM32L0xx_HAL_Driver/Src/stm32l0xx_hal_rtc.c.obj
                0x0000000008004fa0                HAL_RTC_WaitForSynchro
 .text.RTC_EnterInitMode
                0x0000000008004ff2       0x58 CMakeFiles/LoRaNODE.elf.dir/home/alejo/Documents/LoRa_Project_v1/software/Project/global/Drivers/STM32L0xx_HAL_Driver/Src/stm32l0xx_hal_rtc.c.obj
                0x0000000008004ff2                RTC_EnterInitMode
 .text.RTC_ByteToBcd2
                0x000000000800504a       0x42 CMakeFiles/LoRaNODE.elf.dir/home/alejo/Documents/LoRa_Project_v1/software/Project/global/Drivers/STM32L0xx_HAL_Driver/Src/stm32l0xx_hal_rtc.c.obj
                0x000000000800504a                RTC_ByteToBcd2
 .text.RTC_Bcd2ToByte
                0x000000000800508c       0x3e CMakeFiles/LoRaNODE.elf.dir/home/alejo/Documents/LoRa_Project_v1/software/Project/global/Drivers/STM32L0xx_HAL_Driver/Src/stm32l0xx_hal_rtc.c.obj
                0x000000000800508c                RTC_Bcd2ToByte
 .text.HAL_RTCEx_EnableBypassShadow
                0x00000000080050ca       0x68 CMakeFiles/LoRaNODE.elf.dir/home/alejo/Documents/LoRa_Project_v1/software/Project/global/Drivers/STM32L0xx_HAL_Driver/Src/stm32l0xx_hal_rtc_ex.c.obj
                0x00000000080050ca                HAL_RTCEx_EnableBypassShadow
 *fill*         0x0000000008005132        0x2 
 .text.HAL_SPI_Init
                0x0000000008005134       0xd8 CMakeFiles/LoRaNODE.elf.dir/home/alejo/Documents/LoRa_Project_v1/software/Project/global/Drivers/STM32L0xx_HAL_Driver/Src/stm32l0xx_hal_spi.c.obj
                0x0000000008005134                HAL_SPI_Init
 .text.HAL_SPI_MspInit
                0x000000000800520c       0x10 CMakeFiles/LoRaNODE.elf.dir/home/alejo/Documents/LoRa_Project_v1/software/Project/global/Drivers/STM32L0xx_HAL_Driver/Src/stm32l0xx_hal_spi.c.obj
                0x000000000800520c                HAL_SPI_MspInit
 .text.HAL_SPI_Transmit
                0x000000000800521c      0x2a0 CMakeFiles/LoRaNODE.elf.dir/home/alejo/Documents/LoRa_Project_v1/software/Project/global/Drivers/STM32L0xx_HAL_Driver/Src/stm32l0xx_hal_spi.c.obj
                0x000000000800521c                HAL_SPI_Transmit
 .text.HAL_SPI_Receive
                0x00000000080054bc      0x33c CMakeFiles/LoRaNODE.elf.dir/home/alejo/Documents/LoRa_Project_v1/software/Project/global/Drivers/STM32L0xx_HAL_Driver/Src/stm32l0xx_hal_spi.c.obj
                0x00000000080054bc                HAL_SPI_Receive
 .text.HAL_SPI_TransmitReceive
                0x00000000080057f8      0x4f0 CMakeFiles/LoRaNODE.elf.dir/home/alejo/Documents/LoRa_Project_v1/software/Project/global/Drivers/STM32L0xx_HAL_Driver/Src/stm32l0xx_hal_spi.c.obj
                0x00000000080057f8                HAL_SPI_TransmitReceive
 .text.SPI_WaitOnFlagUntilTimeout
                0x0000000008005ce8      0x154 CMakeFiles/LoRaNODE.elf.dir/home/alejo/Documents/LoRa_Project_v1/software/Project/global/Drivers/STM32L0xx_HAL_Driver/Src/stm32l0xx_hal_spi.c.obj
 .text.HAL_UART_Init
                0x0000000008005e3c       0xb0 CMakeFiles/LoRaNODE.elf.dir/home/alejo/Documents/LoRa_Project_v1/software/Project/global/Drivers/STM32L0xx_HAL_Driver/Src/stm32l0xx_hal_uart.c.obj
                0x0000000008005e3c                HAL_UART_Init
 .text.HAL_UART_Transmit
                0x0000000008005eec      0x144 CMakeFiles/LoRaNODE.elf.dir/home/alejo/Documents/LoRa_Project_v1/software/Project/global/Drivers/STM32L0xx_HAL_Driver/Src/stm32l0xx_hal_uart.c.obj
                0x0000000008005eec                HAL_UART_Transmit
 .text.HAL_UART_Receive_IT
                0x0000000008006030      0x13c CMakeFiles/LoRaNODE.elf.dir/home/alejo/Documents/LoRa_Project_v1/software/Project/global/Drivers/STM32L0xx_HAL_Driver/Src/stm32l0xx_hal_uart.c.obj
                0x0000000008006030                HAL_UART_Receive_IT
 .text.HAL_UART_IRQHandler
                0x000000000800616c      0x22c CMakeFiles/LoRaNODE.elf.dir/home/alejo/Documents/LoRa_Project_v1/software/Project/global/Drivers/STM32L0xx_HAL_Driver/Src/stm32l0xx_hal_uart.c.obj
                0x000000000800616c                HAL_UART_IRQHandler
 .text.HAL_UART_TxCpltCallback
                0x0000000008006398       0x10 CMakeFiles/LoRaNODE.elf.dir/home/alejo/Documents/LoRa_Project_v1/software/Project/global/Drivers/STM32L0xx_HAL_Driver/Src/stm32l0xx_hal_uart.c.obj
                0x0000000008006398                HAL_UART_TxCpltCallback
 .text.HAL_UART_ErrorCallback
                0x00000000080063a8       0x10 CMakeFiles/LoRaNODE.elf.dir/home/alejo/Documents/LoRa_Project_v1/software/Project/global/Drivers/STM32L0xx_HAL_Driver/Src/stm32l0xx_hal_uart.c.obj
                0x00000000080063a8                HAL_UART_ErrorCallback
 .text.UART_SetConfig
                0x00000000080063b8      0x68c CMakeFiles/LoRaNODE.elf.dir/home/alejo/Documents/LoRa_Project_v1/software/Project/global/Drivers/STM32L0xx_HAL_Driver/Src/stm32l0xx_hal_uart.c.obj
                0x00000000080063b8                UART_SetConfig
 .text.UART_AdvFeatureConfig
                0x0000000008006a44      0x168 CMakeFiles/LoRaNODE.elf.dir/home/alejo/Documents/LoRa_Project_v1/software/Project/global/Drivers/STM32L0xx_HAL_Driver/Src/stm32l0xx_hal_uart.c.obj
                0x0000000008006a44                UART_AdvFeatureConfig
 .text.UART_CheckIdleState
                0x0000000008006bac       0x94 CMakeFiles/LoRaNODE.elf.dir/home/alejo/Documents/LoRa_Project_v1/software/Project/global/Drivers/STM32L0xx_HAL_Driver/Src/stm32l0xx_hal_uart.c.obj
                0x0000000008006bac                UART_CheckIdleState
 .text.UART_WaitOnFlagUntilTimeout
                0x0000000008006c40       0x98 CMakeFiles/LoRaNODE.elf.dir/home/alejo/Documents/LoRa_Project_v1/software/Project/global/Drivers/STM32L0xx_HAL_Driver/Src/stm32l0xx_hal_uart.c.obj
                0x0000000008006c40                UART_WaitOnFlagUntilTimeout
 .text.UART_EndRxTransfer
                0x0000000008006cd8       0x3c CMakeFiles/LoRaNODE.elf.dir/home/alejo/Documents/LoRa_Project_v1/software/Project/global/Drivers/STM32L0xx_HAL_Driver/Src/stm32l0xx_hal_uart.c.obj
 .text.UART_DMAAbortOnError
                0x0000000008006d14       0x2e CMakeFiles/LoRaNODE.elf.dir/home/alejo/Documents/LoRa_Project_v1/software/Project/global/Drivers/STM32L0xx_HAL_Driver/Src/stm32l0xx_hal_uart.c.obj
 .text.UART_Transmit_IT
                0x0000000008006d42       0xac CMakeFiles/LoRaNODE.elf.dir/home/alejo/Documents/LoRa_Project_v1/software/Project/global/Drivers/STM32L0xx_HAL_Driver/Src/stm32l0xx_hal_uart.c.obj
 .text.UART_EndTransmit_IT
                0x0000000008006dee       0x32 CMakeFiles/LoRaNODE.elf.dir/home/alejo/Documents/LoRa_Project_v1/software/Project/global/Drivers/STM32L0xx_HAL_Driver/Src/stm32l0xx_hal_uart.c.obj
 .text.UART_Receive_IT
                0x0000000008006e20       0xf4 CMakeFiles/LoRaNODE.elf.dir/home/alejo/Documents/LoRa_Project_v1/software/Project/global/Drivers/STM32L0xx_HAL_Driver/Src/stm32l0xx_hal_uart.c.obj
 .text.HAL_UARTEx_WakeupCallback
                0x0000000008006f14       0x10 CMakeFiles/LoRaNODE.elf.dir/home/alejo/Documents/LoRa_Project_v1/software/Project/global/Drivers/STM32L0xx_HAL_Driver/Src/stm32l0xx_hal_uart_ex.c.obj
                0x0000000008006f14                HAL_UARTEx_WakeupCallback
 .text.SystemInit
                0x0000000008006f24       0x7c CMakeFiles/LoRaNODE.elf.dir/home/alejo/Documents/LoRa_Project_v1/software/Project/global/Drivers/CMSIS/Device/ST/STM32L0xx/Source/Templates/system_stm32l0xx.c.obj
                0x0000000008006f24                SystemInit
 .text.BSP_LED_Init
                0x0000000008006fa0       0xdc CMakeFiles/LoRaNODE.elf.dir/home/alejo/Documents/LoRa_Project_v1/software/Project/global/Drivers/BSP/B-L072Z-LRWAN1/b-l072z-lrwan1.c.obj
                0x0000000008006fa0                BSP_LED_Init
 .text.HAL_InitTick
                0x000000000800707c       0x12 CMakeFiles/LoRaNODE.elf.dir/home/alejo/Documents/LoRa_Project_v1/software/Project/global/Core/BOARDS/B-L072Z-LRWAN1/src/mlm32l0xx_hal_msp.c.obj
                0x000000000800707c                HAL_InitTick
 .text.HAL_Delay
                0x000000000800708e       0x18 CMakeFiles/LoRaNODE.elf.dir/home/alejo/Documents/LoRa_Project_v1/software/Project/global/Core/BOARDS/B-L072Z-LRWAN1/src/mlm32l0xx_hal_msp.c.obj
                0x000000000800708e                HAL_Delay
 *fill*         0x00000000080070a6        0x2 
 .text.HAL_MspInit
                0x00000000080070a8       0x3c CMakeFiles/LoRaNODE.elf.dir/home/alejo/Documents/LoRa_Project_v1/software/Project/global/Core/BOARDS/B-L072Z-LRWAN1/src/mlm32l0xx_hal_msp.c.obj
                0x00000000080070a8                HAL_MspInit
 .text.HAL_RTC_MspInit
                0x00000000080070e4       0x74 CMakeFiles/LoRaNODE.elf.dir/home/alejo/Documents/LoRa_Project_v1/software/Project/global/Core/BOARDS/B-L072Z-LRWAN1/src/mlm32l0xx_hal_msp.c.obj
                0x00000000080070e4                HAL_RTC_MspInit
 .text.HAL_RTC_AlarmAEventCallback
                0x0000000008007158       0x14 CMakeFiles/LoRaNODE.elf.dir/home/alejo/Documents/LoRa_Project_v1/software/Project/global/Core/BOARDS/B-L072Z-LRWAN1/src/mlm32l0xx_hal_msp.c.obj
                0x0000000008007158                HAL_RTC_AlarmAEventCallback
 .text.HAL_GPIO_EXTI_Callback
                0x000000000800716c       0x1e CMakeFiles/LoRaNODE.elf.dir/home/alejo/Documents/LoRa_Project_v1/software/Project/global/Core/BOARDS/B-L072Z-LRWAN1/src/mlm32l0xx_hal_msp.c.obj
                0x000000000800716c                HAL_GPIO_EXTI_Callback
 .text.MSP_GetIRQn
                0x000000000800718a       0x36 CMakeFiles/LoRaNODE.elf.dir/home/alejo/Documents/LoRa_Project_v1/software/Project/global/Core/BOARDS/B-L072Z-LRWAN1/src/mlm32l0xx_hal_msp.c.obj
                0x000000000800718a                MSP_GetIRQn
 .text.HAL_UART_MspInit
                0x00000000080071c0       0x10 CMakeFiles/LoRaNODE.elf.dir/home/alejo/Documents/LoRa_Project_v1/software/Project/global/Core/BOARDS/B-L072Z-LRWAN1/src/mlm32l0xx_hal_msp.c.obj
                0x00000000080071c0                HAL_UART_MspInit
 .text.HW_Init  0x00000000080071d0       0x3c CMakeFiles/LoRaNODE.elf.dir/home/alejo/Documents/LoRa_Project_v1/software/Project/global/Core/BOARDS/B-L072Z-LRWAN1/src/mlm32l0xx_hw.c.obj
                0x00000000080071d0                HW_Init
 .text.HW_GpioInit
                0x000000000800720c      0x110 CMakeFiles/LoRaNODE.elf.dir/home/alejo/Documents/LoRa_Project_v1/software/Project/global/Core/BOARDS/B-L072Z-LRWAN1/src/mlm32l0xx_hw.c.obj
                0x000000000800720c                HW_GpioInit
 .text.SystemClock_Config
                0x000000000800731c       0xf8 CMakeFiles/LoRaNODE.elf.dir/home/alejo/Documents/LoRa_Project_v1/software/Project/global/Core/BOARDS/B-L072Z-LRWAN1/src/mlm32l0xx_hw.c.obj
                0x000000000800731c                SystemClock_Config
 .text.NMI_Handler
                0x0000000008007414        0xa CMakeFiles/LoRaNODE.elf.dir/home/alejo/Documents/LoRa_Project_v1/software/Project/global/Core/BOARDS/B-L072Z-LRWAN1/src/mlm32l0xx_it.c.obj
                0x0000000008007414                NMI_Handler
 .text.HardFault_Handler
                0x000000000800741e        0x8 CMakeFiles/LoRaNODE.elf.dir/home/alejo/Documents/LoRa_Project_v1/software/Project/global/Core/BOARDS/B-L072Z-LRWAN1/src/mlm32l0xx_it.c.obj
                0x000000000800741e                HardFault_Handler
 .text.SysTick_Handler
                0x0000000008007426       0x12 CMakeFiles/LoRaNODE.elf.dir/home/alejo/Documents/LoRa_Project_v1/software/Project/global/Core/BOARDS/B-L072Z-LRWAN1/src/mlm32l0xx_it.c.obj
                0x0000000008007426                SysTick_Handler
 .text.DMA1_Channel4_5_6_7_IRQHandler
                0x0000000008007438        0xa CMakeFiles/LoRaNODE.elf.dir/home/alejo/Documents/LoRa_Project_v1/software/Project/global/Core/BOARDS/B-L072Z-LRWAN1/src/mlm32l0xx_it.c.obj
                0x0000000008007438                DMA1_Channel4_5_6_7_IRQHandler
 .text.RTC_IRQHandler
                0x0000000008007442        0xe CMakeFiles/LoRaNODE.elf.dir/home/alejo/Documents/LoRa_Project_v1/software/Project/global/Core/BOARDS/B-L072Z-LRWAN1/src/mlm32l0xx_it.c.obj
                0x0000000008007442                RTC_IRQHandler
 .text.EXTI0_1_IRQHandler
                0x0000000008007450       0x16 CMakeFiles/LoRaNODE.elf.dir/home/alejo/Documents/LoRa_Project_v1/software/Project/global/Core/BOARDS/B-L072Z-LRWAN1/src/mlm32l0xx_it.c.obj
                0x0000000008007450                EXTI0_1_IRQHandler
 .text.EXTI2_3_IRQHandler
                0x0000000008007466       0x16 CMakeFiles/LoRaNODE.elf.dir/home/alejo/Documents/LoRa_Project_v1/software/Project/global/Core/BOARDS/B-L072Z-LRWAN1/src/mlm32l0xx_it.c.obj
                0x0000000008007466                EXTI2_3_IRQHandler
 .text.EXTI4_15_IRQHandler
                0x000000000800747c       0x72 CMakeFiles/LoRaNODE.elf.dir/home/alejo/Documents/LoRa_Project_v1/software/Project/global/Core/BOARDS/B-L072Z-LRWAN1/src/mlm32l0xx_it.c.obj
                0x000000000800747c                EXTI4_15_IRQHandler
 .text.SX1276GetWakeTime
                0x00000000080074ee        0xc CMakeFiles/LoRaNODE.elf.dir/home/alejo/Documents/LoRa_Project_v1/software/Project/global/Drivers/BSP/CMWX1ZZABZ-0xx/mlm32l07x01.c.obj
                0x00000000080074ee                SX1276GetWakeTime
 .text.SX1276SetXO
                0x00000000080074fa       0x44 CMakeFiles/LoRaNODE.elf.dir/home/alejo/Documents/LoRa_Project_v1/software/Project/global/Drivers/BSP/CMWX1ZZABZ-0xx/mlm32l07x01.c.obj
                0x00000000080074fa                SX1276SetXO
 *fill*         0x000000000800753e        0x2 
 .text.SX1276IoInit
                0x0000000008007540       0x94 CMakeFiles/LoRaNODE.elf.dir/home/alejo/Documents/LoRa_Project_v1/software/Project/global/Drivers/BSP/CMWX1ZZABZ-0xx/mlm32l07x01.c.obj
                0x0000000008007540                SX1276IoInit
 .text.SX1276IoIrqInit
                0x00000000080075d4       0x5c CMakeFiles/LoRaNODE.elf.dir/home/alejo/Documents/LoRa_Project_v1/software/Project/global/Drivers/BSP/CMWX1ZZABZ-0xx/mlm32l07x01.c.obj
                0x00000000080075d4                SX1276IoIrqInit
 .text.SX1276IoDeInit
                0x0000000008007630       0x68 CMakeFiles/LoRaNODE.elf.dir/home/alejo/Documents/LoRa_Project_v1/software/Project/global/Drivers/BSP/CMWX1ZZABZ-0xx/mlm32l07x01.c.obj
                0x0000000008007630                SX1276IoDeInit
 .text.SX1276SetRfTxPower
                0x0000000008007698      0x1a4 CMakeFiles/LoRaNODE.elf.dir/home/alejo/Documents/LoRa_Project_v1/software/Project/global/Drivers/BSP/CMWX1ZZABZ-0xx/mlm32l07x01.c.obj
                0x0000000008007698                SX1276SetRfTxPower
 .text.SX1276GetPaSelect
                0x000000000800783c       0x22 CMakeFiles/LoRaNODE.elf.dir/home/alejo/Documents/LoRa_Project_v1/software/Project/global/Drivers/BSP/CMWX1ZZABZ-0xx/mlm32l07x01.c.obj
                0x000000000800783c                SX1276GetPaSelect
 .text.SX1276SetAntSwLowPower
                0x000000000800785e       0x2c CMakeFiles/LoRaNODE.elf.dir/home/alejo/Documents/LoRa_Project_v1/software/Project/global/Drivers/BSP/CMWX1ZZABZ-0xx/mlm32l07x01.c.obj
                0x000000000800785e                SX1276SetAntSwLowPower
 *fill*         0x000000000800788a        0x2 
 .text.SX1276AntSwInit
                0x000000000800788c       0x80 CMakeFiles/LoRaNODE.elf.dir/home/alejo/Documents/LoRa_Project_v1/software/Project/global/Drivers/BSP/CMWX1ZZABZ-0xx/mlm32l07x01.c.obj
 .text.SX1276AntSwDeInit
                0x000000000800790c       0x80 CMakeFiles/LoRaNODE.elf.dir/home/alejo/Documents/LoRa_Project_v1/software/Project/global/Drivers/BSP/CMWX1ZZABZ-0xx/mlm32l07x01.c.obj
 .text.SX1276SetAntSw
                0x000000000800798c       0x74 CMakeFiles/LoRaNODE.elf.dir/home/alejo/Documents/LoRa_Project_v1/software/Project/global/Drivers/BSP/CMWX1ZZABZ-0xx/mlm32l07x01.c.obj
                0x000000000800798c                SX1276SetAntSw
 .text.SX1276CheckRfFrequency
                0x0000000008007a00       0x12 CMakeFiles/LoRaNODE.elf.dir/home/alejo/Documents/LoRa_Project_v1/software/Project/global/Drivers/BSP/CMWX1ZZABZ-0xx/mlm32l07x01.c.obj
                0x0000000008007a00                SX1276CheckRfFrequency
 *fill*         0x0000000008007a12        0x2 
 .text.SX1276BoardInit
                0x0000000008007a14       0x1c CMakeFiles/LoRaNODE.elf.dir/home/alejo/Documents/LoRa_Project_v1/software/Project/global/Drivers/BSP/Components/sx1276/sx1276.c.obj
                0x0000000008007a14                SX1276BoardInit
 .text.SX1276Init
                0x0000000008007a30       0xfc CMakeFiles/LoRaNODE.elf.dir/home/alejo/Documents/LoRa_Project_v1/software/Project/global/Drivers/BSP/Components/sx1276/sx1276.c.obj
                0x0000000008007a30                SX1276Init
 .text.SX1276GetStatus
                0x0000000008007b2c       0x14 CMakeFiles/LoRaNODE.elf.dir/home/alejo/Documents/LoRa_Project_v1/software/Project/global/Drivers/BSP/Components/sx1276/sx1276.c.obj
                0x0000000008007b2c                SX1276GetStatus
 .text.SX1276SetChannel
                0x0000000008007b40       0x8c CMakeFiles/LoRaNODE.elf.dir/home/alejo/Documents/LoRa_Project_v1/software/Project/global/Drivers/BSP/Components/sx1276/sx1276.c.obj
                0x0000000008007b40                SX1276SetChannel
 .text.SX1276IsChannelFree
                0x0000000008007bcc       0xaa CMakeFiles/LoRaNODE.elf.dir/home/alejo/Documents/LoRa_Project_v1/software/Project/global/Drivers/BSP/Components/sx1276/sx1276.c.obj
                0x0000000008007bcc                SX1276IsChannelFree
 .text.SX1276Random
                0x0000000008007c76       0x68 CMakeFiles/LoRaNODE.elf.dir/home/alejo/Documents/LoRa_Project_v1/software/Project/global/Drivers/BSP/Components/sx1276/sx1276.c.obj
                0x0000000008007c76                SX1276Random
 *fill*         0x0000000008007cde        0x2 
 .text.RxChainCalibration
                0x0000000008007ce0       0xf8 CMakeFiles/LoRaNODE.elf.dir/home/alejo/Documents/LoRa_Project_v1/software/Project/global/Drivers/BSP/Components/sx1276/sx1276.c.obj
                0x0000000008007ce0                RxChainCalibration
 .text.GetFskBandwidthRegValue
                0x0000000008007dd8       0x6c CMakeFiles/LoRaNODE.elf.dir/home/alejo/Documents/LoRa_Project_v1/software/Project/global/Drivers/BSP/Components/sx1276/sx1276.c.obj
 .text.SX1276SetRxConfig
                0x0000000008007e44      0x530 CMakeFiles/LoRaNODE.elf.dir/home/alejo/Documents/LoRa_Project_v1/software/Project/global/Drivers/BSP/Components/sx1276/sx1276.c.obj
                0x0000000008007e44                SX1276SetRxConfig
 .text.SX1276SetTxConfig
                0x0000000008008374      0x400 CMakeFiles/LoRaNODE.elf.dir/home/alejo/Documents/LoRa_Project_v1/software/Project/global/Drivers/BSP/Components/sx1276/sx1276.c.obj
                0x0000000008008374                SX1276SetTxConfig
 .text.SX1276GetTimeOnAir
                0x0000000008008774      0x324 CMakeFiles/LoRaNODE.elf.dir/home/alejo/Documents/LoRa_Project_v1/software/Project/global/Drivers/BSP/Components/sx1276/sx1276.c.obj
                0x0000000008008774                SX1276GetTimeOnAir
 .text.SX1276Send
                0x0000000008008a98      0x180 CMakeFiles/LoRaNODE.elf.dir/home/alejo/Documents/LoRa_Project_v1/software/Project/global/Drivers/BSP/Components/sx1276/sx1276.c.obj
                0x0000000008008a98                SX1276Send
 .text.SX1276SetSleep
                0x0000000008008c18       0x34 CMakeFiles/LoRaNODE.elf.dir/home/alejo/Documents/LoRa_Project_v1/software/Project/global/Drivers/BSP/Components/sx1276/sx1276.c.obj
                0x0000000008008c18                SX1276SetSleep
 .text.SX1276SetStby
                0x0000000008008c4c       0x34 CMakeFiles/LoRaNODE.elf.dir/home/alejo/Documents/LoRa_Project_v1/software/Project/global/Drivers/BSP/Components/sx1276/sx1276.c.obj
                0x0000000008008c4c                SX1276SetStby
 .text.SX1276SetRx
                0x0000000008008c80      0x320 CMakeFiles/LoRaNODE.elf.dir/home/alejo/Documents/LoRa_Project_v1/software/Project/global/Drivers/BSP/Components/sx1276/sx1276.c.obj
                0x0000000008008c80                SX1276SetRx
 .text.SX1276SetTx
                0x0000000008008fa0       0xf4 CMakeFiles/LoRaNODE.elf.dir/home/alejo/Documents/LoRa_Project_v1/software/Project/global/Drivers/BSP/Components/sx1276/sx1276.c.obj
                0x0000000008008fa0                SX1276SetTx
 .text.SX1276StartCad
                0x0000000008009094       0x50 CMakeFiles/LoRaNODE.elf.dir/home/alejo/Documents/LoRa_Project_v1/software/Project/global/Drivers/BSP/Components/sx1276/sx1276.c.obj
                0x0000000008009094                SX1276StartCad
 .text.SX1276SetTxContinuousWave
                0x00000000080090e4       0xc4 CMakeFiles/LoRaNODE.elf.dir/home/alejo/Documents/LoRa_Project_v1/software/Project/global/Drivers/BSP/Components/sx1276/sx1276.c.obj
                0x00000000080090e4                SX1276SetTxContinuousWave
 .text.SX1276ReadRssi
                0x00000000080091a8       0x98 CMakeFiles/LoRaNODE.elf.dir/home/alejo/Documents/LoRa_Project_v1/software/Project/global/Drivers/BSP/Components/sx1276/sx1276.c.obj
                0x00000000080091a8                SX1276ReadRssi
 .text.SX1276Reset
                0x0000000008009240       0x68 CMakeFiles/LoRaNODE.elf.dir/home/alejo/Documents/LoRa_Project_v1/software/Project/global/Drivers/BSP/Components/sx1276/sx1276.c.obj
                0x0000000008009240                SX1276Reset
 .text.SX1276SetOpMode
                0x00000000080092a8       0xa0 CMakeFiles/LoRaNODE.elf.dir/home/alejo/Documents/LoRa_Project_v1/software/Project/global/Drivers/BSP/Components/sx1276/sx1276.c.obj
                0x00000000080092a8                SX1276SetOpMode
 .text.SX1276SetModem
                0x0000000008009348       0xb0 CMakeFiles/LoRaNODE.elf.dir/home/alejo/Documents/LoRa_Project_v1/software/Project/global/Drivers/BSP/Components/sx1276/sx1276.c.obj
                0x0000000008009348                SX1276SetModem
 .text.SX1276Write
                0x00000000080093f8       0x28 CMakeFiles/LoRaNODE.elf.dir/home/alejo/Documents/LoRa_Project_v1/software/Project/global/Drivers/BSP/Components/sx1276/sx1276.c.obj
                0x00000000080093f8                SX1276Write
 .text.SX1276Read
                0x0000000008009420       0x28 CMakeFiles/LoRaNODE.elf.dir/home/alejo/Documents/LoRa_Project_v1/software/Project/global/Drivers/BSP/Components/sx1276/sx1276.c.obj
                0x0000000008009420                SX1276Read
 .text.SX1276WriteBuffer
                0x0000000008009448       0x84 CMakeFiles/LoRaNODE.elf.dir/home/alejo/Documents/LoRa_Project_v1/software/Project/global/Drivers/BSP/Components/sx1276/sx1276.c.obj
                0x0000000008009448                SX1276WriteBuffer
 .text.SX1276ReadBuffer
                0x00000000080094cc       0x88 CMakeFiles/LoRaNODE.elf.dir/home/alejo/Documents/LoRa_Project_v1/software/Project/global/Drivers/BSP/Components/sx1276/sx1276.c.obj
                0x00000000080094cc                SX1276ReadBuffer
 .text.SX1276WriteFifo
                0x0000000008009554       0x24 CMakeFiles/LoRaNODE.elf.dir/home/alejo/Documents/LoRa_Project_v1/software/Project/global/Drivers/BSP/Components/sx1276/sx1276.c.obj
                0x0000000008009554                SX1276WriteFifo
 .text.SX1276ReadFifo
                0x0000000008009578       0x24 CMakeFiles/LoRaNODE.elf.dir/home/alejo/Documents/LoRa_Project_v1/software/Project/global/Drivers/BSP/Components/sx1276/sx1276.c.obj
                0x0000000008009578                SX1276ReadFifo
 .text.SX1276SetMaxPayloadLength
                0x000000000800959c       0x64 CMakeFiles/LoRaNODE.elf.dir/home/alejo/Documents/LoRa_Project_v1/software/Project/global/Drivers/BSP/Components/sx1276/sx1276.c.obj
                0x000000000800959c                SX1276SetMaxPayloadLength
 .text.SX1276SetPublicNetwork
                0x0000000008009600       0x44 CMakeFiles/LoRaNODE.elf.dir/home/alejo/Documents/LoRa_Project_v1/software/Project/global/Drivers/BSP/Components/sx1276/sx1276.c.obj
                0x0000000008009600                SX1276SetPublicNetwork
 .text.SX1276GetWakeupTime
                0x0000000008009644       0x1c CMakeFiles/LoRaNODE.elf.dir/home/alejo/Documents/LoRa_Project_v1/software/Project/global/Drivers/BSP/Components/sx1276/sx1276.c.obj
                0x0000000008009644                SX1276GetWakeupTime
 .text.SX1276OnTimeoutIrq
                0x0000000008009660      0x160 CMakeFiles/LoRaNODE.elf.dir/home/alejo/Documents/LoRa_Project_v1/software/Project/global/Drivers/BSP/Components/sx1276/sx1276.c.obj
                0x0000000008009660                SX1276OnTimeoutIrq
 .text.SX1276OnDio0Irq
                0x00000000080097c0      0x45c CMakeFiles/LoRaNODE.elf.dir/home/alejo/Documents/LoRa_Project_v1/software/Project/global/Drivers/BSP/Components/sx1276/sx1276.c.obj
                0x00000000080097c0                SX1276OnDio0Irq
 .text.SX1276OnDio1Irq
                0x0000000008009c1c      0x19c CMakeFiles/LoRaNODE.elf.dir/home/alejo/Documents/LoRa_Project_v1/software/Project/global/Drivers/BSP/Components/sx1276/sx1276.c.obj
                0x0000000008009c1c                SX1276OnDio1Irq
 .text.SX1276OnDio2Irq
                0x0000000008009db8      0x190 CMakeFiles/LoRaNODE.elf.dir/home/alejo/Documents/LoRa_Project_v1/software/Project/global/Drivers/BSP/Components/sx1276/sx1276.c.obj
                0x0000000008009db8                SX1276OnDio2Irq
 .text.SX1276OnDio3Irq
                0x0000000008009f48       0x8c CMakeFiles/LoRaNODE.elf.dir/home/alejo/Documents/LoRa_Project_v1/software/Project/global/Drivers/BSP/Components/sx1276/sx1276.c.obj
                0x0000000008009f48                SX1276OnDio3Irq
 .text.SX1276OnDio4Irq
                0x0000000008009fd4       0x3c CMakeFiles/LoRaNODE.elf.dir/home/alejo/Documents/LoRa_Project_v1/software/Project/global/Drivers/BSP/Components/sx1276/sx1276.c.obj
                0x0000000008009fd4                SX1276OnDio4Irq
 .text.osSystickHandler
                0x000000000800a010       0x18 CMakeFiles/LoRaNODE.elf.dir/home/alejo/Documents/LoRa_Project_v1/software/Project/global/Middlewares/Third_Party/FreeRTOS/Source/CMSIS_RTOS/cmsis_os.c.obj
                0x000000000800a010                osSystickHandler
 .text.vListInitialise
                0x000000000800a028       0x3c CMakeFiles/LoRaNODE.elf.dir/home/alejo/Documents/LoRa_Project_v1/software/Project/global/Middlewares/Third_Party/FreeRTOS/Source/list.c.obj
                0x000000000800a028                vListInitialise
 .text.vListInitialiseItem
                0x000000000800a064       0x16 CMakeFiles/LoRaNODE.elf.dir/home/alejo/Documents/LoRa_Project_v1/software/Project/global/Middlewares/Third_Party/FreeRTOS/Source/list.c.obj
                0x000000000800a064                vListInitialiseItem
 .text.vListInsertEnd
                0x000000000800a07a       0x44 CMakeFiles/LoRaNODE.elf.dir/home/alejo/Documents/LoRa_Project_v1/software/Project/global/Middlewares/Third_Party/FreeRTOS/Source/list.c.obj
                0x000000000800a07a                vListInsertEnd
 .text.vListInsert
                0x000000000800a0be       0x6c CMakeFiles/LoRaNODE.elf.dir/home/alejo/Documents/LoRa_Project_v1/software/Project/global/Middlewares/Third_Party/FreeRTOS/Source/list.c.obj
                0x000000000800a0be                vListInsert
 .text.uxListRemove
                0x000000000800a12a       0x50 CMakeFiles/LoRaNODE.elf.dir/home/alejo/Documents/LoRa_Project_v1/software/Project/global/Middlewares/Third_Party/FreeRTOS/Source/list.c.obj
                0x000000000800a12a                uxListRemove
 *fill*         0x000000000800a17a        0x2 
 .text.pxPortInitialiseStack
                0x000000000800a17c       0x54 CMakeFiles/LoRaNODE.elf.dir/home/alejo/Documents/LoRa_Project_v1/software/Project/global/Middlewares/Third_Party/FreeRTOS/Source/portable/GCC/ARM_CM0/port.c.obj
                0x000000000800a17c                pxPortInitialiseStack
 .text.prvTaskExitError
                0x000000000800a1d0       0x18 CMakeFiles/LoRaNODE.elf.dir/home/alejo/Documents/LoRa_Project_v1/software/Project/global/Middlewares/Third_Party/FreeRTOS/Source/portable/GCC/ARM_CM0/port.c.obj
 .text.SVC_Handler
                0x000000000800a1e8        0xa CMakeFiles/LoRaNODE.elf.dir/home/alejo/Documents/LoRa_Project_v1/software/Project/global/Middlewares/Third_Party/FreeRTOS/Source/portable/GCC/ARM_CM0/port.c.obj
                0x000000000800a1e8                SVC_Handler
 *fill*         0x000000000800a1f2        0xe 
 .text.vPortStartFirstTask
                0x000000000800a200       0x38 CMakeFiles/LoRaNODE.elf.dir/home/alejo/Documents/LoRa_Project_v1/software/Project/global/Middlewares/Third_Party/FreeRTOS/Source/portable/GCC/ARM_CM0/port.c.obj
 .text.xPortStartScheduler
                0x000000000800a238       0x44 CMakeFiles/LoRaNODE.elf.dir/home/alejo/Documents/LoRa_Project_v1/software/Project/global/Middlewares/Third_Party/FreeRTOS/Source/portable/GCC/ARM_CM0/port.c.obj
                0x000000000800a238                xPortStartScheduler
 .text.vPortYield
                0x000000000800a27c       0x20 CMakeFiles/LoRaNODE.elf.dir/home/alejo/Documents/LoRa_Project_v1/software/Project/global/Middlewares/Third_Party/FreeRTOS/Source/portable/GCC/ARM_CM0/port.c.obj
                0x000000000800a27c                vPortYield
 .text.vPortEnterCritical
                0x000000000800a29c       0x24 CMakeFiles/LoRaNODE.elf.dir/home/alejo/Documents/LoRa_Project_v1/software/Project/global/Middlewares/Third_Party/FreeRTOS/Source/portable/GCC/ARM_CM0/port.c.obj
                0x000000000800a29c                vPortEnterCritical
 .text.vPortExitCritical
                0x000000000800a2c0       0x30 CMakeFiles/LoRaNODE.elf.dir/home/alejo/Documents/LoRa_Project_v1/software/Project/global/Middlewares/Third_Party/FreeRTOS/Source/portable/GCC/ARM_CM0/port.c.obj
                0x000000000800a2c0                vPortExitCritical
 .text.ulSetInterruptMaskFromISR
                0x000000000800a2f0        0xc CMakeFiles/LoRaNODE.elf.dir/home/alejo/Documents/LoRa_Project_v1/software/Project/global/Middlewares/Third_Party/FreeRTOS/Source/portable/GCC/ARM_CM0/port.c.obj
                0x000000000800a2f0                ulSetInterruptMaskFromISR
 .text.vClearInterruptMaskFromISR
                0x000000000800a2fc        0x8 CMakeFiles/LoRaNODE.elf.dir/home/alejo/Documents/LoRa_Project_v1/software/Project/global/Middlewares/Third_Party/FreeRTOS/Source/portable/GCC/ARM_CM0/port.c.obj
                0x000000000800a2fc                vClearInterruptMaskFromISR
 *fill*         0x000000000800a304        0xc 
 .text.PendSV_Handler
                0x000000000800a310       0x48 CMakeFiles/LoRaNODE.elf.dir/home/alejo/Documents/LoRa_Project_v1/software/Project/global/Middlewares/Third_Party/FreeRTOS/Source/portable/GCC/ARM_CM0/port.c.obj
                0x000000000800a310                PendSV_Handler
 .text.xPortSysTickHandler
                0x000000000800a358       0x34 CMakeFiles/LoRaNODE.elf.dir/home/alejo/Documents/LoRa_Project_v1/software/Project/global/Middlewares/Third_Party/FreeRTOS/Source/portable/GCC/ARM_CM0/port.c.obj
                0x000000000800a358                xPortSysTickHandler
 .text.vPortSetupTimerInterrupt
                0x000000000800a38c       0x34 CMakeFiles/LoRaNODE.elf.dir/home/alejo/Documents/LoRa_Project_v1/software/Project/global/Middlewares/Third_Party/FreeRTOS/Source/portable/GCC/ARM_CM0/port.c.obj
                0x000000000800a38c                vPortSetupTimerInterrupt
 .text.pvPortMalloc
                0x000000000800a3c0      0x14c CMakeFiles/LoRaNODE.elf.dir/home/alejo/Documents/LoRa_Project_v1/software/Project/global/Middlewares/Third_Party/FreeRTOS/Source/portable/MemMang/heap_4.c.obj
                0x000000000800a3c0                pvPortMalloc
 .text.vPortFree
                0x000000000800a50c       0x90 CMakeFiles/LoRaNODE.elf.dir/home/alejo/Documents/LoRa_Project_v1/software/Project/global/Middlewares/Third_Party/FreeRTOS/Source/portable/MemMang/heap_4.c.obj
                0x000000000800a50c                vPortFree
 .text.xPortGetFreeHeapSize
                0x000000000800a59c       0x14 CMakeFiles/LoRaNODE.elf.dir/home/alejo/Documents/LoRa_Project_v1/software/Project/global/Middlewares/Third_Party/FreeRTOS/Source/portable/MemMang/heap_4.c.obj
                0x000000000800a59c                xPortGetFreeHeapSize
 .text.prvHeapInit
                0x000000000800a5b0       0xc0 CMakeFiles/LoRaNODE.elf.dir/home/alejo/Documents/LoRa_Project_v1/software/Project/global/Middlewares/Third_Party/FreeRTOS/Source/portable/MemMang/heap_4.c.obj
 .text.prvInsertBlockIntoFreeList
                0x000000000800a670       0xb0 CMakeFiles/LoRaNODE.elf.dir/home/alejo/Documents/LoRa_Project_v1/software/Project/global/Middlewares/Third_Party/FreeRTOS/Source/portable/MemMang/heap_4.c.obj
 .text.xTaskCreate
                0x000000000800a720       0x90 CMakeFiles/LoRaNODE.elf.dir/home/alejo/Documents/LoRa_Project_v1/software/Project/global/Middlewares/Third_Party/FreeRTOS/Source/tasks.c.obj
                0x000000000800a720                xTaskCreate
 .text.prvInitialiseNewTask
                0x000000000800a7b0       0xf4 CMakeFiles/LoRaNODE.elf.dir/home/alejo/Documents/LoRa_Project_v1/software/Project/global/Middlewares/Third_Party/FreeRTOS/Source/tasks.c.obj
 .text.prvAddNewTaskToReadyList
                0x000000000800a8a4       0xc8 CMakeFiles/LoRaNODE.elf.dir/home/alejo/Documents/LoRa_Project_v1/software/Project/global/Middlewares/Third_Party/FreeRTOS/Source/tasks.c.obj
 .text.vTaskDelay
                0x000000000800a96c       0x4c CMakeFiles/LoRaNODE.elf.dir/home/alejo/Documents/LoRa_Project_v1/software/Project/global/Middlewares/Third_Party/FreeRTOS/Source/tasks.c.obj
                0x000000000800a96c                vTaskDelay
 .text.vTaskStartScheduler
                0x000000000800a9b8       0x6c CMakeFiles/LoRaNODE.elf.dir/home/alejo/Documents/LoRa_Project_v1/software/Project/global/Middlewares/Third_Party/FreeRTOS/Source/tasks.c.obj
                0x000000000800a9b8                vTaskStartScheduler
 .text.vTaskSuspendAll
                0x000000000800aa24       0x18 CMakeFiles/LoRaNODE.elf.dir/home/alejo/Documents/LoRa_Project_v1/software/Project/global/Middlewares/Third_Party/FreeRTOS/Source/tasks.c.obj
                0x000000000800aa24                vTaskSuspendAll
 .text.xTaskResumeAll
                0x000000000800aa3c      0x118 CMakeFiles/LoRaNODE.elf.dir/home/alejo/Documents/LoRa_Project_v1/software/Project/global/Middlewares/Third_Party/FreeRTOS/Source/tasks.c.obj
                0x000000000800aa3c                xTaskResumeAll
 .text.xTaskIncrementTick
                0x000000000800ab54      0x168 CMakeFiles/LoRaNODE.elf.dir/home/alejo/Documents/LoRa_Project_v1/software/Project/global/Middlewares/Third_Party/FreeRTOS/Source/tasks.c.obj
                0x000000000800ab54                xTaskIncrementTick
 .text.vTaskSwitchContext
                0x000000000800acbc       0xa4 CMakeFiles/LoRaNODE.elf.dir/home/alejo/Documents/LoRa_Project_v1/software/Project/global/Middlewares/Third_Party/FreeRTOS/Source/tasks.c.obj
                0x000000000800acbc                vTaskSwitchContext
 .text.prvIdleTask
                0x000000000800ad60       0x20 CMakeFiles/LoRaNODE.elf.dir/home/alejo/Documents/LoRa_Project_v1/software/Project/global/Middlewares/Third_Party/FreeRTOS/Source/tasks.c.obj
 .text.prvInitialiseTaskLists
                0x000000000800ad80       0x88 CMakeFiles/LoRaNODE.elf.dir/home/alejo/Documents/LoRa_Project_v1/software/Project/global/Middlewares/Third_Party/FreeRTOS/Source/tasks.c.obj
 .text.prvCheckTasksWaitingTermination
                0x000000000800ae08       0x74 CMakeFiles/LoRaNODE.elf.dir/home/alejo/Documents/LoRa_Project_v1/software/Project/global/Middlewares/Third_Party/FreeRTOS/Source/tasks.c.obj
 .text.prvDeleteTCB
                0x000000000800ae7c       0x22 CMakeFiles/LoRaNODE.elf.dir/home/alejo/Documents/LoRa_Project_v1/software/Project/global/Middlewares/Third_Party/FreeRTOS/Source/tasks.c.obj
 *fill*         0x000000000800ae9e        0x2 
 .text.prvResetNextTaskUnblockTime
                0x000000000800aea0       0x48 CMakeFiles/LoRaNODE.elf.dir/home/alejo/Documents/LoRa_Project_v1/software/Project/global/Middlewares/Third_Party/FreeRTOS/Source/tasks.c.obj
 .text.xTaskGetSchedulerState
                0x000000000800aee8       0x38 CMakeFiles/LoRaNODE.elf.dir/home/alejo/Documents/LoRa_Project_v1/software/Project/global/Middlewares/Third_Party/FreeRTOS/Source/tasks.c.obj
                0x000000000800aee8                xTaskGetSchedulerState
 .text.prvAddCurrentTaskToDelayedList
                0x000000000800af20       0xa8 CMakeFiles/LoRaNODE.elf.dir/home/alejo/Documents/LoRa_Project_v1/software/Project/global/Middlewares/Third_Party/FreeRTOS/Source/tasks.c.obj
 .text.main     0x000000000800afc8       0x84 CMakeFiles/LoRaNODE.elf.dir/Src/main.c.obj
                0x000000000800afc8                main
 .text.radio_init
                0x000000000800b04c      0x10c CMakeFiles/LoRaNODE.elf.dir/Src/main.c.obj
                0x000000000800b04c                radio_init
 .text.onTxDone
                0x000000000800b158       0x30 CMakeFiles/LoRaNODE.elf.dir/Src/main.c.obj
                0x000000000800b158                onTxDone
 .text.onTxTimeout
                0x000000000800b188       0x30 CMakeFiles/LoRaNODE.elf.dir/Src/main.c.obj
                0x000000000800b188                onTxTimeout
 .text.onRxTimeout
                0x000000000800b1b8       0x30 CMakeFiles/LoRaNODE.elf.dir/Src/main.c.obj
                0x000000000800b1b8                onRxTimeout
 .text.onRxError
                0x000000000800b1e8       0x3c CMakeFiles/LoRaNODE.elf.dir/Src/main.c.obj
                0x000000000800b1e8                onRxError
 .text.onFhssChangeChannel
                0x000000000800b224       0x14 CMakeFiles/LoRaNODE.elf.dir/Src/main.c.obj
                0x000000000800b224                onFhssChangeChannel
 .text.onCadDone
                0x000000000800b238       0x14 CMakeFiles/LoRaNODE.elf.dir/Src/main.c.obj
                0x000000000800b238                onCadDone
 .text.onRxDone
                0x000000000800b24c      0x190 CMakeFiles/LoRaNODE.elf.dir/Src/main.c.obj
                0x000000000800b24c                onRxDone
 .text.wakeUpSystem
                0x000000000800b3dc       0x1e CMakeFiles/LoRaNODE.elf.dir/Src/main.c.obj
                0x000000000800b3dc                wakeUpSystem
 *fill*         0x000000000800b3fa        0x2 
 .text.parser   0x000000000800b3fc       0xd8 CMakeFiles/LoRaNODE.elf.dir/Src/main.c.obj
                0x000000000800b3fc                parser
 .text.print    0x000000000800b4d4       0x98 CMakeFiles/LoRaNODE.elf.dir/Src/main.c.obj
                0x000000000800b4d4                print
 .text.Config_Load
                0x000000000800b56c       0x44 CMakeFiles/LoRaNODE.elf.dir/Src/main.c.obj
                0x000000000800b56c                Config_Load
 .text.loadInfo
                0x000000000800b5b0        0xa CMakeFiles/LoRaNODE.elf.dir/Src/main.c.obj
                0x000000000800b5b0                loadInfo
 .text.bitClear
                0x000000000800b5ba       0x2c CMakeFiles/LoRaNODE.elf.dir/Src/main.c.obj
                0x000000000800b5ba                bitClear
 .text.bitSet   0x000000000800b5e6       0x2a CMakeFiles/LoRaNODE.elf.dir/Src/main.c.obj
                0x000000000800b5e6                bitSet
 .text.bitTest  0x000000000800b610       0x26 CMakeFiles/LoRaNODE.elf.dir/Src/main.c.obj
                0x000000000800b610                bitTest
 .text.clearFlags
                0x000000000800b636       0x16 CMakeFiles/LoRaNODE.elf.dir/Src/main.c.obj
                0x000000000800b636                clearFlags
 .text.join     0x000000000800b64c      0x144 CMakeFiles/LoRaNODE.elf.dir/Src/main.c.obj
                0x000000000800b64c                join
 .text.goSleep  0x000000000800b790       0x5c CMakeFiles/LoRaNODE.elf.dir/Src/main.c.obj
                0x000000000800b790                goSleep
 .text.measure  0x000000000800b7ec       0xc0 CMakeFiles/LoRaNODE.elf.dir/Src/main.c.obj
                0x000000000800b7ec                measure
 .text.send     0x000000000800b8ac      0x140 CMakeFiles/LoRaNODE.elf.dir/Src/main.c.obj
                0x000000000800b8ac                send
 .text.receive  0x000000000800b9ec       0x30 CMakeFiles/LoRaNODE.elf.dir/Src/main.c.obj
                0x000000000800b9ec                receive
 .text.errorHandle
                0x000000000800ba1c       0xb8 CMakeFiles/LoRaNODE.elf.dir/Src/main.c.obj
                0x000000000800ba1c                errorHandle
 .text.config   0x000000000800bad4      0x1b4 CMakeFiles/LoRaNODE.elf.dir/Src/main.c.obj
                0x000000000800bad4                config
 .text.restart  0x000000000800bc88       0x26 CMakeFiles/LoRaNODE.elf.dir/Src/main.c.obj
                0x000000000800bc88                restart
 *fill*         0x000000000800bcae        0x2 
 .text.retryoin
                0x000000000800bcb0       0x64 CMakeFiles/LoRaNODE.elf.dir/Src/main.c.obj
                0x000000000800bcb0                retryoin
 .text.main_task
                0x000000000800bd14       0x2c CMakeFiles/LoRaNODE.elf.dir/Src/main.c.obj
                0x000000000800bd14                main_task
 .text.led_blink
                0x000000000800bd40       0x6a CMakeFiles/LoRaNODE.elf.dir/Src/main.c.obj
                0x000000000800bd40                led_blink
 .text.create_buffer
                0x000000000800bdaa       0x40 CMakeFiles/LoRaNODE.elf.dir/home/alejo/Documents/LoRa_Project_v1/software/Project/global/Core/utils/src/circular.c.obj
                0x000000000800bdaa                create_buffer
 .text.push_buffer
                0x000000000800bdea       0x6c CMakeFiles/LoRaNODE.elf.dir/home/alejo/Documents/LoRa_Project_v1/software/Project/global/Core/utils/src/circular.c.obj
                0x000000000800bdea                push_buffer
 .text.fsm_new  0x000000000800be56       0x2a CMakeFiles/LoRaNODE.elf.dir/home/alejo/Documents/LoRa_Project_v1/software/Project/global/Core/utils/src/fsm.c.obj
                0x000000000800be56                fsm_new
 .text.fsm_init
                0x000000000800be80       0x28 CMakeFiles/LoRaNODE.elf.dir/home/alejo/Documents/LoRa_Project_v1/software/Project/global/Core/utils/src/fsm.c.obj
                0x000000000800be80                fsm_init
 .text.fsm_fire
                0x000000000800bea8       0x66 CMakeFiles/LoRaNODE.elf.dir/home/alejo/Documents/LoRa_Project_v1/software/Project/global/Core/utils/src/fsm.c.obj
                0x000000000800bea8                fsm_fire
 .text.full     0x000000000800bf0e       0x3a CMakeFiles/LoRaNODE.elf.dir/home/alejo/Documents/LoRa_Project_v1/software/Project/global/Core/utils/src/queue_c.c.obj
                0x000000000800bf0e                full
 .text.TimerInit
                0x000000000800bf48       0x30 CMakeFiles/LoRaNODE.elf.dir/home/alejo/Documents/LoRa_Project_v1/software/Project/global/Core/utils/src/timeServer.c.obj
                0x000000000800bf48                TimerInit
 .text.TimerStart
                0x000000000800bf78       0xa4 CMakeFiles/LoRaNODE.elf.dir/home/alejo/Documents/LoRa_Project_v1/software/Project/global/Core/utils/src/timeServer.c.obj
                0x000000000800bf78                TimerStart
 .text.TimerIrqHandler
                0x000000000800c01c       0xf0 CMakeFiles/LoRaNODE.elf.dir/home/alejo/Documents/LoRa_Project_v1/software/Project/global/Core/utils/src/timeServer.c.obj
                0x000000000800c01c                TimerIrqHandler
 .text.TimerStop
                0x000000000800c10c       0xf0 CMakeFiles/LoRaNODE.elf.dir/home/alejo/Documents/LoRa_Project_v1/software/Project/global/Core/utils/src/timeServer.c.obj
                0x000000000800c10c                TimerStop
 .text.TimerSetValue
                0x000000000800c1fc       0x4a CMakeFiles/LoRaNODE.elf.dir/home/alejo/Documents/LoRa_Project_v1/software/Project/global/Core/utils/src/timeServer.c.obj
                0x000000000800c1fc                TimerSetValue
 .text.TimerGetCurrentTime
                0x000000000800c246       0x20 CMakeFiles/LoRaNODE.elf.dir/home/alejo/Documents/LoRa_Project_v1/software/Project/global/Core/utils/src/timeServer.c.obj
                0x000000000800c246                TimerGetCurrentTime
 .text.TimerGetElapsedTime
                0x000000000800c266       0x32 CMakeFiles/LoRaNODE.elf.dir/home/alejo/Documents/LoRa_Project_v1/software/Project/global/Core/utils/src/timeServer.c.obj
                0x000000000800c266                TimerGetElapsedTime
 .text.TimerExists
                0x000000000800c298       0x38 CMakeFiles/LoRaNODE.elf.dir/home/alejo/Documents/LoRa_Project_v1/software/Project/global/Core/utils/src/timeServer.c.obj
 .text.TimerSetTimeout
                0x000000000800c2d0       0x48 CMakeFiles/LoRaNODE.elf.dir/home/alejo/Documents/LoRa_Project_v1/software/Project/global/Core/utils/src/timeServer.c.obj
 .text.TimerInsertTimer
                0x000000000800c318       0x5c CMakeFiles/LoRaNODE.elf.dir/home/alejo/Documents/LoRa_Project_v1/software/Project/global/Core/utils/src/timeServer.c.obj
 .text.TimerInsertNewHeadTimer
                0x000000000800c374       0x3c CMakeFiles/LoRaNODE.elf.dir/home/alejo/Documents/LoRa_Project_v1/software/Project/global/Core/utils/src/timeServer.c.obj
 .text.Trace_Init
                0x000000000800c3b0      0x120 CMakeFiles/LoRaNODE.elf.dir/home/alejo/Documents/LoRa_Project_v1/software/Project/global/Core/utils/src/trace.c.obj
                0x000000000800c3b0                Trace_Init
 .text.Trace_send
                0x000000000800c4d0       0x5c CMakeFiles/LoRaNODE.elf.dir/home/alejo/Documents/LoRa_Project_v1/software/Project/global/Core/utils/src/trace.c.obj
                0x000000000800c4d0                Trace_send
 .text.USART2_IRQHandler
                0x000000000800c52c       0x18 CMakeFiles/LoRaNODE.elf.dir/home/alejo/Documents/LoRa_Project_v1/software/Project/global/Core/utils/src/trace.c.obj
                0x000000000800c52c                USART2_IRQHandler
 .text.HAL_UART_RxCpltCallback
                0x000000000800c544       0x44 CMakeFiles/LoRaNODE.elf.dir/home/alejo/Documents/LoRa_Project_v1/software/Project/global/Core/utils/src/trace.c.obj
                0x000000000800c544                HAL_UART_RxCpltCallback
 .text.memcpy1  0x000000000800c588       0x36 CMakeFiles/LoRaNODE.elf.dir/home/alejo/Documents/LoRa_Project_v1/software/Project/global/Core/utils/src/utilities.c.obj
                0x000000000800c588                memcpy1
 *fill*         0x000000000800c5be        0x2 
 .text.HW_GPIO_Init
                0x000000000800c5c0       0xa0 CMakeFiles/LoRaNODE.elf.dir/home/alejo/Documents/LoRa_Project_v1/software/Project/global/Core/hw/src/hw_gpio.c.obj
                0x000000000800c5c0                HW_GPIO_Init
 .text.HW_GPIO_SetIrq
                0x000000000800c660       0x78 CMakeFiles/LoRaNODE.elf.dir/home/alejo/Documents/LoRa_Project_v1/software/Project/global/Core/hw/src/hw_gpio.c.obj
                0x000000000800c660                HW_GPIO_SetIrq
 .text.HW_GPIO_IrqHandler
                0x000000000800c6d8       0x3c CMakeFiles/LoRaNODE.elf.dir/home/alejo/Documents/LoRa_Project_v1/software/Project/global/Core/hw/src/hw_gpio.c.obj
                0x000000000800c6d8                HW_GPIO_IrqHandler
 .text.HW_GPIO_Write
                0x000000000800c714       0x2a CMakeFiles/LoRaNODE.elf.dir/home/alejo/Documents/LoRa_Project_v1/software/Project/global/Core/hw/src/hw_gpio.c.obj
                0x000000000800c714                HW_GPIO_Write
 *fill*         0x000000000800c73e        0x2 
 .text.HW_GPIO_GetBitPos
                0x000000000800c740       0x90 CMakeFiles/LoRaNODE.elf.dir/home/alejo/Documents/LoRa_Project_v1/software/Project/global/Core/hw/src/hw_gpio.c.obj
 .text.HW_RTC_Init
                0x000000000800c7d0       0x30 CMakeFiles/LoRaNODE.elf.dir/home/alejo/Documents/LoRa_Project_v1/software/Project/global/Core/hw/src/hw_rtc.c.obj
                0x000000000800c7d0                HW_RTC_Init
 .text.HW_RTC_SetConfig
                0x000000000800c800       0xb0 CMakeFiles/LoRaNODE.elf.dir/home/alejo/Documents/LoRa_Project_v1/software/Project/global/Core/hw/src/hw_rtc.c.obj
 .text.HW_RTC_GetMinimumTimeout
                0x000000000800c8b0        0xc CMakeFiles/LoRaNODE.elf.dir/home/alejo/Documents/LoRa_Project_v1/software/Project/global/Core/hw/src/hw_rtc.c.obj
                0x000000000800c8b0                HW_RTC_GetMinimumTimeout
 .text.HW_RTC_ms2Tick
                0x000000000800c8bc       0x30 CMakeFiles/LoRaNODE.elf.dir/home/alejo/Documents/LoRa_Project_v1/software/Project/global/Core/hw/src/hw_rtc.c.obj
                0x000000000800c8bc                HW_RTC_ms2Tick
 .text.HW_RTC_Tick2ms
                0x000000000800c8ec       0x40 CMakeFiles/LoRaNODE.elf.dir/home/alejo/Documents/LoRa_Project_v1/software/Project/global/Core/hw/src/hw_rtc.c.obj
                0x000000000800c8ec                HW_RTC_Tick2ms
 .text.HW_RTC_GetTimerElapsedTime
                0x000000000800c92c       0x30 CMakeFiles/LoRaNODE.elf.dir/home/alejo/Documents/LoRa_Project_v1/software/Project/global/Core/hw/src/hw_rtc.c.obj
                0x000000000800c92c                HW_RTC_GetTimerElapsedTime
 .text.HW_RTC_SetAlarm
                0x000000000800c95c       0x18 CMakeFiles/LoRaNODE.elf.dir/home/alejo/Documents/LoRa_Project_v1/software/Project/global/Core/hw/src/hw_rtc.c.obj
                0x000000000800c95c                HW_RTC_SetAlarm
 .text.HW_RTC_GetTimerValue
                0x000000000800c974       0x24 CMakeFiles/LoRaNODE.elf.dir/home/alejo/Documents/LoRa_Project_v1/software/Project/global/Core/hw/src/hw_rtc.c.obj
                0x000000000800c974                HW_RTC_GetTimerValue
 .text.HW_RTC_StopAlarm
                0x000000000800c998       0x40 CMakeFiles/LoRaNODE.elf.dir/home/alejo/Documents/LoRa_Project_v1/software/Project/global/Core/hw/src/hw_rtc.c.obj
                0x000000000800c998                HW_RTC_StopAlarm
 .text.HW_RTC_IrqHandler
                0x000000000800c9d8       0x60 CMakeFiles/LoRaNODE.elf.dir/home/alejo/Documents/LoRa_Project_v1/software/Project/global/Core/hw/src/hw_rtc.c.obj
                0x000000000800c9d8                HW_RTC_IrqHandler
 .text.HW_RTC_DelayMs
                0x000000000800ca38       0x40 CMakeFiles/LoRaNODE.elf.dir/home/alejo/Documents/LoRa_Project_v1/software/Project/global/Core/hw/src/hw_rtc.c.obj
                0x000000000800ca38                HW_RTC_DelayMs
 .text.HW_RTC_SetTimerContext
                0x000000000800ca78       0x30 CMakeFiles/LoRaNODE.elf.dir/home/alejo/Documents/LoRa_Project_v1/software/Project/global/Core/hw/src/hw_rtc.c.obj
                0x000000000800ca78                HW_RTC_SetTimerContext
 .text.HW_RTC_GetTimerContext
                0x000000000800caa8       0x14 CMakeFiles/LoRaNODE.elf.dir/home/alejo/Documents/LoRa_Project_v1/software/Project/global/Core/hw/src/hw_rtc.c.obj
                0x000000000800caa8                HW_RTC_GetTimerContext
 .text.HW_RTC_SetAlarmConfig
                0x000000000800cabc       0x1c CMakeFiles/LoRaNODE.elf.dir/home/alejo/Documents/LoRa_Project_v1/software/Project/global/Core/hw/src/hw_rtc.c.obj
 .text.HW_RTC_StartWakeUpAlarm
                0x000000000800cad8      0x2cc CMakeFiles/LoRaNODE.elf.dir/home/alejo/Documents/LoRa_Project_v1/software/Project/global/Core/hw/src/hw_rtc.c.obj
 .text.HW_RTC_GetCalendarValue
                0x000000000800cda4      0x14c CMakeFiles/LoRaNODE.elf.dir/home/alejo/Documents/LoRa_Project_v1/software/Project/global/Core/hw/src/hw_rtc.c.obj
 .text.HW_SPI_Init
                0x000000000800cef0       0x88 CMakeFiles/LoRaNODE.elf.dir/home/alejo/Documents/LoRa_Project_v1/software/Project/global/Core/hw/src/hw_spi.c.obj
                0x000000000800cef0                HW_SPI_Init
 .text.HW_SPI_IoInit
                0x000000000800cf78       0x8c CMakeFiles/LoRaNODE.elf.dir/home/alejo/Documents/LoRa_Project_v1/software/Project/global/Core/hw/src/hw_spi.c.obj
                0x000000000800cf78                HW_SPI_IoInit
 .text.HW_SPI_InOut
                0x000000000800d004       0x30 CMakeFiles/LoRaNODE.elf.dir/home/alejo/Documents/LoRa_Project_v1/software/Project/global/Core/hw/src/hw_spi.c.obj
                0x000000000800d004                HW_SPI_InOut
 .text.SpiFrequency
                0x000000000800d034       0x70 CMakeFiles/LoRaNODE.elf.dir/home/alejo/Documents/LoRa_Project_v1/software/Project/global/Core/hw/src/hw_spi.c.obj
 .text.ExtADC_Init
                0x000000000800d0a4       0x70 CMakeFiles/LoRaNODE.elf.dir/home/alejo/Documents/LoRa_Project_v1/software/Project/global/Drivers/AD7194/src/extADC.c.obj
                0x000000000800d0a4                ExtADC_Init
 .text.ExtADC_Reset
                0x000000000800d114       0x4e CMakeFiles/LoRaNODE.elf.dir/home/alejo/Documents/LoRa_Project_v1/software/Project/global/Drivers/AD7194/src/extADC.c.obj
                0x000000000800d114                ExtADC_Reset
 *fill*         0x000000000800d162        0x2 
 .text.ExtADC_ReadAnalogInput
                0x000000000800d164       0x78 CMakeFiles/LoRaNODE.elf.dir/home/alejo/Documents/LoRa_Project_v1/software/Project/global/Drivers/AD7194/src/extADC.c.obj
                0x000000000800d164                ExtADC_ReadAnalogInput
 .text.ExtADC_ReadVoltageInput
                0x000000000800d1dc      0x110 CMakeFiles/LoRaNODE.elf.dir/home/alejo/Documents/LoRa_Project_v1/software/Project/global/Drivers/AD7194/src/extADC.c.obj
                0x000000000800d1dc                ExtADC_ReadVoltageInput
 .text.ExtADC_loadConfigReg
                0x000000000800d2ec       0xc8 CMakeFiles/LoRaNODE.elf.dir/home/alejo/Documents/LoRa_Project_v1/software/Project/global/Drivers/AD7194/src/extADC.c.obj
                0x000000000800d2ec                ExtADC_loadConfigReg
 .text.ExtADC_loadModeReg
                0x000000000800d3b4       0x26 CMakeFiles/LoRaNODE.elf.dir/home/alejo/Documents/LoRa_Project_v1/software/Project/global/Drivers/AD7194/src/extADC.c.obj
                0x000000000800d3b4                ExtADC_loadModeReg
 *fill*         0x000000000800d3da        0x2 
 .text.ExtADC_CalcRealGain
                0x000000000800d3dc       0x44 CMakeFiles/LoRaNODE.elf.dir/home/alejo/Documents/LoRa_Project_v1/software/Project/global/Drivers/AD7194/src/extADC.c.obj
                0x000000000800d3dc                ExtADC_CalcRealGain
 .text.ExtADC_ReadRegister
                0x000000000800d420       0xc4 CMakeFiles/LoRaNODE.elf.dir/home/alejo/Documents/LoRa_Project_v1/software/Project/global/Drivers/AD7194/src/extADC.c.obj
                0x000000000800d420                ExtADC_ReadRegister
 .text.ExtADC_WriteRegister
                0x000000000800d4e4       0x4e CMakeFiles/LoRaNODE.elf.dir/home/alejo/Documents/LoRa_Project_v1/software/Project/global/Drivers/AD7194/src/extADC.c.obj
                0x000000000800d4e4                ExtADC_WriteRegister
 *fill*         0x000000000800d532        0x2 
 .text.spi_init
                0x000000000800d534      0x10c CMakeFiles/LoRaNODE.elf.dir/home/alejo/Documents/LoRa_Project_v1/software/Project/global/Drivers/AD7194/src/extADC.c.obj
                0x000000000800d534                spi_init
 .text.spi_enNSS
                0x000000000800d640       0x1c CMakeFiles/LoRaNODE.elf.dir/home/alejo/Documents/LoRa_Project_v1/software/Project/global/Drivers/AD7194/src/extADC.c.obj
                0x000000000800d640                spi_enNSS
 .text.spi_disNSS
                0x000000000800d65c       0x1c CMakeFiles/LoRaNODE.elf.dir/home/alejo/Documents/LoRa_Project_v1/software/Project/global/Drivers/AD7194/src/extADC.c.obj
                0x000000000800d65c                spi_disNSS
 .text.spi_Transmit
                0x000000000800d678       0x2c CMakeFiles/LoRaNODE.elf.dir/home/alejo/Documents/LoRa_Project_v1/software/Project/global/Drivers/AD7194/src/extADC.c.obj
                0x000000000800d678                spi_Transmit
 .text.spi_Receive
                0x000000000800d6a4       0x2c CMakeFiles/LoRaNODE.elf.dir/home/alejo/Documents/LoRa_Project_v1/software/Project/global/Drivers/AD7194/src/extADC.c.obj
                0x000000000800d6a4                spi_Receive
 .text.Reset_Handler
                0x000000000800d6d0       0x50 CMakeFiles/LoRaNODE.elf.dir/home/alejo/Documents/LoRa_Project_v1/software/Project/global/Drivers/CMSIS/Device/ST/STM32L0xx/Source/Templates/gcc/startup_stm32l072xx.s.obj
                0x000000000800d6d0                Reset_Handler
 .text.Default_Handler
                0x000000000800d720        0x2 CMakeFiles/LoRaNODE.elf.dir/home/alejo/Documents/LoRa_Project_v1/software/Project/global/Drivers/CMSIS/Device/ST/STM32L0xx/Source/Templates/gcc/startup_stm32l072xx.s.obj
                0x000000000800d720                TSC_IRQHandler
                0x000000000800d720                ADC1_COMP_IRQHandler
                0x000000000800d720                PVD_IRQHandler
                0x000000000800d720                I2C1_IRQHandler
                0x000000000800d720                RCC_CRS_IRQHandler
                0x000000000800d720                SPI1_IRQHandler
                0x000000000800d720                TIM6_DAC_IRQHandler
                0x000000000800d720                I2C2_IRQHandler
                0x000000000800d720                TIM3_IRQHandler
                0x000000000800d720                DMA1_Channel1_IRQHandler
                0x000000000800d720                USART4_5_IRQHandler
                0x000000000800d720                Default_Handler
                0x000000000800d720                TIM22_IRQHandler
                0x000000000800d720                TIM7_IRQHandler
                0x000000000800d720                USB_IRQHandler
                0x000000000800d720                I2C3_IRQHandler
                0x000000000800d720                SPI2_IRQHandler
                0x000000000800d720                TIM21_IRQHandler
                0x000000000800d720                WWDG_IRQHandler
                0x000000000800d720                TIM2_IRQHandler
                0x000000000800d720                DMA1_Channel2_3_IRQHandler
                0x000000000800d720                FLASH_IRQHandler
                0x000000000800d720                USART1_IRQHandler
                0x000000000800d720                RNG_LPUART1_IRQHandler
                0x000000000800d720                LPTIM1_IRQHandler
 *fill*         0x000000000800d722        0x2 
 .text.__libc_init_array
                0x000000000800d724       0x44 /opt/gcc-arm-none-eabi-8-2018-q4-major/bin/../lib/gcc/arm-none-eabi/8.2.1/../../../../arm-none-eabi/lib/thumb/v6-m/nofp/libg.a(lib_a-init.o)
                0x000000000800d724                __libc_init_array
 .text.malloc   0x000000000800d768       0x14 /opt/gcc-arm-none-eabi-8-2018-q4-major/bin/../lib/gcc/arm-none-eabi/8.2.1/../../../../arm-none-eabi/lib/thumb/v6-m/nofp/libg.a(lib_a-malloc.o)
                0x000000000800d768                malloc
 .text._malloc_r
                0x000000000800d77c      0x598 /opt/gcc-arm-none-eabi-8-2018-q4-major/bin/../lib/gcc/arm-none-eabi/8.2.1/../../../../arm-none-eabi/lib/thumb/v6-m/nofp/libg.a(lib_a-mallocr.o)
                0x000000000800d77c                _malloc_r
 .text.memcpy   0x000000000800dd14       0xa4 /opt/gcc-arm-none-eabi-8-2018-q4-major/bin/../lib/gcc/arm-none-eabi/8.2.1/../../../../arm-none-eabi/lib/thumb/v6-m/nofp/libg.a(lib_a-memcpy-stub.o)
                0x000000000800dd14                memcpy
 .text.memset   0x000000000800ddb8       0xa8 /opt/gcc-arm-none-eabi-8-2018-q4-major/bin/../lib/gcc/arm-none-eabi/8.2.1/../../../../arm-none-eabi/lib/thumb/v6-m/nofp/libg.a(lib_a-memset.o)
                0x000000000800ddb8                memset
 .text.__malloc_lock
                0x000000000800de60       0x10 /opt/gcc-arm-none-eabi-8-2018-q4-major/bin/../lib/gcc/arm-none-eabi/8.2.1/../../../../arm-none-eabi/lib/thumb/v6-m/nofp/libg.a(lib_a-mlock.o)
                0x000000000800de60                __malloc_lock
 .text.__malloc_unlock
                0x000000000800de70       0x10 /opt/gcc-arm-none-eabi-8-2018-q4-major/bin/../lib/gcc/arm-none-eabi/8.2.1/../../../../arm-none-eabi/lib/thumb/v6-m/nofp/libg.a(lib_a-mlock.o)
                0x000000000800de70                __malloc_unlock
 .text._sbrk_r  0x000000000800de80       0x24 /opt/gcc-arm-none-eabi-8-2018-q4-major/bin/../lib/gcc/arm-none-eabi/8.2.1/../../../../arm-none-eabi/lib/thumb/v6-m/nofp/libg.a(lib_a-sbrkr.o)
                0x000000000800de80                _sbrk_r
 .text.strlen   0x000000000800dea4       0x68 /opt/gcc-arm-none-eabi-8-2018-q4-major/bin/../lib/gcc/arm-none-eabi/8.2.1/../../../../arm-none-eabi/lib/thumb/v6-m/nofp/libg.a(lib_a-strlen-stub.o)
                0x000000000800dea4                strlen
 .text._vsprintf_r
                0x000000000800df0c       0x2c /opt/gcc-arm-none-eabi-8-2018-q4-major/bin/../lib/gcc/arm-none-eabi/8.2.1/../../../../arm-none-eabi/lib/thumb/v6-m/nofp/libg.a(lib_a-vsprintf.o)
                0x000000000800df0c                _vsprintf_r
 .text.vsprintf
                0x000000000800df38       0x18 /opt/gcc-arm-none-eabi-8-2018-q4-major/bin/../lib/gcc/arm-none-eabi/8.2.1/../../../../arm-none-eabi/lib/thumb/v6-m/nofp/libg.a(lib_a-vsprintf.o)
                0x000000000800df38                vsprintf
 .text.startup.register_fini
                0x000000000800df50       0x18 /opt/gcc-arm-none-eabi-8-2018-q4-major/bin/../lib/gcc/arm-none-eabi/8.2.1/../../../../arm-none-eabi/lib/thumb/v6-m/nofp/libg.a(lib_a-__call_atexit.o)