Archive member included to satisfy reference by file (symbol)

/usr/bin/../lib/gcc/arm-none-eabi/7.3.1/thumb/v6-m/libgcc.a(_udivsi3.o)
                              CMakeFiles/LoRaNODE.elf.dir/Drivers/STM32L0xx_HAL_Driver/Src/stm32l0xx_hal.c.obj (__aeabi_uidiv)
/usr/bin/../lib/gcc/arm-none-eabi/7.3.1/thumb/v6-m/libgcc.a(_divsi3.o)
                              CMakeFiles/LoRaNODE.elf.dir/Core/BOARDS/B-L072Z-LRWAN1/src/mlm32l0xx_hw.c.obj (__aeabi_idiv)
/usr/bin/../lib/gcc/arm-none-eabi/7.3.1/thumb/v6-m/libgcc.a(_dvmd_tls.o)
                              /usr/bin/../lib/gcc/arm-none-eabi/7.3.1/thumb/v6-m/libgcc.a(_udivsi3.o) (__aeabi_idiv0)
/usr/bin/../lib/gcc/arm-none-eabi/7.3.1/thumb/v6-m/libgcc.a(_arm_cmpdf2.o)
                              CMakeFiles/LoRaNODE.elf.dir/Drivers/BSP/Components/sx1276/sx1276.c.obj (__aeabi_dcmpgt)
/usr/bin/../lib/gcc/arm-none-eabi/7.3.1/thumb/v6-m/libgcc.a(_arm_cmpsf2.o)
                              CMakeFiles/LoRaNODE.elf.dir/Core/Src/hw_rtc.c.obj (__aeabi_fcmplt)
/usr/bin/../lib/gcc/arm-none-eabi/7.3.1/thumb/v6-m/libgcc.a(_aeabi_uldivmod.o)
                              CMakeFiles/LoRaNODE.elf.dir/Drivers/STM32L0xx_HAL_Driver/Src/stm32l0xx_hal_uart.c.obj (__aeabi_uldivmod)
/usr/bin/../lib/gcc/arm-none-eabi/7.3.1/thumb/v6-m/libgcc.a(_fixunssfsi.o)
                              CMakeFiles/LoRaNODE.elf.dir/Core/Src/hw_rtc.c.obj (__aeabi_f2uiz)
/usr/bin/../lib/gcc/arm-none-eabi/7.3.1/thumb/v6-m/libgcc.a(_fixunsdfsi.o)
                              CMakeFiles/LoRaNODE.elf.dir/Drivers/BSP/Components/sx1276/sx1276.c.obj (__aeabi_d2uiz)
/usr/bin/../lib/gcc/arm-none-eabi/7.3.1/thumb/v6-m/libgcc.a(_udivmoddi4.o)
                              /usr/bin/../lib/gcc/arm-none-eabi/7.3.1/thumb/v6-m/libgcc.a(_aeabi_uldivmod.o) (__udivmoddi4)
/usr/bin/../lib/gcc/arm-none-eabi/7.3.1/thumb/v6-m/libgcc.a(addsf3.o)
                              CMakeFiles/LoRaNODE.elf.dir/Core/Src/hw_rtc.c.obj (__aeabi_fadd)
/usr/bin/../lib/gcc/arm-none-eabi/7.3.1/thumb/v6-m/libgcc.a(divsf3.o)
                              CMakeFiles/LoRaNODE.elf.dir/Core/Src/hw_rtc.c.obj (__aeabi_fdiv)
/usr/bin/../lib/gcc/arm-none-eabi/7.3.1/thumb/v6-m/libgcc.a(eqsf2.o)
                              /usr/bin/../lib/gcc/arm-none-eabi/7.3.1/thumb/v6-m/libgcc.a(_arm_cmpsf2.o) (__eqsf2)
/usr/bin/../lib/gcc/arm-none-eabi/7.3.1/thumb/v6-m/libgcc.a(gesf2.o)
                              /usr/bin/../lib/gcc/arm-none-eabi/7.3.1/thumb/v6-m/libgcc.a(_arm_cmpsf2.o) (__gesf2)
/usr/bin/../lib/gcc/arm-none-eabi/7.3.1/thumb/v6-m/libgcc.a(lesf2.o)
                              /usr/bin/../lib/gcc/arm-none-eabi/7.3.1/thumb/v6-m/libgcc.a(_arm_cmpsf2.o) (__lesf2)
/usr/bin/../lib/gcc/arm-none-eabi/7.3.1/thumb/v6-m/libgcc.a(mulsf3.o)
                              CMakeFiles/LoRaNODE.elf.dir/Core/Src/hw_rtc.c.obj (__aeabi_fmul)
/usr/bin/../lib/gcc/arm-none-eabi/7.3.1/thumb/v6-m/libgcc.a(subsf3.o)
                              CMakeFiles/LoRaNODE.elf.dir/Middlewares/Third_Party/LoRaWAN/Mac/region/RegionCommon.c.obj (__aeabi_fsub)
/usr/bin/../lib/gcc/arm-none-eabi/7.3.1/thumb/v6-m/libgcc.a(fixsfsi.o)
                              /usr/bin/../lib/gcc/arm-none-eabi/7.3.1/thumb/v6-m/libgcc.a(_fixunssfsi.o) (__aeabi_f2iz)
/usr/bin/../lib/gcc/arm-none-eabi/7.3.1/thumb/v6-m/libgcc.a(floatsisf.o)
                              CMakeFiles/LoRaNODE.elf.dir/Middlewares/Third_Party/LoRaWAN/Mac/region/RegionKR920.c.obj (__aeabi_i2f)
/usr/bin/../lib/gcc/arm-none-eabi/7.3.1/thumb/v6-m/libgcc.a(floatunsisf.o)
                              CMakeFiles/LoRaNODE.elf.dir/Middlewares/Third_Party/LoRaWAN/Mac/LoRaMac.c.obj (__aeabi_ui2f)
/usr/bin/../lib/gcc/arm-none-eabi/7.3.1/thumb/v6-m/libgcc.a(adddf3.o)
                              CMakeFiles/LoRaNODE.elf.dir/Drivers/BSP/Components/sx1276/sx1276.c.obj (__aeabi_dadd)
/usr/bin/../lib/gcc/arm-none-eabi/7.3.1/thumb/v6-m/libgcc.a(divdf3.o)
                              CMakeFiles/LoRaNODE.elf.dir/Drivers/BSP/Components/sx1276/sx1276.c.obj (__aeabi_ddiv)
/usr/bin/../lib/gcc/arm-none-eabi/7.3.1/thumb/v6-m/libgcc.a(eqdf2.o)
                              /usr/bin/../lib/gcc/arm-none-eabi/7.3.1/thumb/v6-m/libgcc.a(_arm_cmpdf2.o) (__eqdf2)
/usr/bin/../lib/gcc/arm-none-eabi/7.3.1/thumb/v6-m/libgcc.a(gedf2.o)
                              /usr/bin/../lib/gcc/arm-none-eabi/7.3.1/thumb/v6-m/libgcc.a(_arm_cmpdf2.o) (__gedf2)
/usr/bin/../lib/gcc/arm-none-eabi/7.3.1/thumb/v6-m/libgcc.a(ledf2.o)
                              /usr/bin/../lib/gcc/arm-none-eabi/7.3.1/thumb/v6-m/libgcc.a(_arm_cmpdf2.o) (__ledf2)
/usr/bin/../lib/gcc/arm-none-eabi/7.3.1/thumb/v6-m/libgcc.a(muldf3.o)
                              CMakeFiles/LoRaNODE.elf.dir/Drivers/BSP/Components/sx1276/sx1276.c.obj (__aeabi_dmul)
/usr/bin/../lib/gcc/arm-none-eabi/7.3.1/thumb/v6-m/libgcc.a(subdf3.o)
                              CMakeFiles/LoRaNODE.elf.dir/Middlewares/Third_Party/LoRaWAN/Mac/region/RegionCommon.c.obj (__aeabi_dsub)
[...]
Memory Configuration

Name             Origin             Length             Attributes
RAM              0x0000000020000000 0x0000000000005000 xrw
FLASH            0x0000000008000000 0x0000000000020000 xr
*default*        0x0000000000000000 0xffffffffffffffff

Linker script and memory map

LOAD /usr/bin/../lib/gcc/arm-none-eabi/7.3.1/thumb/v6-m/crti.o
LOAD /usr/bin/../lib/gcc/arm-none-eabi/7.3.1/thumb/v6-m/crtbegin.o
LOAD /usr/bin/../lib/gcc/arm-none-eabi/7.3.1/../../../../arm-none-eabi/lib/thumb/v6-m/crt0.o
LOAD CMakeFiles/LoRaNODE.elf.dir/Drivers/STM32L0xx_HAL_Driver/Src/stm32l0xx_hal.c.obj
LOAD CMakeFiles/LoRaNODE.elf.dir/Drivers/STM32L0xx_HAL_Driver/Src/stm32l0xx_hal_adc.c.obj
LOAD CMakeFiles/LoRaNODE.elf.dir/Drivers/STM32L0xx_HAL_Driver/Src/stm32l0xx_hal_adc_ex.c.obj
LOAD CMakeFiles/LoRaNODE.elf.dir/Drivers/STM32L0xx_HAL_Driver/Src/stm32l0xx_hal_cortex.c.obj
LOAD CMakeFiles/LoRaNODE.elf.dir/Drivers/STM32L0xx_HAL_Driver/Src/stm32l0xx_hal_dma.c.obj
LOAD CMakeFiles/LoRaNODE.elf.dir/Drivers/STM32L0xx_HAL_Driver/Src/stm32l0xx_hal_flash.c.obj
LOAD CMakeFiles/LoRaNODE.elf.dir/Drivers/STM32L0xx_HAL_Driver/Src/stm32l0xx_hal_flash_ex.c.obj
LOAD CMakeFiles/LoRaNODE.elf.dir/Drivers/STM32L0xx_HAL_Driver/Src/stm32l0xx_hal_flash_ramfunc.c.obj
LOAD CMakeFiles/LoRaNODE.elf.dir/Drivers/STM32L0xx_HAL_Driver/Src/stm32l0xx_hal_gpio.c.obj
LOAD CMakeFiles/LoRaNODE.elf.dir/Drivers/STM32L0xx_HAL_Driver/Src/stm32l0xx_hal_i2c.c.obj
LOAD CMakeFiles/LoRaNODE.elf.dir/Drivers/STM32L0xx_HAL_Driver/Src/stm32l0xx_hal_i2c_ex.c.obj
LOAD CMakeFiles/LoRaNODE.elf.dir/Drivers/STM32L0xx_HAL_Driver/Src/stm32l0xx_hal_pwr.c.obj
LOAD CMakeFiles/LoRaNODE.elf.dir/Drivers/STM32L0xx_HAL_Driver/Src/stm32l0xx_hal_pwr_ex.c.obj
LOAD CMakeFiles/LoRaNODE.elf.dir/Drivers/STM32L0xx_HAL_Driver/Src/stm32l0xx_hal_rcc.c.obj
LOAD CMakeFiles/LoRaNODE.elf.dir/Drivers/STM32L0xx_HAL_Driver/Src/stm32l0xx_hal_rcc_ex.c.obj
LOAD CMakeFiles/LoRaNODE.elf.dir/Drivers/STM32L0xx_HAL_Driver/Src/stm32l0xx_hal_rtc.c.obj
LOAD CMakeFiles/LoRaNODE.elf.dir/Drivers/STM32L0xx_HAL_Driver/Src/stm32l0xx_hal_rtc_ex.c.obj
LOAD CMakeFiles/LoRaNODE.elf.dir/Drivers/STM32L0xx_HAL_Driver/Src/stm32l0xx_hal_spi.c.obj
LOAD CMakeFiles/LoRaNODE.elf.dir/Drivers/STM32L0xx_HAL_Driver/Src/stm32l0xx_hal_tim.c.obj
LOAD CMakeFiles/LoRaNODE.elf.dir/Drivers/STM32L0xx_HAL_Driver/Src/stm32l0xx_hal_tim_ex.c.obj
LOAD CMakeFiles/LoRaNODE.elf.dir/Drivers/STM32L0xx_HAL_Driver/Src/stm32l0xx_hal_uart.c.obj
LOAD CMakeFiles/LoRaNODE.elf.dir/Drivers/STM32L0xx_HAL_Driver/Src/stm32l0xx_hal_uart_ex.c.obj
LOAD CMakeFiles/LoRaNODE.elf.dir/Drivers/CMSIS/Device/ST/STM32L0xx/Source/Templates/system_stm32l0xx.c.obj
LOAD CMakeFiles/LoRaNODE.elf.dir/Drivers/BSP/B-L072Z-LRWAN1/b-l072z-lrwan1.c.obj
LOAD CMakeFiles/LoRaNODE.elf.dir/Core/BOARDS/B-L072Z-LRWAN1/src/mlm32l0xx_hal_msp.c.obj
LOAD CMakeFiles/LoRaNODE.elf.dir/Core/BOARDS/B-L072Z-LRWAN1/src/mlm32l0xx_hw.c.obj
LOAD CMakeFiles/LoRaNODE.elf.dir/Core/BOARDS/B-L072Z-LRWAN1/src/mlm32l0xx_it.c.obj
LOAD CMakeFiles/LoRaNODE.elf.dir/Drivers/BSP/CMWX1ZZABZ-0xx/mlm32l07x01.c.obj
LOAD CMakeFiles/LoRaNODE.elf.dir/Drivers/BSP/Components/sx1276/sx1276.c.obj
LOAD CMakeFiles/LoRaNODE.elf.dir/Middlewares/Third_Party/FreeRTOS/Source/CMSIS_RTOS/cmsis_os.c.obj
LOAD CMakeFiles/LoRaNODE.elf.dir/Middlewares/Third_Party/FreeRTOS/Source/croutine.c.obj
LOAD CMakeFiles/LoRaNODE.elf.dir/Middlewares/Third_Party/FreeRTOS/Source/event_groups.c.obj
LOAD CMakeFiles/LoRaNODE.elf.dir/Middlewares/Third_Party/FreeRTOS/Source/list.c.obj
LOAD CMakeFiles/LoRaNODE.elf.dir/Middlewares/Third_Party/FreeRTOS/Source/portable/GCC/ARM_CM0/port.c.obj
LOAD CMakeFiles/LoRaNODE.elf.dir/Middlewares/Third_Party/FreeRTOS/Source/portable/MemMang/heap_4.c.obj
LOAD CMakeFiles/LoRaNODE.elf.dir/Middlewares/Third_Party/FreeRTOS/Source/queue.c.obj
LOAD CMakeFiles/LoRaNODE.elf.dir/Middlewares/Third_Party/FreeRTOS/Source/tasks.c.obj
LOAD CMakeFiles/LoRaNODE.elf.dir/Middlewares/Third_Party/FreeRTOS/Source/timers.c.obj
LOAD CMakeFiles/LoRaNODE.elf.dir/Middlewares/Third_Party/LoRaWAN/Crypto/aes.c.obj
LOAD CMakeFiles/LoRaNODE.elf.dir/Middlewares/Third_Party/LoRaWAN/Crypto/cmac.c.obj
LOAD CMakeFiles/LoRaNODE.elf.dir/Middlewares/Third_Party/LoRaWAN/Crypto/soft-se.c.obj
LOAD CMakeFiles/LoRaNODE.elf.dir/Middlewares/Third_Party/LoRaWAN/Mac/LoRaMac.c.obj
LOAD CMakeFiles/LoRaNODE.elf.dir/Middlewares/Third_Party/LoRaWAN/Mac/LoRaMacAdr.c.obj
LOAD CMakeFiles/LoRaNODE.elf.dir/Middlewares/Third_Party/LoRaWAN/Mac/LoRaMacClassB.c.obj
LOAD CMakeFiles/LoRaNODE.elf.dir/Middlewares/Third_Party/LoRaWAN/Mac/LoRaMacCommands.c.obj
LOAD CMakeFiles/LoRaNODE.elf.dir/Middlewares/Third_Party/LoRaWAN/Mac/LoRaMacConfirmQueue.c.obj
LOAD CMakeFiles/LoRaNODE.elf.dir/Middlewares/Third_Party/LoRaWAN/Mac/LoRaMacCrypto.c.obj
LOAD CMakeFiles/LoRaNODE.elf.dir/Middlewares/Third_Party/LoRaWAN/Mac/LoRaMacFCntHandler.c.obj
LOAD CMakeFiles/LoRaNODE.elf.dir/Middlewares/Third_Party/LoRaWAN/Mac/LoRaMacParser.c.obj
LOAD CMakeFiles/LoRaNODE.elf.dir/Middlewares/Third_Party/LoRaWAN/Mac/LoRaMacSerializer.c.obj
LOAD CMakeFiles/LoRaNODE.elf.dir/Middlewares/Third_Party/LoRaWAN/Mac/region/Region.c.obj
LOAD CMakeFiles/LoRaNODE.elf.dir/Middlewares/Third_Party/LoRaWAN/Mac/region/RegionAS923.c.obj
LOAD CMakeFiles/LoRaNODE.elf.dir/Middlewares/Third_Party/LoRaWAN/Mac/region/RegionAU915.c.obj
LOAD CMakeFiles/LoRaNODE.elf.dir/Middlewares/Third_Party/LoRaWAN/Mac/region/RegionCN470.c.obj
LOAD CMakeFiles/LoRaNODE.elf.dir/Middlewares/Third_Party/LoRaWAN/Mac/region/RegionCN779.c.obj
LOAD CMakeFiles/LoRaNODE.elf.dir/Middlewares/Third_Party/LoRaWAN/Mac/region/RegionCommon.c.obj
LOAD CMakeFiles/LoRaNODE.elf.dir/Middlewares/Third_Party/LoRaWAN/Mac/region/RegionEU433.c.obj
LOAD CMakeFiles/LoRaNODE.elf.dir/Middlewares/Third_Party/LoRaWAN/Mac/region/RegionEU868.c.obj
LOAD CMakeFiles/LoRaNODE.elf.dir/Middlewares/Third_Party/LoRaWAN/Mac/region/RegionIN865.c.obj
LOAD CMakeFiles/LoRaNODE.elf.dir/Middlewares/Third_Party/LoRaWAN/Mac/region/RegionKR920.c.obj
LOAD CMakeFiles/LoRaNODE.elf.dir/Middlewares/Third_Party/LoRaWAN/Mac/region/RegionRU864.c.obj
LOAD CMakeFiles/LoRaNODE.elf.dir/Middlewares/Third_Party/LoRaWAN/Mac/region/RegionUS915.c.obj
LOAD CMakeFiles/LoRaNODE.elf.dir/Middlewares/Third_Party/LoRaWAN/Utilities/low_power_manager.c.obj
LOAD CMakeFiles/LoRaNODE.elf.dir/Middlewares/Third_Party/LoRaWAN/Utilities/queue_l.c.obj
LOAD CMakeFiles/LoRaNODE.elf.dir/Middlewares/Third_Party/LoRaWAN/Utilities/systime.c.obj
LOAD CMakeFiles/LoRaNODE.elf.dir/Middlewares/Third_Party/LoRaWAN/Utilities/timeServer.c.obj
LOAD CMakeFiles/LoRaNODE.elf.dir/Middlewares/Third_Party/LoRaWAN/Utilities/trace.c.obj
LOAD CMakeFiles/LoRaNODE.elf.dir/Middlewares/Third_Party/LoRaWAN/Utilities/utilities.c.obj
LOAD CMakeFiles/LoRaNODE.elf.dir/Core/Src/debug.c.obj
LOAD CMakeFiles/LoRaNODE.elf.dir/Core/Src/freertos.c.obj
LOAD CMakeFiles/LoRaNODE.elf.dir/Core/Src/hw_gpio.c.obj
LOAD CMakeFiles/LoRaNODE.elf.dir/Core/Src/hw_rtc.c.obj
LOAD CMakeFiles/LoRaNODE.elf.dir/Core/Src/hw_spi.c.obj
LOAD CMakeFiles/LoRaNODE.elf.dir/Core/Src/main_2.c.obj
LOAD CMakeFiles/LoRaNODE.elf.dir/Core/Src/vcom.c.obj
LOAD CMakeFiles/LoRaNODE.elf.dir/startup/startup_stm32l072xx.s.obj
START GROUP
LOAD /usr/bin/../lib/gcc/arm-none-eabi/7.3.1/thumb/v6-m/libgcc.a
LOAD /usr/bin/../lib/gcc/arm-none-eabi/7.3.1/../../../../arm-none-eabi/lib/thumb/v6-m/libg.a
LOAD /usr/bin/../lib/gcc/arm-none-eabi/7.3.1/../../../../arm-none-eabi/lib/thumb/v6-m/libc.a
END GROUP
START GROUP
LOAD /usr/bin/../lib/gcc/arm-none-eabi/7.3.1/thumb/v6-m/libgcc.a
LOAD /usr/bin/../lib/gcc/arm-none-eabi/7.3.1/../../../../arm-none-eabi/lib/thumb/v6-m/libc.a
LOAD /usr/bin/../lib/gcc/arm-none-eabi/7.3.1/../../../../arm-none-eabi/lib/thumb/v6-m/libnosys.a
END GROUP
LOAD /usr/bin/../lib/gcc/arm-none-eabi/7.3.1/thumb/v6-m/crtend.o
LOAD /usr/bin/../lib/gcc/arm-none-eabi/7.3.1/thumb/v6-m/crtn.o
                0x0000000020005000                _estack = 0x20005000
                0x0000000000000200                _Min_Heap_Size = 0x200
                0x0000000000000400                _Min_Stack_Size = 0x400

.isr_vector     0x0000000008000000       0xc0
                0x0000000008000000                . = ALIGN (0x4)
 *(.isr_vector)
 .isr_vector    0x0000000008000000       0xc0 CMakeFiles/LoRaNODE.elf.dir/startup/startup_stm32l072xx.s.obj
                0x0000000008000000                g_pfnVectors
                0x00000000080000c0                . = ALIGN (0x4)

.text           0x00000000080000c0    0x1077c
                0x00000000080000c0                . = ALIGN (0x4)
 *(.text)
 .text          0x00000000080000c0       0x48 /usr/bin/../lib/gcc/arm-none-eabi/7.3.1/thumb/v6-m/crtbegin.o
 .text          0x0000000008000108      0x114 /usr/bin/../lib/gcc/arm-none-eabi/7.3.1/thumb/v6-m/libgcc.a(_udivsi3.o)
                0x0000000008000108                __udivsi3
                0x0000000008000108                __aeabi_uidiv
                0x0000000008000214                __aeabi_uidivmod
 .text          0x000000000800021c      0x1d4 /usr/bin/../lib/gcc/arm-none-eabi/7.3.1/thumb/v6-m/libgcc.a(_divsi3.o)
                0x000000000800021c                __aeabi_idiv
                0x000000000800021c                __divsi3
                0x00000000080003e8                __aeabi_idivmod
 .text          0x00000000080003f0        0x4 /usr/bin/../lib/gcc/arm-none-eabi/7.3.1/thumb/v6-m/libgcc.a(_dvmd_tls.o)
                0x00000000080003f0                __aeabi_ldiv0
                0x00000000080003f0                __aeabi_idiv0
 .text          0x00000000080003f4       0x7c /usr/bin/../lib/gcc/arm-none-eabi/7.3.1/thumb/v6-m/libgcc.a(_arm_cmpdf2.o)
                0x00000000080003f4                __aeabi_cdrcmple
                0x0000000008000404                __aeabi_cdcmple
                0x0000000008000404                __aeabi_cdcmpeq
                0x0000000008000414                __aeabi_dcmpeq
                0x0000000008000420                __aeabi_dcmplt
                0x0000000008000434                __aeabi_dcmple
                0x0000000008000448                __aeabi_dcmpgt
                0x000000000800045c                __aeabi_dcmpge
 .text          0x0000000008000470       0x40 /usr/bin/../lib/gcc/arm-none-eabi/7.3.1/thumb/v6-m/libgcc.a(_aeabi_uldivmod.o)
                0x0000000008000470                __aeabi_uldivmod
 .text          0x00000000080004b0       0x3c /usr/bin/../lib/gcc/arm-none-eabi/7.3.1/thumb/v6-m/libgcc.a(_fixunsdfsi.o)
                0x00000000080004b0                __fixunsdfsi
                0x00000000080004b0                __aeabi_d2uiz
 .text          0x00000000080004ec      0x184 /usr/bin/../lib/gcc/arm-none-eabi/7.3.1/thumb/v6-m/libgcc.a(_udivmoddi4.o)
                0x00000000080004ec                __udivmoddi4
 .text          0x0000000008000670      0x638 /usr/bin/../lib/gcc/arm-none-eabi/7.3.1/thumb/v6-m/libgcc.a(adddf3.o)
                0x0000000008000670                __aeabi_dadd
 .text          0x0000000008000ca8      0x604 /usr/bin/../lib/gcc/arm-none-eabi/7.3.1/thumb/v6-m/libgcc.a(divdf3.o)
                0x0000000008000ca8                __aeabi_ddiv
 .text          0x00000000080012ac       0x78 /usr/bin/../lib/gcc/arm-none-eabi/7.3.1/thumb/v6-m/libgcc.a(eqdf2.o)
                0x00000000080012ac                __eqdf2
                0x00000000080012ac                __nedf2
 .text          0x0000000008001324       0xc8 /usr/bin/../lib/gcc/arm-none-eabi/7.3.1/thumb/v6-m/libgcc.a(gedf2.o)
                0x0000000008001324                __gtdf2
                0x0000000008001324                __gedf2
 .text          0x00000000080013ec       0xd0 /usr/bin/../lib/gcc/arm-none-eabi/7.3.1/thumb/v6-m/libgcc.a(ledf2.o)
                0x00000000080013ec                __ltdf2
                0x00000000080013ec                __ledf2
 .text          0x00000000080014bc      0x4e4 /usr/bin/../lib/gcc/arm-none-eabi/7.3.1/thumb/v6-m/libgcc.a(muldf3.o)
                0x00000000080014bc                __aeabi_dmul
 .text          0x00000000080019a0      0x690 /usr/bin/../lib/gcc/arm-none-eabi/7.3.1/thumb/v6-m/libgcc.a(subdf3.o)
                0x00000000080019a0                __aeabi_dsub
 .text          0x0000000008002030       0x6c /usr/bin/../lib/gcc/arm-none-eabi/7.3.1/thumb/v6-m/libgcc.a(fixdfsi.o)
                0x0000000008002030                __aeabi_d2iz
 .text          0x000000000800209c       0x74 /usr/bin/../lib/gcc/arm-none-eabi/7.3.1/thumb/v6-m/libgcc.a(floatsidf.o)
                0x000000000800209c                __aeabi_i2d
 .text          0x0000000008002110       0x64 /usr/bin/../lib/gcc/arm-none-eabi/7.3.1/thumb/v6-m/libgcc.a(floatunsidf.o)
                0x0000000008002110                __aeabi_ui2d
 .text          0x0000000008002174       0x3c /usr/bin/../lib/gcc/arm-none-eabi/7.3.1/thumb/v6-m/libgcc.a(_clzsi2.o)
                0x0000000008002174                __clzsi2
 .text          0x00000000080021b0       0x18 /usr/bin/../lib/gcc/arm-none-eabi/7.3.1/thumb/v6-m/libgcc.a(_clzdi2.o)
                0x00000000080021b0                __clzdi2
 .text          0x00000000080021c8       0x38 /usr/bin/../lib/gcc/arm-none-eabi/7.3.1/thumb/v6-m/libgcc.a(unorddf2.o)
                0x00000000080021c8                __aeabi_dcmpun
 *(.text*)
 .text.HAL_Init
                0x0000000008002200       0x28 CMakeFiles/LoRaNODE.elf.dir/Drivers/STM32L0xx_HAL_Driver/Src/stm32l0xx_hal.c.obj
                0x0000000008002200                HAL_Init
 .text.HAL_IncTick
                0x0000000008002228       0x18 CMakeFiles/LoRaNODE.elf.dir/Drivers/STM32L0xx_HAL_Driver/Src/stm32l0xx_hal.c.obj
                0x0000000008002228                HAL_IncTick
 .text.HAL_GetTick
                0x0000000008002240       0x14 CMakeFiles/LoRaNODE.elf.dir/Drivers/STM32L0xx_HAL_Driver/Src/stm32l0xx_hal.c.obj
                0x0000000008002240                HAL_GetTick
 .text.HAL_DBGMCU_DisableDBGSleepMode
                0x0000000008002254       0x1c CMakeFiles/LoRaNODE.elf.dir/Drivers/STM32L0xx_HAL_Driver/Src/stm32l0xx_hal.c.obj
                0x0000000008002254                HAL_DBGMCU_DisableDBGSleepMode
 .text.HAL_DBGMCU_DisableDBGStopMode
                0x0000000008002270       0x1c CMakeFiles/LoRaNODE.elf.dir/Drivers/STM32L0xx_HAL_Driver/Src/stm32l0xx_hal.c.obj
                0x0000000008002270                HAL_DBGMCU_DisableDBGStopMode
 .text.HAL_DBGMCU_DisableDBGStandbyMode
                0x000000000800228c       0x1c CMakeFiles/LoRaNODE.elf.dir/Drivers/STM32L0xx_HAL_Driver/Src/stm32l0xx_hal.c.obj
                0x000000000800228c                HAL_DBGMCU_DisableDBGStandbyMode
 .text.HAL_ADC_Init
                0x00000000080022a8      0x2dc CMakeFiles/LoRaNODE.elf.dir/Drivers/STM32L0xx_HAL_Driver/Src/stm32l0xx_hal_adc.c.obj
                0x00000000080022a8                HAL_ADC_Init
 .text.HAL_ADC_MspInit
                0x0000000008002584       0x10 CMakeFiles/LoRaNODE.elf.dir/Drivers/STM32L0xx_HAL_Driver/Src/stm32l0xx_hal_adc.c.obj
                0x0000000008002584                HAL_ADC_MspInit
 .text.NVIC_EnableIRQ
                0x0000000008002594       0x2c CMakeFiles/LoRaNODE.elf.dir/Drivers/STM32L0xx_HAL_Driver/Src/stm32l0xx_hal_cortex.c.obj
 .text.NVIC_SetPriority
                0x00000000080025c0       0xdc CMakeFiles/LoRaNODE.elf.dir/Drivers/STM32L0xx_HAL_Driver/Src/stm32l0xx_hal_cortex.c.obj
 .text.HAL_NVIC_SetPriority
                0x000000000800269c       0x2a CMakeFiles/LoRaNODE.elf.dir/Drivers/STM32L0xx_HAL_Driver/Src/stm32l0xx_hal_cortex.c.obj
                0x000000000800269c                HAL_NVIC_SetPriority
 .text.HAL_NVIC_EnableIRQ
                0x00000000080026c6       0x20 CMakeFiles/LoRaNODE.elf.dir/Drivers/STM32L0xx_HAL_Driver/Src/stm32l0xx_hal_cortex.c.obj
                0x00000000080026c6                HAL_NVIC_EnableIRQ
 *fill*         0x00000000080026e6        0x2 
 .text.HAL_DMA_Init
                0x00000000080026e8      0x1d8 CMakeFiles/LoRaNODE.elf.dir/Drivers/STM32L0xx_HAL_Driver/Src/stm32l0xx_hal_dma.c.obj
                0x00000000080026e8                HAL_DMA_Init
 .text.HAL_DMA_Start_IT
                0x00000000080028c0       0x92 CMakeFiles/LoRaNODE.elf.dir/Drivers/STM32L0xx_HAL_Driver/Src/stm32l0xx_hal_dma.c.obj
                0x00000000080028c0                HAL_DMA_Start_IT
 *fill*         0x0000000008002952        0x2 
 .text.HAL_DMA_Abort_IT
                0x0000000008002954       0xfc CMakeFiles/LoRaNODE.elf.dir/Drivers/STM32L0xx_HAL_Driver/Src/stm32l0xx_hal_dma.c.obj
                0x0000000008002954                HAL_DMA_Abort_IT
 .text.HAL_DMA_IRQHandler
                0x0000000008002a50      0x38c CMakeFiles/LoRaNODE.elf.dir/Drivers/STM32L0xx_HAL_Driver/Src/stm32l0xx_hal_dma.c.obj
                0x0000000008002a50                HAL_DMA_IRQHandler
 .text.DMA_SetConfig
                0x0000000008002ddc       0x48 CMakeFiles/LoRaNODE.elf.dir/Drivers/STM32L0xx_HAL_Driver/Src/stm32l0xx_hal_dma.c.obj
 .text.HAL_GPIO_Init
                0x0000000008002e24      0x2fc CMakeFiles/LoRaNODE.elf.dir/Drivers/STM32L0xx_HAL_Driver/Src/stm32l0xx_hal_gpio.c.obj
                0x0000000008002e24                HAL_GPIO_Init
 .text.HAL_GPIO_WritePin
                0x0000000008003120       0x3a CMakeFiles/LoRaNODE.elf.dir/Drivers/STM32L0xx_HAL_Driver/Src/stm32l0xx_hal_gpio.c.obj
                0x0000000008003120                HAL_GPIO_WritePin
 *fill*         0x000000000800315a        0x2 
 .text.HAL_GPIO_EXTI_IRQHandler
                0x000000000800315c       0x38 CMakeFiles/LoRaNODE.elf.dir/Drivers/STM32L0xx_HAL_Driver/Src/stm32l0xx_hal_gpio.c.obj
                0x000000000800315c                HAL_GPIO_EXTI_IRQHandler
 .text.HAL_PWR_DisablePVD
                0x0000000008003194       0x1c CMakeFiles/LoRaNODE.elf.dir/Drivers/STM32L0xx_HAL_Driver/Src/stm32l0xx_hal_pwr.c.obj
                0x0000000008003194                HAL_PWR_DisablePVD
 .text.HAL_PWREx_EnableFastWakeUp
                0x00000000080031b0       0x1c CMakeFiles/LoRaNODE.elf.dir/Drivers/STM32L0xx_HAL_Driver/Src/stm32l0xx_hal_pwr_ex.c.obj
                0x00000000080031b0                HAL_PWREx_EnableFastWakeUp
 .text.HAL_PWREx_EnableUltraLowPower
                0x00000000080031cc       0x1c CMakeFiles/LoRaNODE.elf.dir/Drivers/STM32L0xx_HAL_Driver/Src/stm32l0xx_hal_pwr_ex.c.obj
                0x00000000080031cc                HAL_PWREx_EnableUltraLowPower
 .text.HAL_RCC_OscConfig
                0x00000000080031e8      0x754 CMakeFiles/LoRaNODE.elf.dir/Drivers/STM32L0xx_HAL_Driver/Src/stm32l0xx_hal_rcc.c.obj
                0x00000000080031e8                HAL_RCC_OscConfig
 .text.HAL_RCC_ClockConfig
                0x000000000800393c      0x238 CMakeFiles/LoRaNODE.elf.dir/Drivers/STM32L0xx_HAL_Driver/Src/stm32l0xx_hal_rcc.c.obj
                0x000000000800393c                HAL_RCC_ClockConfig
 .text.HAL_RCC_GetSysClockFreq
                0x0000000008003b74      0x120 CMakeFiles/LoRaNODE.elf.dir/Drivers/STM32L0xx_HAL_Driver/Src/stm32l0xx_hal_rcc.c.obj
                0x0000000008003b74                HAL_RCC_GetSysClockFreq
 .text.HAL_RCC_GetHCLKFreq
                0x0000000008003c94       0x14 CMakeFiles/LoRaNODE.elf.dir/Drivers/STM32L0xx_HAL_Driver/Src/stm32l0xx_hal_rcc.c.obj
                0x0000000008003c94                HAL_RCC_GetHCLKFreq
 .text.HAL_RCC_GetPCLK1Freq
                0x0000000008003ca8       0x2c CMakeFiles/LoRaNODE.elf.dir/Drivers/STM32L0xx_HAL_Driver/Src/stm32l0xx_hal_rcc.c.obj
                0x0000000008003ca8                HAL_RCC_GetPCLK1Freq
 .text.HAL_RCC_GetPCLK2Freq
                0x0000000008003cd4       0x2c CMakeFiles/LoRaNODE.elf.dir/Drivers/STM32L0xx_HAL_Driver/Src/stm32l0xx_hal_rcc.c.obj
                0x0000000008003cd4                HAL_RCC_GetPCLK2Freq
 .text.RCC_SetFlashLatencyFromMSIRange
                0x0000000008003d00       0xb0 CMakeFiles/LoRaNODE.elf.dir/Drivers/STM32L0xx_HAL_Driver/Src/stm32l0xx_hal_rcc.c.obj
 .text.HAL_RCCEx_PeriphCLKConfig
                0x0000000008003db0      0x2b0 CMakeFiles/LoRaNODE.elf.dir/Drivers/STM32L0xx_HAL_Driver/Src/stm32l0xx_hal_rcc_ex.c.obj
                0x0000000008003db0                HAL_RCCEx_PeriphCLKConfig
 .text.HAL_RCCEx_GetPeriphCLKFreq
                0x0000000008004060      0x3e0 CMakeFiles/LoRaNODE.elf.dir/Drivers/STM32L0xx_HAL_Driver/Src/stm32l0xx_hal_rcc_ex.c.obj
                0x0000000008004060                HAL_RCCEx_GetPeriphCLKFreq
 .text.HAL_RTC_Init
                0x0000000008004440      0x108 CMakeFiles/LoRaNODE.elf.dir/Drivers/STM32L0xx_HAL_Driver/Src/stm32l0xx_hal_rtc.c.obj
                0x0000000008004440                HAL_RTC_Init
 .text.HAL_RTC_SetTime
                0x0000000008004548      0x19c CMakeFiles/LoRaNODE.elf.dir/Drivers/STM32L0xx_HAL_Driver/Src/stm32l0xx_hal_rtc.c.obj
                0x0000000008004548                HAL_RTC_SetTime
 .text.HAL_RTC_GetTime
                0x00000000080046e4       0xbc CMakeFiles/LoRaNODE.elf.dir/Drivers/STM32L0xx_HAL_Driver/Src/stm32l0xx_hal_rtc.c.obj
                0x00000000080046e4                HAL_RTC_GetTime
 .text.HAL_RTC_SetDate
                0x00000000080047a0      0x17c CMakeFiles/LoRaNODE.elf.dir/Drivers/STM32L0xx_HAL_Driver/Src/stm32l0xx_hal_rtc.c.obj
                0x00000000080047a0                HAL_RTC_SetDate
 .text.HAL_RTC_GetDate
                0x000000000800491c       0xa0 CMakeFiles/LoRaNODE.elf.dir/Drivers/STM32L0xx_HAL_Driver/Src/stm32l0xx_hal_rtc.c.obj
                0x000000000800491c                HAL_RTC_GetDate
 .text.HAL_RTC_SetAlarm_IT
                0x00000000080049bc      0x2e0 CMakeFiles/LoRaNODE.elf.dir/Drivers/STM32L0xx_HAL_Driver/Src/stm32l0xx_hal_rtc.c.obj
                0x00000000080049bc                HAL_RTC_SetAlarm_IT
 .text.HAL_RTC_DeactivateAlarm
                0x0000000008004c9c      0x144 CMakeFiles/LoRaNODE.elf.dir/Drivers/STM32L0xx_HAL_Driver/Src/stm32l0xx_hal_rtc.c.obj
                0x0000000008004c9c                HAL_RTC_DeactivateAlarm
 .text.HAL_RTC_WaitForSynchro
                0x0000000008004de0       0x52 CMakeFiles/LoRaNODE.elf.dir/Drivers/STM32L0xx_HAL_Driver/Src/stm32l0xx_hal_rtc.c.obj
                0x0000000008004de0                HAL_RTC_WaitForSynchro
 .text.RTC_EnterInitMode
                0x0000000008004e32       0x58 CMakeFiles/LoRaNODE.elf.dir/Drivers/STM32L0xx_HAL_Driver/Src/stm32l0xx_hal_rtc.c.obj
                0x0000000008004e32                RTC_EnterInitMode
 .text.RTC_ByteToBcd2
                0x0000000008004e8a       0x42 CMakeFiles/LoRaNODE.elf.dir/Drivers/STM32L0xx_HAL_Driver/Src/stm32l0xx_hal_rtc.c.obj
                0x0000000008004e8a                RTC_ByteToBcd2
 .text.RTC_Bcd2ToByte
                0x0000000008004ecc       0x3e CMakeFiles/LoRaNODE.elf.dir/Drivers/STM32L0xx_HAL_Driver/Src/stm32l0xx_hal_rtc.c.obj
                0x0000000008004ecc                RTC_Bcd2ToByte
 .text.HAL_RTCEx_EnableBypassShadow
                0x0000000008004f0a       0x68 CMakeFiles/LoRaNODE.elf.dir/Drivers/STM32L0xx_HAL_Driver/Src/stm32l0xx_hal_rtc_ex.c.obj
                0x0000000008004f0a                HAL_RTCEx_EnableBypassShadow
 *fill*         0x0000000008004f72        0x2 
 .text.HAL_SPI_Init
                0x0000000008004f74       0xd8 CMakeFiles/LoRaNODE.elf.dir/Drivers/STM32L0xx_HAL_Driver/Src/stm32l0xx_hal_spi.c.obj
                0x0000000008004f74                HAL_SPI_Init
 .text.HAL_SPI_MspInit
                0x000000000800504c       0x10 CMakeFiles/LoRaNODE.elf.dir/Drivers/STM32L0xx_HAL_Driver/Src/stm32l0xx_hal_spi.c.obj
                0x000000000800504c                HAL_SPI_MspInit
 .text.HAL_SPI_TransmitReceive
                0x000000000800505c      0x4f0 CMakeFiles/LoRaNODE.elf.dir/Drivers/STM32L0xx_HAL_Driver/Src/stm32l0xx_hal_spi.c.obj
                0x000000000800505c                HAL_SPI_TransmitReceive
 .text.SPI_WaitOnFlagUntilTimeout
                0x000000000800554c      0x154 CMakeFiles/LoRaNODE.elf.dir/Drivers/STM32L0xx_HAL_Driver/Src/stm32l0xx_hal_spi.c.obj
 .text.HAL_UART_Init
                0x00000000080056a0       0xb0 CMakeFiles/LoRaNODE.elf.dir/Drivers/STM32L0xx_HAL_Driver/Src/stm32l0xx_hal_uart.c.obj
                0x00000000080056a0                HAL_UART_Init
 .text.HAL_UART_Transmit_DMA
                0x0000000008005750      0x100 CMakeFiles/LoRaNODE.elf.dir/Drivers/STM32L0xx_HAL_Driver/Src/stm32l0xx_hal_uart.c.obj
                0x0000000008005750                HAL_UART_Transmit_DMA
 .text.HAL_UART_IRQHandler
                0x0000000008005850      0x22c CMakeFiles/LoRaNODE.elf.dir/Drivers/STM32L0xx_HAL_Driver/Src/stm32l0xx_hal_uart.c.obj
                0x0000000008005850                HAL_UART_IRQHandler
 .text.HAL_UART_TxHalfCpltCallback
                0x0000000008005a7c       0x10 CMakeFiles/LoRaNODE.elf.dir/Drivers/STM32L0xx_HAL_Driver/Src/stm32l0xx_hal_uart.c.obj
                0x0000000008005a7c                HAL_UART_TxHalfCpltCallback
 .text.HAL_UART_RxCpltCallback
                0x0000000008005a8c       0x10 CMakeFiles/LoRaNODE.elf.dir/Drivers/STM32L0xx_HAL_Driver/Src/stm32l0xx_hal_uart.c.obj
                0x0000000008005a8c                HAL_UART_RxCpltCallback
 .text.HAL_UART_ErrorCallback
                0x0000000008005a9c       0x10 CMakeFiles/LoRaNODE.elf.dir/Drivers/STM32L0xx_HAL_Driver/Src/stm32l0xx_hal_uart.c.obj
                0x0000000008005a9c                HAL_UART_ErrorCallback
 .text.UART_SetConfig
                0x0000000008005aac      0x688 CMakeFiles/LoRaNODE.elf.dir/Drivers/STM32L0xx_HAL_Driver/Src/stm32l0xx_hal_uart.c.obj
                0x0000000008005aac                UART_SetConfig
 .text.UART_AdvFeatureConfig
                0x0000000008006134      0x168 CMakeFiles/LoRaNODE.elf.dir/Drivers/STM32L0xx_HAL_Driver/Src/stm32l0xx_hal_uart.c.obj
                0x0000000008006134                UART_AdvFeatureConfig
 .text.UART_CheckIdleState
                0x000000000800629c       0x94 CMakeFiles/LoRaNODE.elf.dir/Drivers/STM32L0xx_HAL_Driver/Src/stm32l0xx_hal_uart.c.obj
                0x000000000800629c                UART_CheckIdleState
 .text.UART_WaitOnFlagUntilTimeout
                0x0000000008006330       0x98 CMakeFiles/LoRaNODE.elf.dir/Drivers/STM32L0xx_HAL_Driver/Src/stm32l0xx_hal_uart.c.obj
                0x0000000008006330                UART_WaitOnFlagUntilTimeout
 .text.UART_EndTxTransfer
                0x00000000080063c8       0x28 CMakeFiles/LoRaNODE.elf.dir/Drivers/STM32L0xx_HAL_Driver/Src/stm32l0xx_hal_uart.c.obj
 .text.UART_EndRxTransfer
                0x00000000080063f0       0x3c CMakeFiles/LoRaNODE.elf.dir/Drivers/STM32L0xx_HAL_Driver/Src/stm32l0xx_hal_uart.c.obj
 .text.UART_DMATransmitCplt
                0x000000000800642c       0x54 CMakeFiles/LoRaNODE.elf.dir/Drivers/STM32L0xx_HAL_Driver/Src/stm32l0xx_hal_uart.c.obj
 .text.UART_DMATxHalfCplt
                0x0000000008006480       0x1e CMakeFiles/LoRaNODE.elf.dir/Drivers/STM32L0xx_HAL_Driver/Src/stm32l0xx_hal_uart.c.obj
 .text.UART_DMAError
                0x000000000800649e       0x7a CMakeFiles/LoRaNODE.elf.dir/Drivers/STM32L0xx_HAL_Driver/Src/stm32l0xx_hal_uart.c.obj
 .text.UART_DMAAbortOnError
                0x0000000008006518       0x2e CMakeFiles/LoRaNODE.elf.dir/Drivers/STM32L0xx_HAL_Driver/Src/stm32l0xx_hal_uart.c.obj
 .text.UART_Transmit_IT
                0x0000000008006546       0xac CMakeFiles/LoRaNODE.elf.dir/Drivers/STM32L0xx_HAL_Driver/Src/stm32l0xx_hal_uart.c.obj
 .text.UART_EndTransmit_IT
                0x00000000080065f2       0x32 CMakeFiles/LoRaNODE.elf.dir/Drivers/STM32L0xx_HAL_Driver/Src/stm32l0xx_hal_uart.c.obj
 .text.UART_Receive_IT
                0x0000000008006624       0xf8 CMakeFiles/LoRaNODE.elf.dir/Drivers/STM32L0xx_HAL_Driver/Src/stm32l0xx_hal_uart.c.obj
 .text.HAL_UARTEx_WakeupCallback
                0x000000000800671c       0x10 CMakeFiles/LoRaNODE.elf.dir/Drivers/STM32L0xx_HAL_Driver/Src/stm32l0xx_hal_uart_ex.c.obj
                0x000000000800671c                HAL_UARTEx_WakeupCallback
 .text.SystemInit
                0x000000000800672c       0x7c CMakeFiles/LoRaNODE.elf.dir/Drivers/CMSIS/Device/ST/STM32L0xx/Source/Templates/system_stm32l0xx.c.obj
                0x000000000800672c                SystemInit
 .text.HAL_InitTick
                0x00000000080067a8       0x12 CMakeFiles/LoRaNODE.elf.dir/Core/BOARDS/B-L072Z-LRWAN1/src/mlm32l0xx_hal_msp.c.obj
                0x00000000080067a8                HAL_InitTick
 .text.HAL_Delay
                0x00000000080067ba       0x18 CMakeFiles/LoRaNODE.elf.dir/Core/BOARDS/B-L072Z-LRWAN1/src/mlm32l0xx_hal_msp.c.obj
                0x00000000080067ba                HAL_Delay
 *fill*         0x00000000080067d2        0x2 
 .text.HAL_MspInit
                0x00000000080067d4       0x3c CMakeFiles/LoRaNODE.elf.dir/Core/BOARDS/B-L072Z-LRWAN1/src/mlm32l0xx_hal_msp.c.obj
                0x00000000080067d4                HAL_MspInit
 .text.HAL_RTC_MspInit
                0x0000000008006810       0x78 CMakeFiles/LoRaNODE.elf.dir/Core/BOARDS/B-L072Z-LRWAN1/src/mlm32l0xx_hal_msp.c.obj
                0x0000000008006810                HAL_RTC_MspInit
 .text.HAL_RTC_AlarmAEventCallback
                0x0000000008006888       0x14 CMakeFiles/LoRaNODE.elf.dir/Core/BOARDS/B-L072Z-LRWAN1/src/mlm32l0xx_hal_msp.c.obj
                0x0000000008006888                HAL_RTC_AlarmAEventCallback
 .text.HAL_GPIO_EXTI_Callback
                0x000000000800689c       0x1e CMakeFiles/LoRaNODE.elf.dir/Core/BOARDS/B-L072Z-LRWAN1/src/mlm32l0xx_hal_msp.c.obj
                0x000000000800689c                HAL_GPIO_EXTI_Callback
 .text.MSP_GetIRQn
                0x00000000080068ba       0x36 CMakeFiles/LoRaNODE.elf.dir/Core/BOARDS/B-L072Z-LRWAN1/src/mlm32l0xx_hal_msp.c.obj
                0x00000000080068ba                MSP_GetIRQn
 .text.HW_Init  0x00000000080068f0       0x3c CMakeFiles/LoRaNODE.elf.dir/Core/BOARDS/B-L072Z-LRWAN1/src/mlm32l0xx_hw.c.obj
                0x00000000080068f0                HW_Init
 .text.HW_GpioInit
                0x000000000800692c      0x110 CMakeFiles/LoRaNODE.elf.dir/Core/BOARDS/B-L072Z-LRWAN1/src/mlm32l0xx_hw.c.obj
                0x000000000800692c                HW_GpioInit
 .text.SystemClock_Config
                0x0000000008006a3c       0xdc CMakeFiles/LoRaNODE.elf.dir/Core/BOARDS/B-L072Z-LRWAN1/src/mlm32l0xx_hw.c.obj
                0x0000000008006a3c                SystemClock_Config
 .text.HW_AdcInit
                0x0000000008006b18       0xa0 CMakeFiles/LoRaNODE.elf.dir/Core/BOARDS/B-L072Z-LRWAN1/src/mlm32l0xx_hw.c.obj
                0x0000000008006b18                HW_AdcInit
 .text.NMI_Handler
                0x0000000008006bb8        0xa CMakeFiles/LoRaNODE.elf.dir/Core/BOARDS/B-L072Z-LRWAN1/src/mlm32l0xx_it.c.obj
                0x0000000008006bb8                NMI_Handler
 .text.HardFault_Handler
                0x0000000008006bc2        0x8 CMakeFiles/LoRaNODE.elf.dir/Core/BOARDS/B-L072Z-LRWAN1/src/mlm32l0xx_it.c.obj
                0x0000000008006bc2                HardFault_Handler
 .text.SysTick_Handler
                0x0000000008006bca        0xe CMakeFiles/LoRaNODE.elf.dir/Core/BOARDS/B-L072Z-LRWAN1/src/mlm32l0xx_it.c.obj
                0x0000000008006bca                SysTick_Handler
 .text.USART2_IRQHandler
                0x0000000008006bd8        0xe CMakeFiles/LoRaNODE.elf.dir/Core/BOARDS/B-L072Z-LRWAN1/src/mlm32l0xx_it.c.obj
                0x0000000008006bd8                USART2_IRQHandler
 .text.DMA1_Channel4_5_6_7_IRQHandler
                0x0000000008006be6        0xe CMakeFiles/LoRaNODE.elf.dir/Core/BOARDS/B-L072Z-LRWAN1/src/mlm32l0xx_it.c.obj
                0x0000000008006be6                DMA1_Channel4_5_6_7_IRQHandler
 .text.RTC_IRQHandler
                0x0000000008006bf4        0xe CMakeFiles/LoRaNODE.elf.dir/Core/BOARDS/B-L072Z-LRWAN1/src/mlm32l0xx_it.c.obj
                0x0000000008006bf4                RTC_IRQHandler
 .text.EXTI0_1_IRQHandler
                0x0000000008006c02       0x16 CMakeFiles/LoRaNODE.elf.dir/Core/BOARDS/B-L072Z-LRWAN1/src/mlm32l0xx_it.c.obj
                0x0000000008006c02                EXTI0_1_IRQHandler
 .text.EXTI2_3_IRQHandler
                0x0000000008006c18       0x16 CMakeFiles/LoRaNODE.elf.dir/Core/BOARDS/B-L072Z-LRWAN1/src/mlm32l0xx_it.c.obj
                0x0000000008006c18                EXTI2_3_IRQHandler
 .text.EXTI4_15_IRQHandler
                0x0000000008006c2e       0x72 CMakeFiles/LoRaNODE.elf.dir/Core/BOARDS/B-L072Z-LRWAN1/src/mlm32l0xx_it.c.obj
                0x0000000008006c2e                EXTI4_15_IRQHandler
 .text.SX1276GetWakeTime
                0x0000000008006ca0        0xc CMakeFiles/LoRaNODE.elf.dir/Drivers/BSP/CMWX1ZZABZ-0xx/mlm32l07x01.c.obj
                0x0000000008006ca0                SX1276GetWakeTime
 .text.SX1276SetXO
                0x0000000008006cac       0x44 CMakeFiles/LoRaNODE.elf.dir/Drivers/BSP/CMWX1ZZABZ-0xx/mlm32l07x01.c.obj
                0x0000000008006cac                SX1276SetXO
 .text.SX1276IoInit
                0x0000000008006cf0       0x94 CMakeFiles/LoRaNODE.elf.dir/Drivers/BSP/CMWX1ZZABZ-0xx/mlm32l07x01.c.obj
                0x0000000008006cf0                SX1276IoInit
 .text.SX1276IoIrqInit
                0x0000000008006d84       0x5c CMakeFiles/LoRaNODE.elf.dir/Drivers/BSP/CMWX1ZZABZ-0xx/mlm32l07x01.c.obj
                0x0000000008006d84                SX1276IoIrqInit
 .text.SX1276IoDeInit
                0x0000000008006de0       0x68 CMakeFiles/LoRaNODE.elf.dir/Drivers/BSP/CMWX1ZZABZ-0xx/mlm32l07x01.c.obj
                0x0000000008006de0                SX1276IoDeInit
 .text.SX1276SetRfTxPower
                0x0000000008006e48      0x1a6 CMakeFiles/LoRaNODE.elf.dir/Drivers/BSP/CMWX1ZZABZ-0xx/mlm32l07x01.c.obj
                0x0000000008006e48                SX1276SetRfTxPower
 .text.SX1276GetPaSelect
                0x0000000008006fee       0x22 CMakeFiles/LoRaNODE.elf.dir/Drivers/BSP/CMWX1ZZABZ-0xx/mlm32l07x01.c.obj
                0x0000000008006fee                SX1276GetPaSelect
 .text.SX1276SetAntSwLowPower
                0x0000000008007010       0x2c CMakeFiles/LoRaNODE.elf.dir/Drivers/BSP/CMWX1ZZABZ-0xx/mlm32l07x01.c.obj
                0x0000000008007010                SX1276SetAntSwLowPower
 .text.SX1276AntSwInit
                0x000000000800703c       0x80 CMakeFiles/LoRaNODE.elf.dir/Drivers/BSP/CMWX1ZZABZ-0xx/mlm32l07x01.c.obj
 .text.SX1276AntSwDeInit
                0x00000000080070bc       0x80 CMakeFiles/LoRaNODE.elf.dir/Drivers/BSP/CMWX1ZZABZ-0xx/mlm32l07x01.c.obj
 .text.SX1276SetAntSw
                0x000000000800713c       0x78 CMakeFiles/LoRaNODE.elf.dir/Drivers/BSP/CMWX1ZZABZ-0xx/mlm32l07x01.c.obj
                0x000000000800713c                SX1276SetAntSw
 .text.SX1276CheckRfFrequency
                0x00000000080071b4       0x12 CMakeFiles/LoRaNODE.elf.dir/Drivers/BSP/CMWX1ZZABZ-0xx/mlm32l07x01.c.obj
                0x00000000080071b4                SX1276CheckRfFrequency
 *fill*         0x00000000080071c6        0x2 
 .text.SX1276BoardInit
                0x00000000080071c8       0x1c CMakeFiles/LoRaNODE.elf.dir/Drivers/BSP/Components/sx1276/sx1276.c.obj
                0x00000000080071c8                SX1276BoardInit
 .text.SX1276Init
                0x00000000080071e4       0xfc CMakeFiles/LoRaNODE.elf.dir/Drivers/BSP/Components/sx1276/sx1276.c.obj
                0x00000000080071e4                SX1276Init
 .text.SX1276GetStatus
                0x00000000080072e0       0x14 CMakeFiles/LoRaNODE.elf.dir/Drivers/BSP/Components/sx1276/sx1276.c.obj
                0x00000000080072e0                SX1276GetStatus
 .text.SX1276SetChannel
                0x00000000080072f4       0x8c CMakeFiles/LoRaNODE.elf.dir/Drivers/BSP/Components/sx1276/sx1276.c.obj
                0x00000000080072f4                SX1276SetChannel
 .text.SX1276IsChannelFree
                0x0000000008007380       0xaa CMakeFiles/LoRaNODE.elf.dir/Drivers/BSP/Components/sx1276/sx1276.c.obj
                0x0000000008007380                SX1276IsChannelFree
 .text.SX1276Random
                0x000000000800742a       0x68 CMakeFiles/LoRaNODE.elf.dir/Drivers/BSP/Components/sx1276/sx1276.c.obj
                0x000000000800742a                SX1276Random
 *fill*         0x0000000008007492        0x2 
 .text.RxChainCalibration
                0x0000000008007494       0xf8 CMakeFiles/LoRaNODE.elf.dir/Drivers/BSP/Components/sx1276/sx1276.c.obj
                0x0000000008007494                RxChainCalibration
 .text.GetFskBandwidthRegValue
                0x000000000800758c       0x70 CMakeFiles/LoRaNODE.elf.dir/Drivers/BSP/Components/sx1276/sx1276.c.obj
 .text.SX1276SetRxConfig
                0x00000000080075fc      0x538 CMakeFiles/LoRaNODE.elf.dir/Drivers/BSP/Components/sx1276/sx1276.c.obj
                0x00000000080075fc                SX1276SetRxConfig
 .text.SX1276SetTxConfig
                0x0000000008007b34      0x400 CMakeFiles/LoRaNODE.elf.dir/Drivers/BSP/Components/sx1276/sx1276.c.obj
                0x0000000008007b34                SX1276SetTxConfig
 .text.SX1276GetTimeOnAir
                0x0000000008007f34      0x324 CMakeFiles/LoRaNODE.elf.dir/Drivers/BSP/Components/sx1276/sx1276.c.obj
                0x0000000008007f34                SX1276GetTimeOnAir
 .text.SX1276Send
                0x0000000008008258      0x180 CMakeFiles/LoRaNODE.elf.dir/Drivers/BSP/Components/sx1276/sx1276.c.obj
                0x0000000008008258                SX1276Send
 .text.SX1276SetSleep
                0x00000000080083d8       0x34 CMakeFiles/LoRaNODE.elf.dir/Drivers/BSP/Components/sx1276/sx1276.c.obj
                0x00000000080083d8                SX1276SetSleep
 .text.SX1276SetStby
                0x000000000800840c       0x34 CMakeFiles/LoRaNODE.elf.dir/Drivers/BSP/Components/sx1276/sx1276.c.obj
                0x000000000800840c                SX1276SetStby
 .text.SX1276SetRx
                0x0000000008008440      0x320 CMakeFiles/LoRaNODE.elf.dir/Drivers/BSP/Components/sx1276/sx1276.c.obj
                0x0000000008008440                SX1276SetRx
 .text.SX1276SetTx
                0x0000000008008760       0xf4 CMakeFiles/LoRaNODE.elf.dir/Drivers/BSP/Components/sx1276/sx1276.c.obj
                0x0000000008008760                SX1276SetTx
 .text.SX1276StartCad
                0x0000000008008854       0x50 CMakeFiles/LoRaNODE.elf.dir/Drivers/BSP/Components/sx1276/sx1276.c.obj
                0x0000000008008854                SX1276StartCad
 .text.SX1276SetTxContinuousWave
                0x00000000080088a4       0xc4 CMakeFiles/LoRaNODE.elf.dir/Drivers/BSP/Components/sx1276/sx1276.c.obj
                0x00000000080088a4                SX1276SetTxContinuousWave
 .text.SX1276ReadRssi
                0x0000000008008968       0x98 CMakeFiles/LoRaNODE.elf.dir/Drivers/BSP/Components/sx1276/sx1276.c.obj
                0x0000000008008968                SX1276ReadRssi
 .text.SX1276Reset
                0x0000000008008a00       0x68 CMakeFiles/LoRaNODE.elf.dir/Drivers/BSP/Components/sx1276/sx1276.c.obj
                0x0000000008008a00                SX1276Reset
 .text.SX1276SetOpMode
                0x0000000008008a68       0xa0 CMakeFiles/LoRaNODE.elf.dir/Drivers/BSP/Components/sx1276/sx1276.c.obj
                0x0000000008008a68                SX1276SetOpMode
 .text.SX1276SetModem
                0x0000000008008b08       0xb0 CMakeFiles/LoRaNODE.elf.dir/Drivers/BSP/Components/sx1276/sx1276.c.obj
                0x0000000008008b08                SX1276SetModem
 .text.SX1276Write
                0x0000000008008bb8       0x28 CMakeFiles/LoRaNODE.elf.dir/Drivers/BSP/Components/sx1276/sx1276.c.obj
                0x0000000008008bb8                SX1276Write
 .text.SX1276Read
                0x0000000008008be0       0x28 CMakeFiles/LoRaNODE.elf.dir/Drivers/BSP/Components/sx1276/sx1276.c.obj
                0x0000000008008be0                SX1276Read
 .text.SX1276WriteBuffer
                0x0000000008008c08       0x84 CMakeFiles/LoRaNODE.elf.dir/Drivers/BSP/Components/sx1276/sx1276.c.obj
                0x0000000008008c08                SX1276WriteBuffer
 .text.SX1276ReadBuffer
                0x0000000008008c8c       0x88 CMakeFiles/LoRaNODE.elf.dir/Drivers/BSP/Components/sx1276/sx1276.c.obj
                0x0000000008008c8c                SX1276ReadBuffer
 .text.SX1276WriteFifo
                0x0000000008008d14       0x24 CMakeFiles/LoRaNODE.elf.dir/Drivers/BSP/Components/sx1276/sx1276.c.obj
                0x0000000008008d14                SX1276WriteFifo
 .text.SX1276ReadFifo
                0x0000000008008d38       0x24 CMakeFiles/LoRaNODE.elf.dir/Drivers/BSP/Components/sx1276/sx1276.c.obj
                0x0000000008008d38                SX1276ReadFifo
 .text.SX1276SetMaxPayloadLength
                0x0000000008008d5c       0x64 CMakeFiles/LoRaNODE.elf.dir/Drivers/BSP/Components/sx1276/sx1276.c.obj
                0x0000000008008d5c                SX1276SetMaxPayloadLength
 .text.SX1276SetPublicNetwork
                0x0000000008008dc0       0x44 CMakeFiles/LoRaNODE.elf.dir/Drivers/BSP/Components/sx1276/sx1276.c.obj
                0x0000000008008dc0                SX1276SetPublicNetwork
 .text.SX1276GetWakeupTime
                0x0000000008008e04       0x1c CMakeFiles/LoRaNODE.elf.dir/Drivers/BSP/Components/sx1276/sx1276.c.obj
                0x0000000008008e04                SX1276GetWakeupTime
 .text.SX1276OnTimeoutIrq
                0x0000000008008e20      0x158 CMakeFiles/LoRaNODE.elf.dir/Drivers/BSP/Components/sx1276/sx1276.c.obj
                0x0000000008008e20                SX1276OnTimeoutIrq
 .text.SX1276OnDio0Irq
                0x0000000008008f78      0x488 CMakeFiles/LoRaNODE.elf.dir/Drivers/BSP/Components/sx1276/sx1276.c.obj
                0x0000000008008f78                SX1276OnDio0Irq
 .text.SX1276OnDio1Irq
                0x0000000008009400      0x194 CMakeFiles/LoRaNODE.elf.dir/Drivers/BSP/Components/sx1276/sx1276.c.obj
                0x0000000008009400                SX1276OnDio1Irq
 .text.SX1276OnDio2Irq
                0x0000000008009594      0x18c CMakeFiles/LoRaNODE.elf.dir/Drivers/BSP/Components/sx1276/sx1276.c.obj
                0x0000000008009594                SX1276OnDio2Irq
 .text.SX1276OnDio3Irq
                0x0000000008009720       0x84 CMakeFiles/LoRaNODE.elf.dir/Drivers/BSP/Components/sx1276/sx1276.c.obj
                0x0000000008009720                SX1276OnDio3Irq
 .text.SX1276OnDio4Irq
                0x00000000080097a4       0x38 CMakeFiles/LoRaNODE.elf.dir/Drivers/BSP/Components/sx1276/sx1276.c.obj
                0x00000000080097a4                SX1276OnDio4Irq
 .text.SVC_Handler
                0x00000000080097dc        0xa CMakeFiles/LoRaNODE.elf.dir/Middlewares/Third_Party/FreeRTOS/Source/portable/GCC/ARM_CM0/port.c.obj
                0x00000000080097dc                SVC_Handler
 *fill*         0x00000000080097e6        0xa 
 .text.PendSV_Handler
                0x00000000080097f0       0x48 CMakeFiles/LoRaNODE.elf.dir/Middlewares/Third_Party/FreeRTOS/Source/portable/GCC/ARM_CM0/port.c.obj
                0x00000000080097f0                PendSV_Handler
 .text.vTaskSwitchContext
                0x0000000008009838       0xa4 CMakeFiles/LoRaNODE.elf.dir/Middlewares/Third_Party/FreeRTOS/Source/tasks.c.obj
                0x0000000008009838                vTaskSwitchContext
 .text.LPM_SetStopMode
                0x00000000080098dc       0x64 CMakeFiles/LoRaNODE.elf.dir/Middlewares/Third_Party/LoRaWAN/Utilities/low_power_manager.c.obj
                0x00000000080098dc                LPM_SetStopMode
 .text.LPM_GetMode
                0x0000000008009940       0x60 CMakeFiles/LoRaNODE.elf.dir/Middlewares/Third_Party/LoRaWAN/Utilities/low_power_manager.c.obj
                0x0000000008009940                LPM_GetMode
 .text.CircularQueue_Init
                0x00000000080099a0       0x6a CMakeFiles/LoRaNODE.elf.dir/Middlewares/Third_Party/LoRaWAN/Utilities/queue_l.c.obj
                0x00000000080099a0                CircularQueue_Init
 .text.CircularQueue_Add
                0x0000000008009a0a      0x4e6 CMakeFiles/LoRaNODE.elf.dir/Middlewares/Third_Party/LoRaWAN/Utilities/queue_l.c.obj
                0x0000000008009a0a                CircularQueue_Add
 .text.CircularQueue_Remove
                0x0000000008009ef0      0x20c CMakeFiles/LoRaNODE.elf.dir/Middlewares/Third_Party/LoRaWAN/Utilities/queue_l.c.obj
                0x0000000008009ef0                CircularQueue_Remove
 .text.CircularQueue_Sense
                0x000000000800a0fc      0x17c CMakeFiles/LoRaNODE.elf.dir/Middlewares/Third_Party/LoRaWAN/Utilities/queue_l.c.obj
                0x000000000800a0fc                CircularQueue_Sense
 .text.TimerInit
                0x000000000800a278       0x30 CMakeFiles/LoRaNODE.elf.dir/Middlewares/Third_Party/LoRaWAN/Utilities/timeServer.c.obj
                0x000000000800a278                TimerInit
 .text.TimerStart
                0x000000000800a2a8       0xa4 CMakeFiles/LoRaNODE.elf.dir/Middlewares/Third_Party/LoRaWAN/Utilities/timeServer.c.obj
                0x000000000800a2a8                TimerStart
 .text.TimerIrqHandler
                0x000000000800a34c       0xf0 CMakeFiles/LoRaNODE.elf.dir/Middlewares/Third_Party/LoRaWAN/Utilities/timeServer.c.obj
                0x000000000800a34c                TimerIrqHandler
 .text.TimerStop
                0x000000000800a43c       0xf0 CMakeFiles/LoRaNODE.elf.dir/Middlewares/Third_Party/LoRaWAN/Utilities/timeServer.c.obj
                0x000000000800a43c                TimerStop
 .text.TimerSetValue
                0x000000000800a52c       0x4a CMakeFiles/LoRaNODE.elf.dir/Middlewares/Third_Party/LoRaWAN/Utilities/timeServer.c.obj
                0x000000000800a52c                TimerSetValue
 .text.TimerGetCurrentTime
                0x000000000800a576       0x20 CMakeFiles/LoRaNODE.elf.dir/Middlewares/Third_Party/LoRaWAN/Utilities/timeServer.c.obj
                0x000000000800a576                TimerGetCurrentTime
 .text.TimerGetElapsedTime
                0x000000000800a596       0x32 CMakeFiles/LoRaNODE.elf.dir/Middlewares/Third_Party/LoRaWAN/Utilities/timeServer.c.obj
                0x000000000800a596                TimerGetElapsedTime
 .text.TimerExists
                0x000000000800a5c8       0x38 CMakeFiles/LoRaNODE.elf.dir/Middlewares/Third_Party/LoRaWAN/Utilities/timeServer.c.obj
 .text.TimerSetTimeout
                0x000000000800a600       0x48 CMakeFiles/LoRaNODE.elf.dir/Middlewares/Third_Party/LoRaWAN/Utilities/timeServer.c.obj
 .text.TimerInsertTimer
                0x000000000800a648       0x5c CMakeFiles/LoRaNODE.elf.dir/Middlewares/Third_Party/LoRaWAN/Utilities/timeServer.c.obj
 .text.TimerInsertNewHeadTimer
                0x000000000800a6a4       0x3c CMakeFiles/LoRaNODE.elf.dir/Middlewares/Third_Party/LoRaWAN/Utilities/timeServer.c.obj
 .text.TraceInit
                0x000000000800a6e0       0x34 CMakeFiles/LoRaNODE.elf.dir/Middlewares/Third_Party/LoRaWAN/Utilities/trace.c.obj
                0x000000000800a6e0                TraceInit
 .text.TraceSend
                0x000000000800a714      0x148 CMakeFiles/LoRaNODE.elf.dir/Middlewares/Third_Party/LoRaWAN/Utilities/trace.c.obj
                0x000000000800a714                TraceSend
 .text.Trace_TxCpltCallback
                0x000000000800a85c       0x78 CMakeFiles/LoRaNODE.elf.dir/Middlewares/Third_Party/LoRaWAN/Utilities/trace.c.obj
 .text.memcpy1  0x000000000800a8d4       0x36 CMakeFiles/LoRaNODE.elf.dir/Middlewares/Third_Party/LoRaWAN/Utilities/utilities.c.obj
                0x000000000800a8d4                memcpy1
 *fill*         0x000000000800a90a        0x2 
 .text.DBG_Init
                0x000000000800a90c       0x90 CMakeFiles/LoRaNODE.elf.dir/Core/Src/debug.c.obj
                0x000000000800a90c                DBG_Init
 .text.Error_Handler
                0x000000000800a99c       0x14 CMakeFiles/LoRaNODE.elf.dir/Core/Src/debug.c.obj
                0x000000000800a99c                Error_Handler
 .text.HW_GPIO_Init
                0x000000000800a9b0       0xe8 CMakeFiles/LoRaNODE.elf.dir/Core/Src/hw_gpio.c.obj
                0x000000000800a9b0                HW_GPIO_Init
 .text.HW_GPIO_SetIrq
                0x000000000800aa98       0x7c CMakeFiles/LoRaNODE.elf.dir/Core/Src/hw_gpio.c.obj
                0x000000000800aa98                HW_GPIO_SetIrq
 .text.HW_GPIO_IrqHandler
                0x000000000800ab14       0x3c CMakeFiles/LoRaNODE.elf.dir/Core/Src/hw_gpio.c.obj
                0x000000000800ab14                HW_GPIO_IrqHandler
 .text.HW_GPIO_Write
                0x000000000800ab50       0x2a CMakeFiles/LoRaNODE.elf.dir/Core/Src/hw_gpio.c.obj
                0x000000000800ab50                HW_GPIO_Write
 *fill*         0x000000000800ab7a        0x2 
 .text.HW_GPIO_GetBitPos
                0x000000000800ab7c       0x90 CMakeFiles/LoRaNODE.elf.dir/Core/Src/hw_gpio.c.obj
 .text.HW_RTC_Init
                0x000000000800ac0c       0x30 CMakeFiles/LoRaNODE.elf.dir/Core/Src/hw_rtc.c.obj
                0x000000000800ac0c                HW_RTC_Init
 .text.HW_RTC_SetConfig
                0x000000000800ac3c       0xb0 CMakeFiles/LoRaNODE.elf.dir/Core/Src/hw_rtc.c.obj
 .text.HW_RTC_GetMinimumTimeout
                0x000000000800acec        0xc CMakeFiles/LoRaNODE.elf.dir/Core/Src/hw_rtc.c.obj
                0x000000000800acec                HW_RTC_GetMinimumTimeout
 .text.HW_RTC_ms2Tick
                0x000000000800acf8       0x30 CMakeFiles/LoRaNODE.elf.dir/Core/Src/hw_rtc.c.obj
                0x000000000800acf8                HW_RTC_ms2Tick
 .text.HW_RTC_Tick2ms
                0x000000000800ad28       0x40 CMakeFiles/LoRaNODE.elf.dir/Core/Src/hw_rtc.c.obj
                0x000000000800ad28                HW_RTC_Tick2ms
 .text.HW_RTC_SetAlarm
                0x000000000800ad68       0x60 CMakeFiles/LoRaNODE.elf.dir/Core/Src/hw_rtc.c.obj
                0x000000000800ad68                HW_RTC_SetAlarm
 .text.HW_RTC_GetTimerElapsedTime
                0x000000000800adc8       0x30 CMakeFiles/LoRaNODE.elf.dir/Core/Src/hw_rtc.c.obj
                0x000000000800adc8                HW_RTC_GetTimerElapsedTime
 .text.HW_RTC_GetTimerValue
                0x000000000800adf8       0x24 CMakeFiles/LoRaNODE.elf.dir/Core/Src/hw_rtc.c.obj
                0x000000000800adf8                HW_RTC_GetTimerValue
 .text.HW_RTC_StopAlarm
                0x000000000800ae1c       0x40 CMakeFiles/LoRaNODE.elf.dir/Core/Src/hw_rtc.c.obj
                0x000000000800ae1c                HW_RTC_StopAlarm
 .text.HW_RTC_IrqHandler
                0x000000000800ae5c       0x68 CMakeFiles/LoRaNODE.elf.dir/Core/Src/hw_rtc.c.obj
                0x000000000800ae5c                HW_RTC_IrqHandler
 .text.HW_RTC_DelayMs
                0x000000000800aec4       0x40 CMakeFiles/LoRaNODE.elf.dir/Core/Src/hw_rtc.c.obj
                0x000000000800aec4                HW_RTC_DelayMs
 .text.HW_RTC_SetTimerContext
                0x000000000800af04       0x30 CMakeFiles/LoRaNODE.elf.dir/Core/Src/hw_rtc.c.obj
                0x000000000800af04                HW_RTC_SetTimerContext
 .text.HW_RTC_GetTimerContext
                0x000000000800af34       0x14 CMakeFiles/LoRaNODE.elf.dir/Core/Src/hw_rtc.c.obj
                0x000000000800af34                HW_RTC_GetTimerContext
 .text.HW_RTC_SetAlarmConfig
                0x000000000800af48       0x1c CMakeFiles/LoRaNODE.elf.dir/Core/Src/hw_rtc.c.obj
 .text.HW_RTC_StartWakeUpAlarm
                0x000000000800af64      0x2d8 CMakeFiles/LoRaNODE.elf.dir/Core/Src/hw_rtc.c.obj
 .text.HW_RTC_GetCalendarValue
                0x000000000800b23c      0x14c CMakeFiles/LoRaNODE.elf.dir/Core/Src/hw_rtc.c.obj
 .text.HW_SPI_Init
                0x000000000800b388       0x8c CMakeFiles/LoRaNODE.elf.dir/Core/Src/hw_spi.c.obj
                0x000000000800b388                HW_SPI_Init
 .text.HW_SPI_IoInit
                0x000000000800b414       0x8c CMakeFiles/LoRaNODE.elf.dir/Core/Src/hw_spi.c.obj
                0x000000000800b414                HW_SPI_IoInit
 .text.HW_SPI_InOut
                0x000000000800b4a0       0x30 CMakeFiles/LoRaNODE.elf.dir/Core/Src/hw_spi.c.obj
                0x000000000800b4a0                HW_SPI_InOut
 .text.SpiFrequency
                0x000000000800b4d0       0x70 CMakeFiles/LoRaNODE.elf.dir/Core/Src/hw_spi.c.obj
 .text.main     0x000000000800b540       0x1e CMakeFiles/LoRaNODE.elf.dir/Core/Src/main_2.c.obj
                0x000000000800b540                main
 *fill*         0x000000000800b55e        0x2 
 .text.radio_init
                0x000000000800b560      0x10c CMakeFiles/LoRaNODE.elf.dir/Core/Src/main_2.c.obj
                0x000000000800b560                radio_init
 .text.fire     0x000000000800b66c       0xb4 CMakeFiles/LoRaNODE.elf.dir/Core/Src/main_2.c.obj
                0x000000000800b66c                fire
 .text.onTxDone
                0x000000000800b720       0x34 CMakeFiles/LoRaNODE.elf.dir/Core/Src/main_2.c.obj
                0x000000000800b720                onTxDone
 .text.onTxTimeout
                0x000000000800b754       0x40 CMakeFiles/LoRaNODE.elf.dir/Core/Src/main_2.c.obj
                0x000000000800b754                onTxTimeout
 .text.onRxDone
                0x000000000800b794       0xdc CMakeFiles/LoRaNODE.elf.dir/Core/Src/main_2.c.obj
                0x000000000800b794                onRxDone
 .text.onRxTimeout
                0x000000000800b870       0x34 CMakeFiles/LoRaNODE.elf.dir/Core/Src/main_2.c.obj
                0x000000000800b870                onRxTimeout
 .text.parser   0x000000000800b8a4       0x88 CMakeFiles/LoRaNODE.elf.dir/Core/Src/main_2.c.obj
                0x000000000800b8a4                parser
 .text.measure  0x000000000800b92c       0x54 CMakeFiles/LoRaNODE.elf.dir/Core/Src/main_2.c.obj
                0x000000000800b92c                measure
 .text.sendPack
                0x000000000800b980      0x140 CMakeFiles/LoRaNODE.elf.dir/Core/Src/main_2.c.obj
                0x000000000800b980                sendPack
 .text.printRx  0x000000000800bac0       0xdc CMakeFiles/LoRaNODE.elf.dir/Core/Src/main_2.c.obj
                0x000000000800bac0                printRx
 .text.onRxError
                0x000000000800bb9c       0x34 CMakeFiles/LoRaNODE.elf.dir/Core/Src/main_2.c.obj
                0x000000000800bb9c                onRxError
 .text.onFhssChangeChannel
                0x000000000800bbd0       0x14 CMakeFiles/LoRaNODE.elf.dir/Core/Src/main_2.c.obj
                0x000000000800bbd0                onFhssChangeChannel
 .text.onCadDone
                0x000000000800bbe4       0x14 CMakeFiles/LoRaNODE.elf.dir/Core/Src/main_2.c.obj
                0x000000000800bbe4                onCadDone
 .text.vcom_Init
                0x000000000800bbf8       0x60 CMakeFiles/LoRaNODE.elf.dir/Core/Src/vcom.c.obj
                0x000000000800bbf8                vcom_Init
 .text.vcom_Trace
                0x000000000800bc58       0x28 CMakeFiles/LoRaNODE.elf.dir/Core/Src/vcom.c.obj
                0x000000000800bc58                vcom_Trace
 .text.HAL_UART_TxCpltCallback
                0x000000000800bc80       0x1c CMakeFiles/LoRaNODE.elf.dir/Core/Src/vcom.c.obj
                0x000000000800bc80                HAL_UART_TxCpltCallback
 .text.vcom_DMA_TX_IRQHandler
                0x000000000800bc9c       0x18 CMakeFiles/LoRaNODE.elf.dir/Core/Src/vcom.c.obj
                0x000000000800bc9c                vcom_DMA_TX_IRQHandler
 .text.vcom_IRQHandler
                0x000000000800bcb4       0x18 CMakeFiles/LoRaNODE.elf.dir/Core/Src/vcom.c.obj
                0x000000000800bcb4                vcom_IRQHandler
 .text.HAL_UART_MspInit
                0x000000000800bccc       0xe0 CMakeFiles/LoRaNODE.elf.dir/Core/Src/vcom.c.obj
                0x000000000800bccc                HAL_UART_MspInit
 .text.vcom_IoInit
                0x000000000800bdac       0x98 CMakeFiles/LoRaNODE.elf.dir/Core/Src/vcom.c.obj
                0x000000000800bdac                vcom_IoInit
 .text.Reset_Handler
                0x000000000800be44       0x50 CMakeFiles/LoRaNODE.elf.dir/startup/startup_stm32l072xx.s.obj
                0x000000000800be44                Reset_Handler
 .text.Default_Handler
                0x000000000800be94        0x2 CMakeFiles/LoRaNODE.elf.dir/startup/startup_stm32l072xx.s.obj
                0x000000000800be94                TSC_IRQHandler
                0x000000000800be94                ADC1_COMP_IRQHandler
                0x000000000800be94                PVD_IRQHandler
                0x000000000800be94                I2C1_IRQHandler
                0x000000000800be94                RCC_CRS_IRQHandler
                0x000000000800be94                SPI1_IRQHandler
                0x000000000800be94                TIM6_DAC_IRQHandler
                0x000000000800be94                I2C2_IRQHandler
                0x000000000800be94                TIM3_IRQHandler
                0x000000000800be94                DMA1_Channel1_IRQHandler
                0x000000000800be94                USART4_5_IRQHandler
                0x000000000800be94                Default_Handler
                0x000000000800be94                TIM22_IRQHandler
                0x000000000800be94                TIM7_IRQHandler
                0x000000000800be94                USB_IRQHandler
                0x000000000800be94                I2C3_IRQHandler
                0x000000000800be94                SPI2_IRQHandler
                0x000000000800be94                TIM21_IRQHandler
                0x000000000800be94                WWDG_IRQHandler
                0x000000000800be94                TIM2_IRQHandler
                0x000000000800be94                DMA1_Channel2_3_IRQHandler
                0x000000000800be94                FLASH_IRQHandler
                0x000000000800be94                USART1_IRQHandler
                0x000000000800be94                RNG_LPUART1_IRQHandler
                0x000000000800be94                LPTIM1_IRQHandler
 *fill*         0x000000000800be96        0x2 
 .text.__libc_init_array
                0x000000000800be98       0x48 /usr/bin/../lib/gcc/arm-none-eabi/7.3.1/../../../../arm-none-eabi/lib/thumb/v6-m/libg.a(lib_a-init.o)
                0x000000000800be98                __libc_init_array
 .text.malloc   0x000000000800bee0       0x14 /usr/bin/../lib/gcc/arm-none-eabi/7.3.1/../../../../arm-none-eabi/lib/thumb/v6-m/libg.a(lib_a-malloc.o)
                0x000000000800bee0                malloc
 .text._malloc_r
                0x000000000800bef4      0x554 /usr/bin/../lib/gcc/arm-none-eabi/7.3.1/../../../../arm-none-eabi/lib/thumb/v6-m/libg.a(lib_a-mallocr.o)
                0x000000000800bef4                _malloc_r
 .text.memcpy   0x000000000800c448       0x88 /usr/bin/../lib/gcc/arm-none-eabi/7.3.1/../../../../arm-none-eabi/lib/thumb/v6-m/libg.a(lib_a-memcpy-stub.o)
                0x000000000800c448                memcpy
 .text.memset   0x000000000800c4d0       0x9c /usr/bin/../lib/gcc/arm-none-eabi/7.3.1/../../../../arm-none-eabi/lib/thumb/v6-m/libg.a(lib_a-memset.o)
                0x000000000800c4d0                memset
 .text.__malloc_lock
                0x000000000800c56c       0x10 /usr/bin/../lib/gcc/arm-none-eabi/7.3.1/../../../../arm-none-eabi/lib/thumb/v6-m/libg.a(lib_a-mlock.o)
                0x000000000800c56c                __malloc_lock
 .text.__malloc_unlock
                0x000000000800c57c       0x10 /usr/bin/../lib/gcc/arm-none-eabi/7.3.1/../../../../arm-none-eabi/lib/thumb/v6-m/libg.a(lib_a-mlock.o)
                0x000000000800c57c                __malloc_unlock
 .text._sbrk_r  0x000000000800c58c       0x24 /usr/bin/../lib/gcc/arm-none-eabi/7.3.1/../../../../arm-none-eabi/lib/thumb/v6-m/libg.a(lib_a-sbrkr.o)
                0x000000000800c58c                _sbrk_r
 .text.sprintf  0x000000000800c5b0       0x40 /usr/bin/../lib/gcc/arm-none-eabi/7.3.1/../../../../arm-none-eabi/lib/thumb/v6-m/libg.a(lib_a-sprintf.o)
                0x000000000800c5b0                sprintf
 .text._svfprintf_r
                0x000000000800c5f0     0x1b6c /usr/bin/../lib/gcc/arm-none-eabi/7.3.1/../../../../arm-none-eabi/lib/thumb/v6-m/libg.a(lib_a-svfprintf.o)
                0x000000000800c5f0                _svfprintf_r
 .text._vsnprintf_r
                0x000000000800e15c       0x74 /usr/bin/../lib/gcc/arm-none-eabi/7.3.1/../../../../arm-none-eabi/lib/thumb/v6-m/libg.a(lib_a-vsnprintf.o)
                0x000000000800e15c                _vsnprintf_r
 .text.vsnprintf
                0x000000000800e1d0       0x20 /usr/bin/../lib/gcc/arm-none-eabi/7.3.1/../../../../arm-none-eabi/lib/thumb/v6-m/libg.a(lib_a-vsnprintf.o)
                0x000000000800e1d0                vsnprintf
 .text.startup.register_fini
                0x000000000800e1f0       0x18 /usr/bin/../lib/gcc/arm-none-eabi/7.3.1/../../../../arm-none-eabi/lib/thumb/v6-m/libg.a(lib_a-__call_atexit.o)
 .text.atexit   0x000000000800e208       0x10 /usr/bin/../lib/gcc/arm-none-eabi/7.3.1/../../../../arm-none-eabi/lib/thumb/v6-m/libg.a(lib_a-atexit.o)
                0x000000000800e208                atexit
 .text.quorem   0x000000000800e218      0x154 /usr/bin/../lib/gcc/arm-none-eabi/7.3.1/../../../../arm-none-eabi/lib/thumb/v6-m/libg.a(lib_a-dtoa.o)
 .text._dtoa_r  0x000000000800e36c      0xf4c /usr/bin/../lib/gcc/arm-none-eabi/7.3.1/../../../../arm-none-eabi/lib/thumb/v6-m/libg.a(lib_a-dtoa.o)
                0x000000000800e36c                _dtoa_r
 .text.__libc_fini_array
                0x000000000800f2b8       0x34 /usr/bin/../lib/gcc/arm-none-eabi/7.3.1/../../../../arm-none-eabi/lib/thumb/v6-m/libg.a(lib_a-fini.o)
                0x000000000800f2b8                __libc_fini_array
 .text._malloc_trim_r
                0x000000000800f2ec       0xa0 /usr/bin/../lib/gcc/arm-none-eabi/7.3.1/../../../../arm-none-eabi/lib/thumb/v6-m/libg.a(lib_a-freer.o)
                0x000000000800f2ec                _malloc_trim_r
 .text._free_r  0x000000000800f38c      0x1d4 /usr/bin/../lib/gcc/arm-none-eabi/7.3.1/../../../../arm-none-eabi/lib/thumb/v6-m/libg.a(lib_a-freer.o)
                0x000000000800f38c                _free_r
 .text._localeconv_r
                0x000000000800f560       0x18 /usr/bin/../lib/gcc/arm-none-eabi/7.3.1/../../../../arm-none-eabi/lib/thumb/v6-m/libg.a(lib_a-localeconv.o)
                0x000000000800f560                _localeconv_r
 .text.__retarget_lock_acquire_recursive
                0x000000000800f578        0x4 /usr/bin/../lib/gcc/arm-none-eabi/7.3.1/../../../../arm-none-eabi/lib/thumb/v6-m/libg.a(lib_a-lock.o)
                0x000000000800f578                __retarget_lock_acquire_recursive
 .text.__retarget_lock_release_recursive
                0x000000000800f57c        0x4 /usr/bin/../lib/gcc/arm-none-eabi/7.3.1/../../../../arm-none-eabi/lib/thumb/v6-m/libg.a(lib_a-lock.o)
                0x000000000800f57c                __retarget_lock_release_recursive
 .text.memchr   0x000000000800f580       0x80 /usr/bin/../lib/gcc/arm-none-eabi/7.3.1/../../../../arm-none-eabi/lib/thumb/v6-m/libg.a(lib_a-memchr-stub.o)
                0x000000000800f580                memchr
 .text._Balloc  0x000000000800f600       0x50 /usr/bin/../lib/gcc/arm-none-eabi/7.3.1/../../../../arm-none-eabi/lib/thumb/v6-m/libg.a(lib_a-mprec.o)
                0x000000000800f600                _Balloc
 .text._Bfree   0x000000000800f650       0x14 /usr/bin/../lib/gcc/arm-none-eabi/7.3.1/../../../../arm-none-eabi/lib/thumb/v6-m/libg.a(lib_a-mprec.o)
                0x000000000800f650                _Bfree
 .text.__multadd
                0x000000000800f664       0x8c /usr/bin/../lib/gcc/arm-none-eabi/7.3.1/../../../../arm-none-eabi/lib/thumb/v6-m/libg.a(lib_a-mprec.o)
                0x000000000800f664                __multadd
 .text.__hi0bits
                0x000000000800f6f0       0x38 /usr/bin/../lib/gcc/arm-none-eabi/7.3.1/../../../../arm-none-eabi/lib/thumb/v6-m/libg.a(lib_a-mprec.o)
                0x000000000800f6f0                __hi0bits
 .text.__lo0bits
                0x000000000800f728       0x5c /usr/bin/../lib/gcc/arm-none-eabi/7.3.1/../../../../arm-none-eabi/lib/thumb/v6-m/libg.a(lib_a-mprec.o)
                0x000000000800f728                __lo0bits
 .text.__i2b    0x000000000800f784       0x14 /usr/bin/../lib/gcc/arm-none-eabi/7.3.1/../../../../arm-none-eabi/lib/thumb/v6-m/libg.a(lib_a-mprec.o)
                0x000000000800f784                __i2b
 .text.__multiply
                0x000000000800f798      0x178 /usr/bin/../lib/gcc/arm-none-eabi/7.3.1/../../../../arm-none-eabi/lib/thumb/v6-m/libg.a(lib_a-mprec.o)
                0x000000000800f798                __multiply
 .text.__pow5mult
                0x000000000800f910       0xc0 /usr/bin/../lib/gcc/arm-none-eabi/7.3.1/../../../../arm-none-eabi/lib/thumb/v6-m/libg.a(lib_a-mprec.o)
                0x000000000800f910                __pow5mult
 .text.__lshift
                0x000000000800f9d0       0xc8 /usr/bin/../lib/gcc/arm-none-eabi/7.3.1/../../../../arm-none-eabi/lib/thumb/v6-m/libg.a(lib_a-mprec.o)
                0x000000000800f9d0                __lshift
 .text.__mcmp   0x000000000800fa98       0x34 /usr/bin/../lib/gcc/arm-none-eabi/7.3.1/../../../../arm-none-eabi/lib/thumb/v6-m/libg.a(lib_a-mprec.o)
                0x000000000800fa98                __mcmp
 .text.__mdiff  0x000000000800facc      0x124 /usr/bin/../lib/gcc/arm-none-eabi/7.3.1/../../../../arm-none-eabi/lib/thumb/v6-m/libg.a(lib_a-mprec.o)
                0x000000000800facc                __mdiff
 .text.__d2b    0x000000000800fbf0       0xbc /usr/bin/../lib/gcc/arm-none-eabi/7.3.1/../../../../arm-none-eabi/lib/thumb/v6-m/libg.a(lib_a-mprec.o)
                0x000000000800fbf0                __d2b
 .text.frexp    0x000000000800fcac       0x64 /usr/bin/../lib/gcc/arm-none-eabi/7.3.1/../../../../arm-none-eabi/lib/thumb/v6-m/libg.a(lib_a-s_frexp.o)
                0x000000000800fcac                frexp
 .text.strlen   0x000000000800fd10       0x64 /usr/bin/../lib/gcc/arm-none-eabi/7.3.1/../../../../arm-none-eabi/lib/thumb/v6-m/libg.a(lib_a-strlen-stub.o)
                0x000000000800fd10                strlen
 .text.strncpy  0x000000000800fd74       0x8c /usr/bin/../lib/gcc/arm-none-eabi/7.3.1/../../../../arm-none-eabi/lib/thumb/v6-m/libg.a(lib_a-strncpy.o)
                0x000000000800fd74                strncpy
 .text.__ssprint_r
                0x000000000800fe00      0x118 /usr/bin/../lib/gcc/arm-none-eabi/7.3.1/../../../../arm-none-eabi/lib/thumb/v6-m/libg.a(lib_a-svfiprintf.o)
                0x000000000800fe00                __ssprint_r
 .text.__register_exitproc
                0x000000000800ff18       0xf4 /usr/bin/../lib/gcc/arm-none-eabi/7.3.1/../../../../arm-none-eabi/lib/thumb/v6-m/libg.a(lib_a-__atexit.o)
                0x000000000800ff18                __register_exitproc
 .text._calloc_r
                0x000000000801000c       0x58 /usr/bin/../lib/gcc/arm-none-eabi/7.3.1/../../../../arm-none-eabi/lib/thumb/v6-m/libg.a(lib_a-callocr.o)
                0x000000000801000c                _calloc_r
 .text.__ascii_mbtowc
                0x0000000008010064       0x2c /usr/bin/../lib/gcc/arm-none-eabi/7.3.1/../../../../arm-none-eabi/lib/thumb/v6-m/libg.a(lib_a-mbtowc_r.o)
                0x0000000008010064                __ascii_mbtowc
 .text.memmove  0x0000000008010090       0x9c /usr/bin/../lib/gcc/arm-none-eabi/7.3.1/../../../../arm-none-eabi/lib/thumb/v6-m/libg.a(lib_a-memmove.o)
                0x0000000008010090                memmove
 .text._realloc_r
                0x000000000801012c      0x3b0 /usr/bin/../lib/gcc/arm-none-eabi/7.3.1/../../../../arm-none-eabi/lib/thumb/v6-m/libg.a(lib_a-reallocr.o)
                0x000000000801012c                _realloc_r
 .text.__ascii_wctomb
                0x00000000080104dc       0x1c /usr/bin/../lib/gcc/arm-none-eabi/7.3.1/../../../../arm-none-eabi/lib/thumb/v6-m/libg.a(lib_a-wctomb_r.o)
                0x00000000080104dc                __ascii_wctomb
 .text._sbrk    0x00000000080104f8       0x1c /usr/bin/../lib/gcc/arm-none-eabi/7.3.1/../../../../arm-none-eabi/lib/thumb/v6-m/libnosys.a(sbrk.o)
                0x00000000080104f8                _sbrk
 .text.ceil     0x0000000008010514      0x128 /usr/bin/../lib/gcc/arm-none-eabi/7.3.1/../../../../arm-none-eabi/lib/thumb/v6-m/libm.a(lib_a-s_ceil.o)
                0x0000000008010514                ceil
 .text.floor    0x000000000801063c      0x138 /usr/bin/../lib/gcc/arm-none-eabi/7.3.1/../../../../arm-none-eabi/lib/thumb/v6-m/libm.a(lib_a-s_floor.o)
                0x000000000801063c                floor
 .text.round    0x0000000008010774       0xb0 /usr/bin/../lib/gcc/arm-none-eabi/7.3.1/../../../../arm-none-eabi/lib/thumb/v6-m/libm.a(lib_a-s_round.o)
                0x0000000008010774                round
 *(.glue_7)
 .glue_7        0x0000000008010824        0x0 linker stubs
 *(.glue_7t)
 .glue_7t       0x0000000008010824        0x0 linker stubs
 *(.eh_frame)
 .eh_frame      0x0000000008010824        0x0 /usr/bin/../lib/gcc/arm-none-eabi/7.3.1/thumb/v6-m/crtbegin.o
 *(.init)
 .init          0x0000000008010824        0x4 /usr/bin/../lib/gcc/arm-none-eabi/7.3.1/thumb/v6-m/crti.o
                0x0000000008010824                _init
 .init          0x0000000008010828        0x8 /usr/bin/../lib/gcc/arm-none-eabi/7.3.1/thumb/v6-m/crtn.o
 *(.fini)
 .fini          0x0000000008010830        0x4 /usr/bin/../lib/gcc/arm-none-eabi/7.3.1/thumb/v6-m/crti.o
                0x0000000008010830                _fini
 .fini          0x0000000008010834        0x8 /usr/bin/../lib/gcc/arm-none-eabi/7.3.1/thumb/v6-m/crtn.o
                0x000000000801083c                . = ALIGN (0x4)
                0x000000000801083c                _etext = .

.vfp11_veneer   0x000000000801083c        0x0
 .vfp11_veneer  0x000000000801083c        0x0 linker stubs

.v4_bx          0x000000000801083c        0x0
 .v4_bx         0x000000000801083c        0x0 linker stubs

.iplt           0x000000000801083c        0x0
 .iplt          0x000000000801083c        0x0 /usr/bin/../lib/gcc/arm-none-eabi/7.3.1/thumb/v6-m/crtbegin.o

.rodata         0x0000000008010840      0x820
                0x0000000008010840                . = ALIGN (0x4)
 *(.rodata)
 .rodata        0x0000000008010840       0x10 CMakeFiles/LoRaNODE.elf.dir/Core/Src/debug.c.obj
 .rodata        0x0000000008010850      0x199 CMakeFiles/LoRaNODE.elf.dir/Core/Src/main_2.c.obj
 *fill*         0x00000000080109e9        0x3 
 .rodata        0x00000000080109ec       0x40 /usr/bin/../lib/gcc/arm-none-eabi/7.3.1/thumb/v6-m/libgcc.a(divdf3.o)
 .rodata        0x0000000008010a2c       0x40 /usr/bin/../lib/gcc/arm-none-eabi/7.3.1/thumb/v6-m/libgcc.a(muldf3.o)
 *(.rodata*)
 .rodata.UART_SetConfig
                0x0000000008010a6c       0x48 CMakeFiles/LoRaNODE.elf.dir/Drivers/STM32L0xx_HAL_Driver/Src/stm32l0xx_hal_uart.c.obj
 .rodata.AHBPrescTable
                0x0000000008010ab4       0x10 CMakeFiles/LoRaNODE.elf.dir/Drivers/CMSIS/Device/ST/STM32L0xx/Source/Templates/system_stm32l0xx.c.obj
                0x0000000008010ab4                AHBPrescTable
 .rodata.APBPrescTable
                0x0000000008010ac4        0x8 CMakeFiles/LoRaNODE.elf.dir/Drivers/CMSIS/Device/ST/STM32L0xx/Source/Templates/system_stm32l0xx.c.obj
                0x0000000008010ac4                APBPrescTable
 .rodata.PLLMulTable
                0x0000000008010acc        0x9 CMakeFiles/LoRaNODE.elf.dir/Drivers/CMSIS/Device/ST/STM32L0xx/Source/Templates/system_stm32l0xx.c.obj
                0x0000000008010acc                PLLMulTable
 *fill*         0x0000000008010ad5        0x3 
 .rodata.Radio  0x0000000008010ad8       0x74 CMakeFiles/LoRaNODE.elf.dir/Drivers/BSP/CMWX1ZZABZ-0xx/mlm32l07x01.c.obj
                0x0000000008010ad8                Radio
 .rodata.RadioRegsInit
                0x0000000008010b4c       0x30 CMakeFiles/LoRaNODE.elf.dir/Drivers/BSP/Components/sx1276/sx1276.c.obj
                0x0000000008010b4c                RadioRegsInit
 .rodata.FskBandwidths
                0x0000000008010b7c       0xb0 CMakeFiles/LoRaNODE.elf.dir/Drivers/BSP/Components/sx1276/sx1276.c.obj
                0x0000000008010b7c                FskBandwidths
 .rodata.SX1276SetRx
                0x0000000008010c2c       0x24 CMakeFiles/LoRaNODE.elf.dir/Drivers/BSP/Components/sx1276/sx1276.c.obj
 .rodata.DaysInMonth
                0x0000000008010c50        0xc CMakeFiles/LoRaNODE.elf.dir/Core/Src/hw_rtc.c.obj
 .rodata.DaysInMonthLeapYear
                0x0000000008010c5c        0xc CMakeFiles/LoRaNODE.elf.dir/Core/Src/hw_rtc.c.obj
 .rodata._global_impure_ptr
                0x0000000008010c68        0x4 /usr/bin/../lib/gcc/arm-none-eabi/7.3.1/../../../../arm-none-eabi/lib/thumb/v6-m/libg.a(lib_a-impure.o)
                0x0000000008010c68                _global_impure_ptr
 .rodata._svfprintf_r
                0x0000000008010c6c      0x16c /usr/bin/../lib/gcc/arm-none-eabi/7.3.1/../../../../arm-none-eabi/lib/thumb/v6-m/libg.a(lib_a-svfprintf.o)
 .rodata._svfprintf_r.str1.4
                0x0000000008010dd8       0x42 /usr/bin/../lib/gcc/arm-none-eabi/7.3.1/../../../../arm-none-eabi/lib/thumb/v6-m/libg.a(lib_a-svfprintf.o)
 *fill*         0x0000000008010e1a        0x2 
 .rodata.blanks.7315
                0x0000000008010e1c       0x10 /usr/bin/../lib/gcc/arm-none-eabi/7.3.1/../../../../arm-none-eabi/lib/thumb/v6-m/libg.a(lib_a-svfprintf.o)
 .rodata.zeroes.7316
                0x0000000008010e2c       0x10 /usr/bin/../lib/gcc/arm-none-eabi/7.3.1/../../../../arm-none-eabi/lib/thumb/v6-m/libg.a(lib_a-svfprintf.o)
 .rodata._dtoa_r.str1.4
                0x0000000008010e3c       0x10 /usr/bin/../lib/gcc/arm-none-eabi/7.3.1/../../../../arm-none-eabi/lib/thumb/v6-m/libg.a(lib_a-dtoa.o)
                                         0x12 (size before relaxing)
 *fill*         0x0000000008010e4c        0x4 
 .rodata.__mprec_bigtens
                0x0000000008010e50       0x28 /usr/bin/../lib/gcc/arm-none-eabi/7.3.1/../../../../arm-none-eabi/lib/thumb/v6-m/libg.a(lib_a-mprec.o)
                0x0000000008010e50                __mprec_bigtens
 .rodata.__mprec_tens
                0x0000000008010e78       0xc8 /usr/bin/../lib/gcc/arm-none-eabi/7.3.1/../../../../arm-none-eabi/lib/thumb/v6-m/libg.a(lib_a-mprec.o)
                0x0000000008010e78                __mprec_tens
 .rodata.p05.6092
                0x0000000008010f40        0xc /usr/bin/../lib/gcc/arm-none-eabi/7.3.1/../../../../arm-none-eabi/lib/thumb/v6-m/libg.a(lib_a-mprec.o)
 .rodata._setlocale_r.str1.4
                0x0000000008010f4c        0xa /usr/bin/../lib/gcc/arm-none-eabi/7.3.1/../../../../arm-none-eabi/lib/thumb/v6-m/libg.a(lib_a-locale.o)
                                          0xd (size before relaxing)
 *fill*         0x0000000008010f56        0x2 
 .rodata.str1.4
                0x0000000008010f58        0x4 /usr/bin/../lib/gcc/arm-none-eabi/7.3.1/../../../../arm-none-eabi/lib/thumb/v6-m/libg.a(lib_a-locale.o)
                                          0x2 (size before relaxing)
 .rodata._ctype_
                0x0000000008010f5c      0x101 /usr/bin/../lib/gcc/arm-none-eabi/7.3.1/../../../../arm-none-eabi/lib/thumb/v6-m/libg.a(lib_a-ctype_.o)
                0x0000000008010f5c                _ctype_
                0x0000000008011060                . = ALIGN (0x4)
 *fill*         0x000000000801105d        0x3 

.ARM.extab
 *(.ARM.extab* .gnu.linkonce.armextab.*)

.ARM            0x0000000008011060        0x8
                0x0000000008011060                __exidx_start = .
 *(.ARM.exidx*)
 .ARM.exidx     0x0000000008011060        0x8 /usr/bin/../lib/gcc/arm-none-eabi/7.3.1/thumb/v6-m/libgcc.a(_udivmoddi4.o)
                0x0000000008011068                __exidx_end = .

.rel.dyn        0x0000000008011068        0x0
 .rel.iplt      0x0000000008011068        0x0 /usr/bin/../lib/gcc/arm-none-eabi/7.3.1/thumb/v6-m/crtbegin.o

.preinit_array  0x0000000008011068        0x0
                0x0000000008011068                PROVIDE (__preinit_array_start = .)
 *(.preinit_array*)
                0x0000000008011068                PROVIDE (__preinit_array_end = .)

.init_array     0x0000000008011068        0x8
                0x0000000008011068                PROVIDE (__init_array_start = .)
 *(SORT_BY_NAME(.init_array.*))
 .init_array.00000
                0x0000000008011068        0x4 /usr/bin/../lib/gcc/arm-none-eabi/7.3.1/../../../../arm-none-eabi/lib/thumb/v6-m/libg.a(lib_a-__call_atexit.o)
 *(.init_array*)
 .init_array    0x000000000801106c        0x4 /usr/bin/../lib/gcc/arm-none-eabi/7.3.1/thumb/v6-m/crtbegin.o
                0x0000000008011070                PROVIDE (__init_array_end = .)

.fini_array     0x0000000008011070        0x4
                0x0000000008011070                PROVIDE (__fini_array_start = .)
 *(SORT_BY_NAME(.fini_array.*))
 *(.fini_array*)
 .fini_array    0x0000000008011070        0x4 /usr/bin/../lib/gcc/arm-none-eabi/7.3.1/thumb/v6-m/crtbegin.o
                0x0000000008011074                PROVIDE (__fini_array_end = .)
                0x0000000008011074                _sidata = LOADADDR (.data)

.data           0x0000000020000000      0x9e8 load address 0x0000000008011074
                0x0000000020000000                . = ALIGN (0x4)
                0x0000000020000000                _sdata = .
 *(.data)
 *(.data*)
 .data.SystemCoreClock
                0x0000000020000000        0x4 CMakeFiles/LoRaNODE.elf.dir/Drivers/CMSIS/Device/ST/STM32L0xx/Source/Templates/system_stm32l0xx.c.obj
                0x0000000020000000                SystemCoreClock
 .data.BoardCallbacks
                0x0000000020000004       0x18 CMakeFiles/LoRaNODE.elf.dir/Drivers/BSP/CMWX1ZZABZ-0xx/mlm32l07x01.c.obj
 .data.DioIrq   0x000000002000001c       0x18 CMakeFiles/LoRaNODE.elf.dir/Drivers/BSP/Components/sx1276/sx1276.c.obj
                0x000000002000001c                DioIrq
 .data.TracePeripheralReady
                0x0000000020000034        0x1 CMakeFiles/LoRaNODE.elf.dir/Middlewares/Third_Party/LoRaWAN/Utilities/trace.c.obj
                0x0000000020000034                TracePeripheralReady
 .data.SfRx     0x0000000020000035        0x1 CMakeFiles/LoRaNODE.elf.dir/Core/Src/main_2.c.obj
                0x0000000020000035                SfRx
 .data.SfTx     0x0000000020000036        0x1 CMakeFiles/LoRaNODE.elf.dir/Core/Src/main_2.c.obj
                0x0000000020000036                SfTx
 .data.TxPower  0x0000000020000037        0x1 CMakeFiles/LoRaNODE.elf.dir/Core/Src/main_2.c.obj
                0x0000000020000037                TxPower
 .data.ErroType
                0x0000000020000038        0x1 CMakeFiles/LoRaNODE.elf.dir/Core/Src/main_2.c.obj
 *fill*         0x0000000020000039        0x3 
 .data._impure_ptr
                0x000000002000003c        0x4 /usr/bin/../lib/gcc/arm-none-eabi/7.3.1/../../../../arm-none-eabi/lib/thumb/v6-m/libg.a(lib_a-impure.o)
                0x000000002000003c                _impure_ptr
 .data.impure_data
                0x0000000020000040      0x428 /usr/bin/../lib/gcc/arm-none-eabi/7.3.1/../../../../arm-none-eabi/lib/thumb/v6-m/libg.a(lib_a-impure.o)
 .data.__malloc_av_
                0x0000000020000468      0x408 /usr/bin/../lib/gcc/arm-none-eabi/7.3.1/../../../../arm-none-eabi/lib/thumb/v6-m/libg.a(lib_a-mallocr.o)
                0x0000000020000468                __malloc_av_
 .data.__malloc_sbrk_base
                0x0000000020000870        0x4 /usr/bin/../lib/gcc/arm-none-eabi/7.3.1/../../../../arm-none-eabi/lib/thumb/v6-m/libg.a(lib_a-mallocr.o)
                0x0000000020000870                __malloc_sbrk_base
 .data.__malloc_trim_threshold
                0x0000000020000874        0x4 /usr/bin/../lib/gcc/arm-none-eabi/7.3.1/../../../../arm-none-eabi/lib/thumb/v6-m/libg.a(lib_a-mallocr.o)
                0x0000000020000874                __malloc_trim_threshold
 .data.__atexit_recursive_mutex
                0x0000000020000878        0x4 /usr/bin/../lib/gcc/arm-none-eabi/7.3.1/../../../../arm-none-eabi/lib/thumb/v6-m/libg.a(lib_a-__call_atexit.o)
                0x0000000020000878                __atexit_recursive_mutex
 .data.__global_locale
                0x000000002000087c      0x16c /usr/bin/../lib/gcc/arm-none-eabi/7.3.1/../../../../arm-none-eabi/lib/thumb/v6-m/libg.a(lib_a-locale.o)
                0x000000002000087c                __global_locale
                0x00000000200009e8                . = ALIGN (0x4)
                0x00000000200009e8                _edata = .

.igot.plt       0x00000000200009e8        0x0 load address 0x0000000008011a5c
 .igot.plt      0x00000000200009e8        0x0 /usr/bin/../lib/gcc/arm-none-eabi/7.3.1/thumb/v6-m/crtbegin.o
                0x00000000200009e8                . = ALIGN (0x4)

.bss            0x00000000200009e8      0x640 load address 0x0000000008011a5c
                0x00000000200009e8                _sbss = .
                0x00000000200009e8                __bss_start__ = _sbss
 *(.bss)
 .bss           0x00000000200009e8       0x1c /usr/bin/../lib/gcc/arm-none-eabi/7.3.1/thumb/v6-m/crtbegin.o
 *(.bss*)
 .bss.uwTick    0x0000000020000a04        0x4 CMakeFiles/LoRaNODE.elf.dir/Drivers/STM32L0xx_HAL_Driver/Src/stm32l0xx_hal.c.obj
                0x0000000020000a04                uwTick
 .bss.hadc      0x0000000020000a08       0x60 CMakeFiles/LoRaNODE.elf.dir/Core/BOARDS/B-L072Z-LRWAN1/src/mlm32l0xx_hw.c.obj
 .bss.AdcInitialized
                0x0000000020000a68        0x1 CMakeFiles/LoRaNODE.elf.dir/Core/BOARDS/B-L072Z-LRWAN1/src/mlm32l0xx_hw.c.obj
 .bss.McuInitialized
                0x0000000020000a69        0x1 CMakeFiles/LoRaNODE.elf.dir/Core/BOARDS/B-L072Z-LRWAN1/src/mlm32l0xx_hw.c.obj
 *fill*         0x0000000020000a6a        0x2 
 .bss.RadioEvents
                0x0000000020000a6c        0x4 CMakeFiles/LoRaNODE.elf.dir/Drivers/BSP/Components/sx1276/sx1276.c.obj
 .bss.RxTxBuffer
                0x0000000020000a70      0x100 CMakeFiles/LoRaNODE.elf.dir/Drivers/BSP/Components/sx1276/sx1276.c.obj
 .bss.LoRaBoardCallbacks
                0x0000000020000b70        0x4 CMakeFiles/LoRaNODE.elf.dir/Drivers/BSP/Components/sx1276/sx1276.c.obj
 .bss.SX1276    0x0000000020000b74       0x68 CMakeFiles/LoRaNODE.elf.dir/Drivers/BSP/Components/sx1276/sx1276.c.obj
                0x0000000020000b74                SX1276
 .bss.TxTimeoutTimer
                0x0000000020000bdc       0x14 CMakeFiles/LoRaNODE.elf.dir/Drivers/BSP/Components/sx1276/sx1276.c.obj
                0x0000000020000bdc                TxTimeoutTimer
 .bss.RxTimeoutTimer
                0x0000000020000bf0       0x14 CMakeFiles/LoRaNODE.elf.dir/Drivers/BSP/Components/sx1276/sx1276.c.obj
                0x0000000020000bf0                RxTimeoutTimer
 .bss.RxTimeoutSyncWord
                0x0000000020000c04       0x14 CMakeFiles/LoRaNODE.elf.dir/Drivers/BSP/Components/sx1276/sx1276.c.obj
                0x0000000020000c04                RxTimeoutSyncWord
 .bss.pxCurrentTCB
                0x0000000020000c18        0x4 CMakeFiles/LoRaNODE.elf.dir/Middlewares/Third_Party/FreeRTOS/Source/tasks.c.obj
                0x0000000020000c18                pxCurrentTCB
 .bss.pxReadyTasksLists
                0x0000000020000c1c       0x8c CMakeFiles/LoRaNODE.elf.dir/Middlewares/Third_Party/FreeRTOS/Source/tasks.c.obj
 .bss.uxTopReadyPriority
                0x0000000020000ca8        0x4 CMakeFiles/LoRaNODE.elf.dir/Middlewares/Third_Party/FreeRTOS/Source/tasks.c.obj
 .bss.xYieldPending
                0x0000000020000cac        0x4 CMakeFiles/LoRaNODE.elf.dir/Middlewares/Third_Party/FreeRTOS/Source/tasks.c.obj
 .bss.uxSchedulerSuspended
                0x0000000020000cb0        0x4 CMakeFiles/LoRaNODE.elf.dir/Middlewares/Third_Party/FreeRTOS/Source/tasks.c.obj
 .bss.StopModeDisable
                0x0000000020000cb4        0x4 CMakeFiles/LoRaNODE.elf.dir/Middlewares/Third_Party/LoRaWAN/Utilities/low_power_manager.c.obj
 .bss.OffModeDisable
                0x0000000020000cb8        0x4 CMakeFiles/LoRaNODE.elf.dir/Middlewares/Third_Party/LoRaWAN/Utilities/low_power_manager.c.obj
 .bss.TimerListHead
                0x0000000020000cbc        0x4 CMakeFiles/LoRaNODE.elf.dir/Middlewares/Third_Party/LoRaWAN/Utilities/timeServer.c.obj
 .bss.MsgTraceQueue
                0x0000000020000cc0       0x20 CMakeFiles/LoRaNODE.elf.dir/Middlewares/Third_Party/LoRaWAN/Utilities/trace.c.obj
 .bss.MsgTraceQueueBuff
                0x0000000020000ce0      0x100 CMakeFiles/LoRaNODE.elf.dir/Middlewares/Third_Party/LoRaWAN/Utilities/trace.c.obj
 .bss.GpioIrq   0x0000000020000de0       0x40 CMakeFiles/LoRaNODE.elf.dir/Core/Src/hw_gpio.c.obj
 .bss.HW_RTC_Initalized
                0x0000000020000e20        0x1 CMakeFiles/LoRaNODE.elf.dir/Core/Src/hw_rtc.c.obj
 *fill*         0x0000000020000e21        0x1 
 .bss.McuWakeUpTimeCal
                0x0000000020000e22        0x2 CMakeFiles/LoRaNODE.elf.dir/Core/Src/hw_rtc.c.obj
 .bss.RtcHandle
                0x0000000020000e24       0x24 CMakeFiles/LoRaNODE.elf.dir/Core/Src/hw_rtc.c.obj
 .bss.RTC_AlarmStructure
                0x0000000020000e48       0x28 CMakeFiles/LoRaNODE.elf.dir/Core/Src/hw_rtc.c.obj
 .bss.RtcTimerContext
                0x0000000020000e70       0x1c CMakeFiles/LoRaNODE.elf.dir/Core/Src/hw_rtc.c.obj
 .bss.hspi      0x0000000020000e8c       0x58 CMakeFiles/LoRaNODE.elf.dir/Core/Src/hw_spi.c.obj
 .bss.RxData    0x0000000020000ee4        0x4 CMakeFiles/LoRaNODE.elf.dir/Core/Src/main_2.c.obj
                0x0000000020000ee4                RxData
 .bss.TxData    0x0000000020000ee8        0x4 CMakeFiles/LoRaNODE.elf.dir/Core/Src/main_2.c.obj
                0x0000000020000ee8                TxData
 .bss.State     0x0000000020000eec        0x1 CMakeFiles/LoRaNODE.elf.dir/Core/Src/main_2.c.obj
                0x0000000020000eec                State
 *fill*         0x0000000020000eed        0x1 
 .bss.Bw        0x0000000020000eee        0x2 CMakeFiles/LoRaNODE.elf.dir/Core/Src/main_2.c.obj
                0x0000000020000eee                Bw
 .bss.exe       0x0000000020000ef0        0x1 CMakeFiles/LoRaNODE.elf.dir/Core/Src/main_2.c.obj
                0x0000000020000ef0                exe
 *fill*         0x0000000020000ef1        0x3 
 .bss.cont      0x0000000020000ef4        0x4 CMakeFiles/LoRaNODE.elf.dir/Core/Src/main_2.c.obj
 .bss.RadioEvents
                0x0000000020000ef8       0x1c CMakeFiles/LoRaNODE.elf.dir/Core/Src/main_2.c.obj
 .bss.UartHandle
                0x0000000020000f14       0x70 CMakeFiles/LoRaNODE.elf.dir/Core/Src/vcom.c.obj
 .bss.TxCpltCallback
                0x0000000020000f84        0x4 CMakeFiles/LoRaNODE.elf.dir/Core/Src/vcom.c.obj
 .bss.hdma_tx.8568
                0x0000000020000f88       0x40 CMakeFiles/LoRaNODE.elf.dir/Core/Src/vcom.c.obj
 .bss.__malloc_current_mallinfo
                0x0000000020000fc8       0x28 /usr/bin/../lib/gcc/arm-none-eabi/7.3.1/../../../../arm-none-eabi/lib/thumb/v6-m/libg.a(lib_a-mallocr.o)
                0x0000000020000fc8                __malloc_current_mallinfo
 .bss.__malloc_max_sbrked_mem
                0x0000000020000ff0        0x4 /usr/bin/../lib/gcc/arm-none-eabi/7.3.1/../../../../arm-none-eabi/lib/thumb/v6-m/libg.a(lib_a-mallocr.o)
                0x0000000020000ff0                __malloc_max_sbrked_mem
 .bss.__malloc_max_total_mem
                0x0000000020000ff4        0x4 /usr/bin/../lib/gcc/arm-none-eabi/7.3.1/../../../../arm-none-eabi/lib/thumb/v6-m/libg.a(lib_a-mallocr.o)
                0x0000000020000ff4                __malloc_max_total_mem
 .bss.__malloc_top_pad
                0x0000000020000ff8        0x4 /usr/bin/../lib/gcc/arm-none-eabi/7.3.1/../../../../arm-none-eabi/lib/thumb/v6-m/libg.a(lib_a-mallocr.o)
                0x0000000020000ff8                __malloc_top_pad
 .bss.heap_end.4102
                0x0000000020000ffc        0x4 /usr/bin/../lib/gcc/arm-none-eabi/7.3.1/../../../../arm-none-eabi/lib/thumb/v6-m/libnosys.a(sbrk.o)
 *(COMMON)
 COMMON         0x0000000020001000       0x21 /usr/bin/../lib/gcc/arm-none-eabi/7.3.1/../../../../arm-none-eabi/lib/thumb/v6-m/libg.a(lib_a-lock.o)
                0x0000000020001000                __lock___atexit_recursive_mutex
                0x0000000020001004                __lock___arc4random_mutex
                0x0000000020001008                __lock___env_recursive_mutex
                0x000000002000100c                __lock___sinit_recursive_mutex
                0x0000000020001010                __lock___malloc_recursive_mutex
                0x0000000020001014                __lock___at_quick_exit_mutex
                0x0000000020001018                __lock___dd_hash_mutex
                0x000000002000101c                __lock___tz_mutex
                0x0000000020001020                __lock___sfp_recursive_mutex
 *fill*         0x0000000020001021        0x3 
 COMMON         0x0000000020001024        0x4 /usr/bin/../lib/gcc/arm-none-eabi/7.3.1/../../../../arm-none-eabi/lib/thumb/v6-m/libg.a(lib_a-reent.o)
                0x0000000020001024                errno
                0x0000000020001028                . = ALIGN (0x4)
                0x0000000020001028                _ebss = .
                0x0000000020001028                __bss_end__ = _ebss

._user_heap_stack
                0x0000000020001028      0x600 load address 0x0000000008011a5c
                0x0000000020001028                . = ALIGN (0x4)
                0x0000000020001028                PROVIDE (end = .)
                [!provide]                        PROVIDE (_end = .)
                0x0000000020001228                . = (. + _Min_Heap_Size)
 *fill*         0x0000000020001028      0x200 
                0x0000000020001628                . = (. + _Min_Stack_Size)
 *fill*         0x0000000020001228      0x400 
                0x0000000020001628                . = ALIGN (0x4)

/DISCARD/
 libc.a(*)
 libm.a(*)
 libgcc.a(*)

.ARM.attributes
                0x0000000000000000       0x28
 *(.ARM.attributes)
 .ARM.attributes
                0x0000000000000000       0x1e /usr/bin/../lib/gcc/arm-none-eabi/7.3.1/thumb/v6-m/crti.o
 .ARM.attributes
                0x000000000000001e       0x2c /usr/bin/../lib/gcc/arm-none-eabi/7.3.1/thumb/v6-m/crtbegin.o
 .ARM.attributes
                0x000000000000004a       0x32 CMakeFiles/LoRaNODE.elf.dir/Drivers/STM32L0xx_HAL_Driver/Src/stm32l0xx_hal.c.obj
 .ARM.attributes
                0x000000000000007c       0x32 CMakeFiles/LoRaNODE.elf.dir/Drivers/STM32L0xx_HAL_Driver/Src/stm32l0xx_hal_adc.c.obj
 .ARM.attributes
                0x00000000000000ae       0x32 CMakeFiles/LoRaNODE.elf.dir/Drivers/STM32L0xx_HAL_Driver/Src/stm32l0xx_hal_cortex.c.obj
 .ARM.attributes
                0x00000000000000e0       0x32 CMakeFiles/LoRaNODE.elf.dir/Drivers/STM32L0xx_HAL_Driver/Src/stm32l0xx_hal_dma.c.obj
 .ARM.attributes
                0x0000000000000112       0x32 CMakeFiles/LoRaNODE.elf.dir/Drivers/STM32L0xx_HAL_Driver/Src/stm32l0xx_hal_gpio.c.obj
 .ARM.attributes
                0x0000000000000144       0x32 CMakeFiles/LoRaNODE.elf.dir/Drivers/STM32L0xx_HAL_Driver/Src/stm32l0xx_hal_pwr.c.obj
 .ARM.attributes
                0x0000000000000176       0x32 CMakeFiles/LoRaNODE.elf.dir/Drivers/STM32L0xx_HAL_Driver/Src/stm32l0xx_hal_pwr_ex.c.obj
 .ARM.attributes
                0x00000000000001a8       0x32 CMakeFiles/LoRaNODE.elf.dir/Drivers/STM32L0xx_HAL_Driver/Src/stm32l0xx_hal_rcc.c.obj
 .ARM.attributes
                0x00000000000001da       0x32 CMakeFiles/LoRaNODE.elf.dir/Drivers/STM32L0xx_HAL_Driver/Src/stm32l0xx_hal_rcc_ex.c.obj
 .ARM.attributes
                0x000000000000020c       0x32 CMakeFiles/LoRaNODE.elf.dir/Drivers/STM32L0xx_HAL_Driver/Src/stm32l0xx_hal_rtc.c.obj
 .ARM.attributes
                0x000000000000023e       0x32 CMakeFiles/LoRaNODE.elf.dir/Drivers/STM32L0xx_HAL_Driver/Src/stm32l0xx_hal_rtc_ex.c.obj
 .ARM.attributes
                0x0000000000000270       0x32 CMakeFiles/LoRaNODE.elf.dir/Drivers/STM32L0xx_HAL_Driver/Src/stm32l0xx_hal_spi.c.obj
 .ARM.attributes
                0x00000000000002a2       0x32 CMakeFiles/LoRaNODE.elf.dir/Drivers/STM32L0xx_HAL_Driver/Src/stm32l0xx_hal_uart.c.obj
 .ARM.attributes
                0x00000000000002d4       0x32 CMakeFiles/LoRaNODE.elf.dir/Drivers/STM32L0xx_HAL_Driver/Src/stm32l0xx_hal_uart_ex.c.obj
 .ARM.attributes
                0x0000000000000306       0x32 CMakeFiles/LoRaNODE.elf.dir/Drivers/CMSIS/Device/ST/STM32L0xx/Source/Templates/system_stm32l0xx.c.obj
 .ARM.attributes
                0x0000000000000338       0x32 CMakeFiles/LoRaNODE.elf.dir/Core/BOARDS/B-L072Z-LRWAN1/src/mlm32l0xx_hal_msp.c.obj
 .ARM.attributes
                0x000000000000036a       0x32 CMakeFiles/LoRaNODE.elf.dir/Core/BOARDS/B-L072Z-LRWAN1/src/mlm32l0xx_hw.c.obj
 .ARM.attributes
                0x000000000000039c       0x32 CMakeFiles/LoRaNODE.elf.dir/Core/BOARDS/B-L072Z-LRWAN1/src/mlm32l0xx_it.c.obj
 .ARM.attributes
                0x00000000000003ce       0x32 CMakeFiles/LoRaNODE.elf.dir/Drivers/BSP/CMWX1ZZABZ-0xx/mlm32l07x01.c.obj
 .ARM.attributes
                0x0000000000000400       0x32 CMakeFiles/LoRaNODE.elf.dir/Drivers/BSP/Components/sx1276/sx1276.c.obj
 .ARM.attributes
                0x0000000000000432       0x32 CMakeFiles/LoRaNODE.elf.dir/Middlewares/Third_Party/FreeRTOS/Source/portable/GCC/ARM_CM0/port.c.obj
 .ARM.attributes
                0x0000000000000464       0x32 CMakeFiles/LoRaNODE.elf.dir/Middlewares/Third_Party/FreeRTOS/Source/tasks.c.obj
 .ARM.attributes
                0x0000000000000496       0x32 CMakeFiles/LoRaNODE.elf.dir/Middlewares/Third_Party/LoRaWAN/Utilities/low_power_manager.c.obj
 .ARM.attributes
                0x00000000000004c8       0x32 CMakeFiles/LoRaNODE.elf.dir/Middlewares/Third_Party/LoRaWAN/Utilities/queue_l.c.obj
 .ARM.attributes
                0x00000000000004fa       0x32 CMakeFiles/LoRaNODE.elf.dir/Middlewares/Third_Party/LoRaWAN/Utilities/timeServer.c.obj
 .ARM.attributes
                0x000000000000052c       0x32 CMakeFiles/LoRaNODE.elf.dir/Middlewares/Third_Party/LoRaWAN/Utilities/trace.c.obj
 .ARM.attributes
                0x000000000000055e       0x32 CMakeFiles/LoRaNODE.elf.dir/Middlewares/Third_Party/LoRaWAN/Utilities/utilities.c.obj
 .ARM.attributes
                0x0000000000000590       0x32 CMakeFiles/LoRaNODE.elf.dir/Core/Src/debug.c.obj
 .ARM.attributes
                0x00000000000005c2       0x32 CMakeFiles/LoRaNODE.elf.dir/Core/Src/hw_gpio.c.obj
 .ARM.attributes
                0x00000000000005f4       0x32 CMakeFiles/LoRaNODE.elf.dir/Core/Src/hw_rtc.c.obj
 .ARM.attributes
                0x0000000000000626       0x32 CMakeFiles/LoRaNODE.elf.dir/Core/Src/hw_spi.c.obj
 .ARM.attributes
                0x0000000000000658       0x32 CMakeFiles/LoRaNODE.elf.dir/Core/Src/main_2.c.obj
 .ARM.attributes