main_2.c:380:6:onFhssChangeChannel	0	static
main_2.c:381:6:onCadDone	0	static
main_2.c:193:6:onTxDone	8	static
main_2.c:208:6:onTxTimeout	8	static
main_2.c:292:6:onRxTimeout	8	static
main_2.c:370:6:onRxError	8	static
main_2.c:125:6:radio_init	64	static
main_2.c:99:5:main	16	static
main_2.c:310:6:parser	16	static
main_2.c:322:6:measure	8	static
main_2.c:335:6:sendPack	328	static
main_2.c:151:6:fire	16	static
main_2.c:352:6:printRx	296	static
main_2.c:224:6:onRxDone	8	static
main_2.c:367:6:loadInfo	0	static
