stm32l0xx_hw.c:152:6:HW_DeInit	8	static
stm32l0xx_hw.c:192:6:HW_GpioInit	0	static
stm32l0xx_hw.c:213:6:SystemClock_Config	88	static
stm32l0xx_hw.c:258:10:HW_GetRandomSeed	0	static
stm32l0xx_hw.c:268:6:HW_GetUniqueId	8	static
stm32l0xx_hw.c:356:6:HW_AdcInit	8	static
stm32l0xx_hw.c:122:6:HW_Init	16	static
stm32l0xx_hw.c:394:6:HW_AdcDeInit	0	static
stm32l0xx_hw.c:404:10:HW_AdcReadChannel	24	static
stm32l0xx_hw.c:280:10:HW_GetTemperatureLevel	16	static
stm32l0xx_hw.c:319:9:HW_GetBatteryLevel	8	static
stm32l0xx_hw.c:452:6:LPM_EnterStopMode	8	static
stm32l0xx_hw.c:474:6:LPM_ExitStopMode	16	static
stm32l0xx_hw.c:512:6:LPM_EnterSleepMode	8	static
