sx1276.c:425:16:GetFskBandwidthRegValue	8	static
sx1276.c:1857:6:SX1276OnDio4Irq	0	static
sx1276.c:252:6:SX1276BoardInit	0	static
sx1276.c:291:14:SX1276GetStatus	0	static
sx1276.c:1222:6:SX1276Reset	40	static
sx1276.c:1316:6:SX1276WriteBuffer	16	static
sx1276.c:1304:6:SX1276Write	16	static
sx1276.c:296:6:SX1276SetChannel	16	static
sx1276.c:1333:6:SX1276ReadBuffer	16	static
sx1276.c:1309:9:SX1276Read	16	static
sx1276.c:381:6:RxChainCalibration	16	static
sx1276.c:743:10:SX1276GetTimeOnAir	40	static
sx1276.c:1196:9:SX1276ReadRssi	8	static
sx1276.c:1245:6:SX1276SetOpMode.part.2	8	static
sx1276.c:896:6:SX1276SetSleep	8	static
sx1276.c:1245:6:SX1276SetOpMode	16	static
sx1276.c:905:6:SX1276SetStby	8	static
sx1276.c:914:6:SX1276SetRx	24	static
sx1276.c:1080:6:SX1276SetTx	16	static
sx1276.c:1143:6:SX1276StartCad	16	static
sx1276.c:1267:6:SX1276SetModem	8	static
sx1276.c:257:10:SX1276Init	16	static
sx1276.c:309:6:SX1276IsChannelFree	24	static
sx1276.c:340:10:SX1276Random	16	static
sx1276.c:440:6:SX1276SetRxConfig	72	static
sx1276.c:610:6:SX1276SetTxConfig	56	static
sx1276.c:1176:6:SX1276SetTxContinuousWave	56	static
sx1276.c:1753:6:SX1276OnDio2Irq	16	static
sx1276.c:1826:6:SX1276OnDio3Irq	16	static
sx1276.c:1351:6:SX1276WriteFifo	8	static
sx1276.c:822:6:SX1276Send	32	static
sx1276.c:1356:6:SX1276ReadFifo	8	static
sx1276.c:1475:6:SX1276OnDio0Irq	32	static
sx1276.c:1676:6:SX1276OnDio1Irq	16	static
sx1276.c:1361:6:SX1276SetMaxPayloadLength	16	static
sx1276.c:1379:6:SX1276SetPublicNetwork	8	static
sx1276.c:1400:6:SX1276OnTimeoutIrq	16	static
sx1276.c:1395:10:SX1276GetWakeupTime	8	static
sx1276.c:1876:6:SX1276OnDio5Irq	0	static
