stm32l0xx_hal_dma.c:139:19:HAL_DMA_Init	12	static
stm32l0xx_hal_dma.c:257:19:HAL_DMA_DeInit	16	static
stm32l0xx_hal_dma.c:374:19:HAL_DMA_Start	20	static
stm32l0xx_hal_dma.c:406:19:HAL_DMA_Start_IT	20	static
stm32l0xx_hal_dma.c:444:19:HAL_DMA_Abort	24	static
stm32l0xx_hal_dma.c:487:19:HAL_DMA_Abort_IT	8	static
stm32l0xx_hal_dma.c:532:19:HAL_DMA_PollForTransfer	40	static
stm32l0xx_hal_dma.c:622:6:HAL_DMA_IRQHandler	16	static
stm32l0xx_hal_dma.c:734:22:HAL_DMA_GetState	0	static
stm32l0xx_hal_dma.c:745:10:HAL_DMA_GetError	0	static
