stm32l0xx_hal_rcc.c:1437:26:RCC_SetFlashLatencyFromMSIRange	12	static
stm32l0xx_hal_rcc.c:271:6:HAL_RCC_DeInit	8	static
stm32l0xx_hal_rcc.c:330:19:HAL_RCC_OscConfig	40	static
stm32l0xx_hal_rcc.c:1060:6:HAL_RCC_MCOConfig	56	static
stm32l0xx_hal_rcc.c:1118:6:HAL_RCC_EnableCSS	0	static
stm32l0xx_hal_rcc.c:1154:10:HAL_RCC_GetSysClockFreq	8	static
stm32l0xx_hal_rcc.c:823:19:HAL_RCC_ClockConfig	32	static
stm32l0xx_hal_rcc.c:1224:10:HAL_RCC_GetHCLKFreq	0	static
stm32l0xx_hal_rcc.c:1235:10:HAL_RCC_GetPCLK1Freq	0	static
stm32l0xx_hal_rcc.c:1247:10:HAL_RCC_GetPCLK2Freq	0	static
stm32l0xx_hal_rcc.c:1260:6:HAL_RCC_GetOscConfig	0	static
stm32l0xx_hal_rcc.c:1363:6:HAL_RCC_GetClockConfig	12	static
stm32l0xx_hal_rcc.c:1411:13:HAL_RCC_CSSCallback	0	static
stm32l0xx_hal_rcc.c:1394:6:HAL_RCC_NMI_IRQHandler	16	static
