stm32l0xx_hal_rcc_ex.c:120:19:HAL_RCCEx_PeriphCLKConfig	32	static
stm32l0xx_hal_rcc_ex.c:317:6:HAL_RCCEx_GetPeriphCLKConfig	8	static
stm32l0xx_hal_rcc_ex.c:395:10:HAL_RCCEx_GetPeriphCLKFreq	16	static
stm32l0xx_hal_rcc_ex.c:695:6:HAL_RCCEx_EnableLSECSS	0	static
stm32l0xx_hal_rcc_ex.c:707:6:HAL_RCCEx_DisableLSECSS	0	static
stm32l0xx_hal_rcc_ex.c:721:6:HAL_RCCEx_EnableLSECSS_IT	0	static
stm32l0xx_hal_rcc_ex.c:755:13:HAL_RCCEx_LSECSS_Callback	0	static
stm32l0xx_hal_rcc_ex.c:738:6:HAL_RCCEx_LSECSS_IRQHandler	16	static
stm32l0xx_hal_rcc_ex.c:768:6:HAL_RCCEx_EnableHSI48_VREFINT	0	static
stm32l0xx_hal_rcc_ex.c:779:6:HAL_RCCEx_DisableHSI48_VREFINT	0	static
stm32l0xx_hal_rcc_ex.c:862:6:HAL_RCCEx_CRSConfig	0	static
stm32l0xx_hal_rcc_ex.c:904:6:HAL_RCCEx_CRSSoftwareSynchronizationGenerate	0	static
stm32l0xx_hal_rcc_ex.c:914:6:HAL_RCCEx_CRSGetSynchronizationInfo	0	static
stm32l0xx_hal_rcc_ex.c:947:10:HAL_RCCEx_CRSWaitSynchronization	24	static
stm32l0xx_hal_rcc_ex.c:1095:13:HAL_RCCEx_CRS_SyncOkCallback	0	static
stm32l0xx_hal_rcc_ex.c:1106:13:HAL_RCCEx_CRS_SyncWarnCallback	0	static
stm32l0xx_hal_rcc_ex.c:1117:13:HAL_RCCEx_CRS_ExpectedSyncCallback	0	static
stm32l0xx_hal_rcc_ex.c:1133:13:HAL_RCCEx_CRS_ErrorCallback	0	static
stm32l0xx_hal_rcc_ex.c:1030:6:HAL_RCCEx_CRS_IRQHandler	8	static
