stm32l0xx_hal_uart.c:2473:13:UART_EndRxTransfer	0	static
stm32l0xx_hal_uart.c:540:13:HAL_UART_MspInit	0	static
stm32l0xx_hal_uart.c:555:13:HAL_UART_MspDeInit	0	static
stm32l0xx_hal_uart.c:502:19:HAL_UART_DeInit	16	static
stm32l0xx_hal_uart.c:828:19:HAL_UART_Transmit_IT	16	static
stm32l0xx_hal_uart.c:884:19:HAL_UART_Receive_IT	20	static
stm32l0xx_hal_uart.c:946:19:HAL_UART_Transmit_DMA	16	static
stm32l0xx_hal_uart.c:1022:19:HAL_UART_Receive_DMA	24	static
stm32l0xx_hal_uart.c:1093:19:HAL_UART_DMAPause	8	static
stm32l0xx_hal_uart.c:1126:19:HAL_UART_DMAResume	8	static
stm32l0xx_hal_uart.c:1160:19:HAL_UART_DMAStop	16	static
stm32l0xx_hal_uart.c:1214:19:HAL_UART_Abort	8	static
stm32l0xx_hal_uart.c:1281:19:HAL_UART_AbortTransmit	8	static
stm32l0xx_hal_uart.c:1323:19:HAL_UART_AbortReceive	8	static
stm32l0xx_hal_uart.c:1776:13:HAL_UART_TxCpltCallback	0	static
stm32l0xx_hal_uart.c:2489:13:UART_DMATransmitCplt	8	static
stm32l0xx_hal_uart.c:1791:13:HAL_UART_TxHalfCpltCallback	0	static
stm32l0xx_hal_uart.c:2518:13:UART_DMATxHalfCplt	8	static
stm32l0xx_hal_uart.c:1806:13:HAL_UART_RxCpltCallback	0	static
stm32l0xx_hal_uart.c:2530:13:UART_DMAReceiveCplt	8	static
stm32l0xx_hal_uart.c:2812:26:UART_Receive_IT	16	static
stm32l0xx_hal_uart.c:1821:13:HAL_UART_RxHalfCpltCallback	0	static
stm32l0xx_hal_uart.c:2559:13:UART_DMARxHalfCplt	8	static
stm32l0xx_hal_uart.c:1836:13:HAL_UART_ErrorCallback	0	static
stm32l0xx_hal_uart.c:2571:13:UART_DMAError	8	static
stm32l0xx_hal_uart.c:1624:6:HAL_UART_IRQHandler	24	static
stm32l0xx_hal_uart.c:2601:13:UART_DMAAbortOnError	8	static
stm32l0xx_hal_uart.c:1851:13:HAL_UART_AbortCpltCallback	0	static
stm32l0xx_hal_uart.c:1371:19:HAL_UART_Abort_IT	16	static
stm32l0xx_hal_uart.c:2660:13:UART_DMARxAbortCallback	8	static
stm32l0xx_hal_uart.c:2618:13:UART_DMATxAbortCallback	8	static
stm32l0xx_hal_uart.c:1866:13:HAL_UART_AbortTransmitCpltCallback	0	static
stm32l0xx_hal_uart.c:1496:19:HAL_UART_AbortTransmit_IT	8	static
stm32l0xx_hal_uart.c:2702:13:UART_DMATxOnlyAbortCallback	8	static
stm32l0xx_hal_uart.c:1881:13:HAL_UART_AbortReceiveCpltCallback	0	static
stm32l0xx_hal_uart.c:1561:19:HAL_UART_AbortReceive_IT	8	static
stm32l0xx_hal_uart.c:2723:13:UART_DMARxOnlyAbortCallback	8	static
stm32l0xx_hal_uart.c:1965:6:HAL_MultiProcessor_EnterMuteMode	0	static
stm32l0xx_hal_uart.c:1975:19:HAL_HalfDuplex_EnableTransmitter	8	static
stm32l0xx_hal_uart.c:1999:19:HAL_HalfDuplex_EnableReceiver	8	static
stm32l0xx_hal_uart.c:2023:19:HAL_LIN_SendBreak	8	static
stm32l0xx_hal_uart.c:2071:23:HAL_UART_GetState	0	static
stm32l0xx_hal_uart.c:2086:10:HAL_UART_GetError	0	static
stm32l0xx_hal_uart.c:2107:19:UART_SetConfig	24	static
stm32l0xx_hal_uart.c:2302:6:UART_AdvFeatureConfig	12	static
stm32l0xx_hal_uart.c:2426:19:UART_WaitOnFlagUntilTimeout	24	static
stm32l0xx_hal_uart.c:658:19:HAL_UART_Transmit	40	static
stm32l0xx_hal_uart.c:742:19:HAL_UART_Receive	40	static
stm32l0xx_hal_uart.c:2376:19:UART_CheckIdleState	24	static
stm32l0xx_hal_uart.c:225:19:HAL_UART_Init	16	static
stm32l0xx_hal_uart.c:288:19:HAL_HalfDuplex_Init	16	static
stm32l0xx_hal_uart.c:351:19:HAL_LIN_Init	16	static
stm32l0xx_hal_uart.c:438:19:HAL_MultiProcessor_Init	24	static
stm32l0xx_hal_uart.c:1923:19:HAL_MultiProcessor_EnableMuteMode	8	static
stm32l0xx_hal_uart.c:1944:19:HAL_MultiProcessor_DisableMuteMode	8	static
