stm32l0xx_hal_adc.c:2176:13:ADC_DelayMicroSecond	16	static
stm32l0xx_hal_adc.c:1974:26:ADC_Disable	16	static
stm32l0xx_hal_adc.c:1916:26:ADC_Enable	16	static
stm32l0xx_hal_adc.c:2031:26:ADC_ConversionStop	16	static
stm32l0xx_hal_adc.c:706:13:HAL_ADC_MspInit	0	static
stm32l0xx_hal_adc.c:355:19:HAL_ADC_Init	16	static
stm32l0xx_hal_adc.c:721:13:HAL_ADC_MspDeInit	0	static
stm32l0xx_hal_adc.c:585:19:HAL_ADC_DeInit	16	static
stm32l0xx_hal_adc.c:763:19:HAL_ADC_Start	16	static
stm32l0xx_hal_adc.c:829:19:HAL_ADC_Stop	16	static
stm32l0xx_hal_adc.c:883:19:HAL_ADC_PollForConversion	24	static
stm32l0xx_hal_adc.c:1009:19:HAL_ADC_PollForEvent	24	static
stm32l0xx_hal_adc.c:1092:19:HAL_ADC_Start_IT	16	static
stm32l0xx_hal_adc.c:1173:19:HAL_ADC_Stop_IT	16	static
stm32l0xx_hal_adc.c:1223:19:HAL_ADC_Start_DMA	32	static
stm32l0xx_hal_adc.c:1313:19:HAL_ADC_Stop_DMA	24	static
stm32l0xx_hal_adc.c:1395:10:HAL_ADC_GetValue	0	static
stm32l0xx_hal_adc.c:1534:13:HAL_ADC_ConvCpltCallback	0	static
stm32l0xx_hal_adc.c:2082:13:ADC_DMAConvCplt	8	static
stm32l0xx_hal_adc.c:1549:13:HAL_ADC_ConvHalfCpltCallback	0	static
stm32l0xx_hal_adc.c:2142:13:ADC_DMAHalfConvCplt	8	static
stm32l0xx_hal_adc.c:1564:13:HAL_ADC_LevelOutOfWindowCallback	0	static
stm32l0xx_hal_adc.c:1586:13:HAL_ADC_ErrorCallback	0	static
stm32l0xx_hal_adc.c:2156:13:ADC_DMAError	8	static
stm32l0xx_hal_adc.c:1412:6:HAL_ADC_IRQHandler	16	static
stm32l0xx_hal_adc.c:1637:19:HAL_ADC_ConfigChannel	16	static
stm32l0xx_hal_adc.c:1752:19:HAL_ADC_AnalogWDGConfig	16	static
stm32l0xx_hal_adc.c:1869:10:HAL_ADC_GetState	0	static
stm32l0xx_hal_adc.c:1883:10:HAL_ADC_GetError	0	static
