Archive member included to satisfy reference by file (symbol)

/opt/gcc-arm-none-eabi-8-2018-q4-major/bin/../lib/gcc/arm-none-eabi/8.2.1/thumb/v6-m/nofp/libgcc.a(_udivsi3.o)
                              CMakeFiles/LoRaNODE.elf.dir/home/alejo/Documents/LoRa_Project_v1/software/Project/global/Drivers/STM32L0xx_HAL_Driver/Src/stm32l0xx_hal.c.obj (__aeabi_uidiv)
/opt/gcc-arm-none-eabi-8-2018-q4-major/bin/../lib/gcc/arm-none-eabi/8.2.1/thumb/v6-m/nofp/libgcc.a(_divsi3.o)
                              CMakeFiles/LoRaNODE.elf.dir/home/alejo/Documents/LoRa_Project_v1/software/Project/global/Core/utils/src/circular.c.obj (__aeabi_idivmod)
/opt/gcc-arm-none-eabi-8-2018-q4-major/bin/../lib/gcc/arm-none-eabi/8.2.1/thumb/v6-m/nofp/libgcc.a(_dvmd_tls.o)
                              /opt/gcc-arm-none-eabi-8-2018-q4-major/bin/../lib/gcc/arm-none-eabi/8.2.1/thumb/v6-m/nofp/libgcc.a(_udivsi3.o) (__aeabi_idiv0)
/opt/gcc-arm-none-eabi-8-2018-q4-major/bin/../lib/gcc/arm-none-eabi/8.2.1/thumb/v6-m/nofp/libgcc.a(_arm_cmpdf2.o)
                              CMakeFiles/LoRaNODE.elf.dir/home/alejo/Documents/LoRa_Project_v1/software/Project/global/Drivers/BSP/Components/sx1276/sx1276.c.obj (__aeabi_dcmpgt)
/opt/gcc-arm-none-eabi-8-2018-q4-major/bin/../lib/gcc/arm-none-eabi/8.2.1/thumb/v6-m/nofp/libgcc.a(_arm_cmpsf2.o)
                              CMakeFiles/LoRaNODE.elf.dir/home/alejo/Documents/LoRa_Project_v1/software/Project/global/Core/utils/src/Thermo.c.obj (__aeabi_fcmplt)
/opt/gcc-arm-none-eabi-8-2018-q4-major/bin/../lib/gcc/arm-none-eabi/8.2.1/thumb/v6-m/nofp/libgcc.a(_aeabi_uldivmod.o)
                              CMakeFiles/LoRaNODE.elf.dir/home/alejo/Documents/LoRa_Project_v1/software/Project/global/Drivers/STM32L0xx_HAL_Driver/Src/stm32l0xx_hal_uart.c.obj (__aeabi_uldivmod)
/opt/gcc-arm-none-eabi-8-2018-q4-major/bin/../lib/gcc/arm-none-eabi/8.2.1/thumb/v6-m/nofp/libgcc.a(_fixunssfsi.o)
                              CMakeFiles/LoRaNODE.elf.dir/Src/main.c.obj (__aeabi_f2uiz)
/opt/gcc-arm-none-eabi-8-2018-q4-major/bin/../lib/gcc/arm-none-eabi/8.2.1/thumb/v6-m/nofp/libgcc.a(_fixunsdfsi.o)
                              CMakeFiles/LoRaNODE.elf.dir/home/alejo/Documents/LoRa_Project_v1/software/Project/global/Drivers/BSP/Components/sx1276/sx1276.c.obj (__aeabi_d2uiz)
/opt/gcc-arm-none-eabi-8-2018-q4-major/bin/../lib/gcc/arm-none-eabi/8.2.1/thumb/v6-m/nofp/libgcc.a(_udivmoddi4.o)
                              /opt/gcc-arm-none-eabi-8-2018-q4-major/bin/../lib/gcc/arm-none-eabi/8.2.1/thumb/v6-m/nofp/libgcc.a(_aeabi_uldivmod.o) (__udivmoddi4)
/opt/gcc-arm-none-eabi-8-2018-q4-major/bin/../lib/gcc/arm-none-eabi/8.2.1/thumb/v6-m/nofp/libgcc.a(addsf3.o)
                              CMakeFiles/LoRaNODE.elf.dir/home/alejo/Documents/LoRa_Project_v1/software/Project/global/Core/utils/src/Thermo.c.obj (__aeabi_fadd)
/opt/gcc-arm-none-eabi-8-2018-q4-major/bin/../lib/gcc/arm-none-eabi/8.2.1/thumb/v6-m/nofp/libgcc.a(divsf3.o)
                              CMakeFiles/LoRaNODE.elf.dir/home/alejo/Documents/LoRa_Project_v1/software/Project/global/Core/utils/src/Thermo.c.obj (__aeabi_fdiv)
/opt/gcc-arm-none-eabi-8-2018-q4-major/bin/../lib/gcc/arm-none-eabi/8.2.1/thumb/v6-m/nofp/libgcc.a(eqsf2.o)
                              /opt/gcc-arm-none-eabi-8-2018-q4-major/bin/../lib/gcc/arm-none-eabi/8.2.1/thumb/v6-m/nofp/libgcc.a(_arm_cmpsf2.o) (__eqsf2)
/opt/gcc-arm-none-eabi-8-2018-q4-major/bin/../lib/gcc/arm-none-eabi/8.2.1/thumb/v6-m/nofp/libgcc.a(gesf2.o)
                              /opt/gcc-arm-none-eabi-8-2018-q4-major/bin/../lib/gcc/arm-none-eabi/8.2.1/thumb/v6-m/nofp/libgcc.a(_arm_cmpsf2.o) (__gesf2)
/opt/gcc-arm-none-eabi-8-2018-q4-major/bin/../lib/gcc/arm-none-eabi/8.2.1/thumb/v6-m/nofp/libgcc.a(lesf2.o)
                              /opt/gcc-arm-none-eabi-8-2018-q4-major/bin/../lib/gcc/arm-none-eabi/8.2.1/thumb/v6-m/nofp/libgcc.a(_arm_cmpsf2.o) (__lesf2)
/opt/gcc-arm-none-eabi-8-2018-q4-major/bin/../lib/gcc/arm-none-eabi/8.2.1/thumb/v6-m/nofp/libgcc.a(mulsf3.o)
                              CMakeFiles/LoRaNODE.elf.dir/home/alejo/Documents/LoRa_Project_v1/software/Project/global/Core/utils/src/Thermo.c.obj (__aeabi_fmul)
/opt/gcc-arm-none-eabi-8-2018-q4-major/bin/../lib/gcc/arm-none-eabi/8.2.1/thumb/v6-m/nofp/libgcc.a(subsf3.o)
                              CMakeFiles/LoRaNODE.elf.dir/home/alejo/Documents/LoRa_Project_v1/software/Project/global/Core/utils/src/Thermo.c.obj (__aeabi_fsub)
/opt/gcc-arm-none-eabi-8-2018-q4-major/bin/../lib/gcc/arm-none-eabi/8.2.1/thumb/v6-m/nofp/libgcc.a(fixsfsi.o)
                              CMakeFiles/LoRaNODE.elf.dir/home/alejo/Documents/LoRa_Project_v1/software/Project/global/Core/utils/src/Thermo.c.obj (__aeabi_f2iz)
/opt/gcc-arm-none-eabi-8-2018-q4-major/bin/../lib/gcc/arm-none-eabi/8.2.1/thumb/v6-m/nofp/libgcc.a(floatsisf.o)
                              CMakeFiles/LoRaNODE.elf.dir/home/alejo/Documents/LoRa_Project_v1/software/Project/global/Core/utils/src/Thermo.c.obj (__aeabi_i2f)
[...]
Memory Configuration

Name             Origin             Length             Attributes
RAM              0x0000000020000000 0x0000000000005000 xrw
FLASH            0x0000000008000000 0x0000000000020000 xr
*default*        0x0000000000000000 0xffffffffffffffff

Linker script and memory map

LOAD /opt/gcc-arm-none-eabi-8-2018-q4-major/bin/../lib/gcc/arm-none-eabi/8.2.1/thumb/v6-m/nofp/crti.o
LOAD /opt/gcc-arm-none-eabi-8-2018-q4-major/bin/../lib/gcc/arm-none-eabi/8.2.1/thumb/v6-m/nofp/crtbegin.o
LOAD /opt/gcc-arm-none-eabi-8-2018-q4-major/bin/../lib/gcc/arm-none-eabi/8.2.1/../../../../arm-none-eabi/lib/thumb/v6-m/nofp/crt0.o
LOAD CMakeFiles/LoRaNODE.elf.dir/home/alejo/Documents/LoRa_Project_v1/software/Project/global/Drivers/STM32L0xx_HAL_Driver/Src/stm32l0xx_hal.c.obj
LOAD CMakeFiles/LoRaNODE.elf.dir/home/alejo/Documents/LoRa_Project_v1/software/Project/global/Drivers/STM32L0xx_HAL_Driver/Src/stm32l0xx_hal_adc.c.obj
LOAD CMakeFiles/LoRaNODE.elf.dir/home/alejo/Documents/LoRa_Project_v1/software/Project/global/Drivers/STM32L0xx_HAL_Driver/Src/stm32l0xx_hal_adc_ex.c.obj
LOAD CMakeFiles/LoRaNODE.elf.dir/home/alejo/Documents/LoRa_Project_v1/software/Project/global/Drivers/STM32L0xx_HAL_Driver/Src/stm32l0xx_hal_comp.c.obj
LOAD CMakeFiles/LoRaNODE.elf.dir/home/alejo/Documents/LoRa_Project_v1/software/Project/global/Drivers/STM32L0xx_HAL_Driver/Src/stm32l0xx_hal_comp_ex.c.obj
LOAD CMakeFiles/LoRaNODE.elf.dir/home/alejo/Documents/LoRa_Project_v1/software/Project/global/Drivers/STM32L0xx_HAL_Driver/Src/stm32l0xx_hal_cortex.c.obj
LOAD CMakeFiles/LoRaNODE.elf.dir/home/alejo/Documents/LoRa_Project_v1/software/Project/global/Drivers/STM32L0xx_HAL_Driver/Src/stm32l0xx_hal_crc.c.obj
LOAD CMakeFiles/LoRaNODE.elf.dir/home/alejo/Documents/LoRa_Project_v1/software/Project/global/Drivers/STM32L0xx_HAL_Driver/Src/stm32l0xx_hal_crc_ex.c.obj
LOAD CMakeFiles/LoRaNODE.elf.dir/home/alejo/Documents/LoRa_Project_v1/software/Project/global/Drivers/STM32L0xx_HAL_Driver/Src/stm32l0xx_hal_cryp.c.obj
LOAD CMakeFiles/LoRaNODE.elf.dir/home/alejo/Documents/LoRa_Project_v1/software/Project/global/Drivers/STM32L0xx_HAL_Driver/Src/stm32l0xx_hal_cryp_ex.c.obj
LOAD CMakeFiles/LoRaNODE.elf.dir/home/alejo/Documents/LoRa_Project_v1/software/Project/global/Drivers/STM32L0xx_HAL_Driver/Src/stm32l0xx_hal_dac.c.obj
LOAD CMakeFiles/LoRaNODE.elf.dir/home/alejo/Documents/LoRa_Project_v1/software/Project/global/Drivers/STM32L0xx_HAL_Driver/Src/stm32l0xx_hal_dac_ex.c.obj
LOAD CMakeFiles/LoRaNODE.elf.dir/home/alejo/Documents/LoRa_Project_v1/software/Project/global/Drivers/STM32L0xx_HAL_Driver/Src/stm32l0xx_hal_dma.c.obj
LOAD CMakeFiles/LoRaNODE.elf.dir/home/alejo/Documents/LoRa_Project_v1/software/Project/global/Drivers/STM32L0xx_HAL_Driver/Src/stm32l0xx_hal_firewall.c.obj
LOAD CMakeFiles/LoRaNODE.elf.dir/home/alejo/Documents/LoRa_Project_v1/software/Project/global/Drivers/STM32L0xx_HAL_Driver/Src/stm32l0xx_hal_flash.c.obj
LOAD CMakeFiles/LoRaNODE.elf.dir/home/alejo/Documents/LoRa_Project_v1/software/Project/global/Drivers/STM32L0xx_HAL_Driver/Src/stm32l0xx_hal_flash_ex.c.obj
LOAD CMakeFiles/LoRaNODE.elf.dir/home/alejo/Documents/LoRa_Project_v1/software/Project/global/Drivers/STM32L0xx_HAL_Driver/Src/stm32l0xx_hal_flash_ramfunc.c.obj
LOAD CMakeFiles/LoRaNODE.elf.dir/home/alejo/Documents/LoRa_Project_v1/software/Project/global/Drivers/STM32L0xx_HAL_Driver/Src/stm32l0xx_hal_gpio.c.obj
LOAD CMakeFiles/LoRaNODE.elf.dir/home/alejo/Documents/LoRa_Project_v1/software/Project/global/Drivers/STM32L0xx_HAL_Driver/Src/stm32l0xx_hal_i2c.c.obj
LOAD CMakeFiles/LoRaNODE.elf.dir/home/alejo/Documents/LoRa_Project_v1/software/Project/global/Drivers/STM32L0xx_HAL_Driver/Src/stm32l0xx_hal_i2c_ex.c.obj
LOAD CMakeFiles/LoRaNODE.elf.dir/home/alejo/Documents/LoRa_Project_v1/software/Project/global/Drivers/STM32L0xx_HAL_Driver/Src/stm32l0xx_hal_i2s.c.obj
LOAD CMakeFiles/LoRaNODE.elf.dir/home/alejo/Documents/LoRa_Project_v1/software/Project/global/Drivers/STM32L0xx_HAL_Driver/Src/stm32l0xx_hal_irda.c.obj
LOAD CMakeFiles/LoRaNODE.elf.dir/home/alejo/Documents/LoRa_Project_v1/software/Project/global/Drivers/STM32L0xx_HAL_Driver/Src/stm32l0xx_hal_iwdg.c.obj
LOAD CMakeFiles/LoRaNODE.elf.dir/home/alejo/Documents/LoRa_Project_v1/software/Project/global/Drivers/STM32L0xx_HAL_Driver/Src/stm32l0xx_hal_lcd.c.obj
LOAD CMakeFiles/LoRaNODE.elf.dir/home/alejo/Documents/LoRa_Project_v1/software/Project/global/Drivers/STM32L0xx_HAL_Driver/Src/stm32l0xx_hal_lptim.c.obj
LOAD CMakeFiles/LoRaNODE.elf.dir/home/alejo/Documents/LoRa_Project_v1/software/Project/global/Drivers/STM32L0xx_HAL_Driver/Src/stm32l0xx_hal_pcd.c.obj
LOAD CMakeFiles/LoRaNODE.elf.dir/home/alejo/Documents/LoRa_Project_v1/software/Project/global/Drivers/STM32L0xx_HAL_Driver/Src/stm32l0xx_hal_pcd_ex.c.obj
LOAD CMakeFiles/LoRaNODE.elf.dir/home/alejo/Documents/LoRa_Project_v1/software/Project/global/Drivers/STM32L0xx_HAL_Driver/Src/stm32l0xx_hal_pwr.c.obj
LOAD CMakeFiles/LoRaNODE.elf.dir/home/alejo/Documents/LoRa_Project_v1/software/Project/global/Drivers/STM32L0xx_HAL_Driver/Src/stm32l0xx_hal_pwr_ex.c.obj
LOAD CMakeFiles/LoRaNODE.elf.dir/home/alejo/Documents/LoRa_Project_v1/software/Project/global/Drivers/STM32L0xx_HAL_Driver/Src/stm32l0xx_hal_rcc.c.obj
LOAD CMakeFiles/LoRaNODE.elf.dir/home/alejo/Documents/LoRa_Project_v1/software/Project/global/Drivers/STM32L0xx_HAL_Driver/Src/stm32l0xx_hal_rcc_ex.c.obj
LOAD CMakeFiles/LoRaNODE.elf.dir/home/alejo/Documents/LoRa_Project_v1/software/Project/global/Drivers/STM32L0xx_HAL_Driver/Src/stm32l0xx_hal_rng.c.obj
LOAD CMakeFiles/LoRaNODE.elf.dir/home/alejo/Documents/LoRa_Project_v1/software/Project/global/Drivers/STM32L0xx_HAL_Driver/Src/stm32l0xx_hal_rtc.c.obj
LOAD CMakeFiles/LoRaNODE.elf.dir/home/alejo/Documents/LoRa_Project_v1/software/Project/global/Drivers/STM32L0xx_HAL_Driver/Src/stm32l0xx_hal_rtc_ex.c.obj
LOAD CMakeFiles/LoRaNODE.elf.dir/home/alejo/Documents/LoRa_Project_v1/software/Project/global/Drivers/STM32L0xx_HAL_Driver/Src/stm32l0xx_hal_smartcard.c.obj
LOAD CMakeFiles/LoRaNODE.elf.dir/home/alejo/Documents/LoRa_Project_v1/software/Project/global/Drivers/STM32L0xx_HAL_Driver/Src/stm32l0xx_hal_smartcard_ex.c.obj
LOAD CMakeFiles/LoRaNODE.elf.dir/home/alejo/Documents/LoRa_Project_v1/software/Project/global/Drivers/STM32L0xx_HAL_Driver/Src/stm32l0xx_hal_smbus.c.obj
LOAD CMakeFiles/LoRaNODE.elf.dir/home/alejo/Documents/LoRa_Project_v1/software/Project/global/Drivers/STM32L0xx_HAL_Driver/Src/stm32l0xx_hal_spi.c.obj
LOAD CMakeFiles/LoRaNODE.elf.dir/home/alejo/Documents/LoRa_Project_v1/software/Project/global/Drivers/STM32L0xx_HAL_Driver/Src/stm32l0xx_hal_tim.c.obj
LOAD CMakeFiles/LoRaNODE.elf.dir/home/alejo/Documents/LoRa_Project_v1/software/Project/global/Drivers/STM32L0xx_HAL_Driver/Src/stm32l0xx_hal_tim_ex.c.obj
LOAD CMakeFiles/LoRaNODE.elf.dir/home/alejo/Documents/LoRa_Project_v1/software/Project/global/Drivers/STM32L0xx_HAL_Driver/Src/stm32l0xx_hal_tsc.c.obj
LOAD CMakeFiles/LoRaNODE.elf.dir/home/alejo/Documents/LoRa_Project_v1/software/Project/global/Drivers/STM32L0xx_HAL_Driver/Src/stm32l0xx_hal_uart.c.obj
LOAD CMakeFiles/LoRaNODE.elf.dir/home/alejo/Documents/LoRa_Project_v1/software/Project/global/Drivers/STM32L0xx_HAL_Driver/Src/stm32l0xx_hal_uart_ex.c.obj
LOAD CMakeFiles/LoRaNODE.elf.dir/home/alejo/Documents/LoRa_Project_v1/software/Project/global/Drivers/STM32L0xx_HAL_Driver/Src/stm32l0xx_hal_usart.c.obj
LOAD CMakeFiles/LoRaNODE.elf.dir/home/alejo/Documents/LoRa_Project_v1/software/Project/global/Drivers/STM32L0xx_HAL_Driver/Src/stm32l0xx_hal_wwdg.c.obj
LOAD CMakeFiles/LoRaNODE.elf.dir/home/alejo/Documents/LoRa_Project_v1/software/Project/global/Drivers/STM32L0xx_HAL_Driver/Src/stm32l0xx_ll_adc.c.obj
LOAD CMakeFiles/LoRaNODE.elf.dir/home/alejo/Documents/LoRa_Project_v1/software/Project/global/Drivers/STM32L0xx_HAL_Driver/Src/stm32l0xx_ll_comp.c.obj
LOAD CMakeFiles/LoRaNODE.elf.dir/home/alejo/Documents/LoRa_Project_v1/software/Project/global/Drivers/STM32L0xx_HAL_Driver/Src/stm32l0xx_ll_crc.c.obj
LOAD CMakeFiles/LoRaNODE.elf.dir/home/alejo/Documents/LoRa_Project_v1/software/Project/global/Drivers/STM32L0xx_HAL_Driver/Src/stm32l0xx_ll_crs.c.obj
LOAD CMakeFiles/LoRaNODE.elf.dir/home/alejo/Documents/LoRa_Project_v1/software/Project/global/Drivers/STM32L0xx_HAL_Driver/Src/stm32l0xx_ll_dac.c.obj
LOAD CMakeFiles/LoRaNODE.elf.dir/home/alejo/Documents/LoRa_Project_v1/software/Project/global/Drivers/STM32L0xx_HAL_Driver/Src/stm32l0xx_ll_dma.c.obj
LOAD CMakeFiles/LoRaNODE.elf.dir/home/alejo/Documents/LoRa_Project_v1/software/Project/global/Drivers/STM32L0xx_HAL_Driver/Src/stm32l0xx_ll_exti.c.obj
LOAD CMakeFiles/LoRaNODE.elf.dir/home/alejo/Documents/LoRa_Project_v1/software/Project/global/Drivers/STM32L0xx_HAL_Driver/Src/stm32l0xx_ll_gpio.c.obj
LOAD CMakeFiles/LoRaNODE.elf.dir/home/alejo/Documents/LoRa_Project_v1/software/Project/global/Drivers/STM32L0xx_HAL_Driver/Src/stm32l0xx_ll_i2c.c.obj
LOAD CMakeFiles/LoRaNODE.elf.dir/home/alejo/Documents/LoRa_Project_v1/software/Project/global/Drivers/STM32L0xx_HAL_Driver/Src/stm32l0xx_ll_lptim.c.obj
LOAD CMakeFiles/LoRaNODE.elf.dir/home/alejo/Documents/LoRa_Project_v1/software/Project/global/Drivers/STM32L0xx_HAL_Driver/Src/stm32l0xx_ll_lpuart.c.obj
LOAD CMakeFiles/LoRaNODE.elf.dir/home/alejo/Documents/LoRa_Project_v1/software/Project/global/Drivers/STM32L0xx_HAL_Driver/Src/stm32l0xx_ll_pwr.c.obj
LOAD CMakeFiles/LoRaNODE.elf.dir/home/alejo/Documents/LoRa_Project_v1/software/Project/global/Drivers/STM32L0xx_HAL_Driver/Src/stm32l0xx_ll_rcc.c.obj
LOAD CMakeFiles/LoRaNODE.elf.dir/home/alejo/Documents/LoRa_Project_v1/software/Project/global/Drivers/STM32L0xx_HAL_Driver/Src/stm32l0xx_ll_rng.c.obj
LOAD CMakeFiles/LoRaNODE.elf.dir/home/alejo/Documents/LoRa_Project_v1/software/Project/global/Drivers/STM32L0xx_HAL_Driver/Src/stm32l0xx_ll_rtc.c.obj
LOAD CMakeFiles/LoRaNODE.elf.dir/home/alejo/Documents/LoRa_Project_v1/software/Project/global/Drivers/STM32L0xx_HAL_Driver/Src/stm32l0xx_ll_spi.c.obj
LOAD CMakeFiles/LoRaNODE.elf.dir/home/alejo/Documents/LoRa_Project_v1/software/Project/global/Drivers/STM32L0xx_HAL_Driver/Src/stm32l0xx_ll_tim.c.obj
LOAD CMakeFiles/LoRaNODE.elf.dir/home/alejo/Documents/LoRa_Project_v1/software/Project/global/Drivers/STM32L0xx_HAL_Driver/Src/stm32l0xx_ll_usart.c.obj
LOAD CMakeFiles/LoRaNODE.elf.dir/home/alejo/Documents/LoRa_Project_v1/software/Project/global/Drivers/STM32L0xx_HAL_Driver/Src/stm32l0xx_ll_utils.c.obj
LOAD CMakeFiles/LoRaNODE.elf.dir/home/alejo/Documents/LoRa_Project_v1/software/Project/global/Drivers/CMSIS/Device/ST/STM32L0xx/Source/Templates/system_stm32l0xx.c.obj
LOAD CMakeFiles/LoRaNODE.elf.dir/home/alejo/Documents/LoRa_Project_v1/software/Project/global/Drivers/BSP/B-L072Z-LRWAN1/b-l072z-lrwan1.c.obj
LOAD CMakeFiles/LoRaNODE.elf.dir/home/alejo/Documents/LoRa_Project_v1/software/Project/global/Core/BOARDS/B-L072Z-LRWAN1/src/mlm32l0xx_hal_msp.c.obj
LOAD CMakeFiles/LoRaNODE.elf.dir/home/alejo/Documents/LoRa_Project_v1/software/Project/global/Core/BOARDS/B-L072Z-LRWAN1/src/mlm32l0xx_hw.c.obj
LOAD CMakeFiles/LoRaNODE.elf.dir/home/alejo/Documents/LoRa_Project_v1/software/Project/global/Core/BOARDS/B-L072Z-LRWAN1/src/mlm32l0xx_it.c.obj
LOAD CMakeFiles/LoRaNODE.elf.dir/home/alejo/Documents/LoRa_Project_v1/software/Project/global/Drivers/BSP/CMWX1ZZABZ-0xx/mlm32l07x01.c.obj
LOAD CMakeFiles/LoRaNODE.elf.dir/home/alejo/Documents/LoRa_Project_v1/software/Project/global/Drivers/BSP/Components/sx1276/sx1276.c.obj
LOAD CMakeFiles/LoRaNODE.elf.dir/home/alejo/Documents/LoRa_Project_v1/software/Project/global/Middlewares/Third_Party/FreeRTOS/Source/CMSIS_RTOS/cmsis_os.c.obj
LOAD CMakeFiles/LoRaNODE.elf.dir/home/alejo/Documents/LoRa_Project_v1/software/Project/global/Middlewares/Third_Party/FreeRTOS/Source/croutine.c.obj
LOAD CMakeFiles/LoRaNODE.elf.dir/home/alejo/Documents/LoRa_Project_v1/software/Project/global/Middlewares/Third_Party/FreeRTOS/Source/event_groups.c.obj
LOAD CMakeFiles/LoRaNODE.elf.dir/home/alejo/Documents/LoRa_Project_v1/software/Project/global/Middlewares/Third_Party/FreeRTOS/Source/list.c.obj
LOAD CMakeFiles/LoRaNODE.elf.dir/home/alejo/Documents/LoRa_Project_v1/software/Project/global/Middlewares/Third_Party/FreeRTOS/Source/portable/GCC/ARM_CM0/port.c.obj
LOAD CMakeFiles/LoRaNODE.elf.dir/home/alejo/Documents/LoRa_Project_v1/software/Project/global/Middlewares/Third_Party/FreeRTOS/Source/portable/MemMang/heap_4.c.obj
LOAD CMakeFiles/LoRaNODE.elf.dir/home/alejo/Documents/LoRa_Project_v1/software/Project/global/Middlewares/Third_Party/FreeRTOS/Source/queue.c.obj
LOAD CMakeFiles/LoRaNODE.elf.dir/home/alejo/Documents/LoRa_Project_v1/software/Project/global/Middlewares/Third_Party/FreeRTOS/Source/tasks.c.obj
LOAD CMakeFiles/LoRaNODE.elf.dir/home/alejo/Documents/LoRa_Project_v1/software/Project/global/Middlewares/Third_Party/FreeRTOS/Source/timers.c.obj
LOAD CMakeFiles/LoRaNODE.elf.dir/Src/freertos.c.obj
LOAD CMakeFiles/LoRaNODE.elf.dir/Src/main.c.obj
LOAD CMakeFiles/LoRaNODE.elf.dir/home/alejo/Documents/LoRa_Project_v1/software/Project/global/Core/utils/src/LowPower.c.obj
LOAD CMakeFiles/LoRaNODE.elf.dir/home/alejo/Documents/LoRa_Project_v1/software/Project/global/Core/utils/src/Thermo.c.obj
LOAD CMakeFiles/LoRaNODE.elf.dir/home/alejo/Documents/LoRa_Project_v1/software/Project/global/Core/utils/src/circular.c.obj
LOAD CMakeFiles/LoRaNODE.elf.dir/home/alejo/Documents/LoRa_Project_v1/software/Project/global/Core/utils/src/fsm.c.obj
LOAD CMakeFiles/LoRaNODE.elf.dir/home/alejo/Documents/LoRa_Project_v1/software/Project/global/Core/utils/src/queue_c.c.obj
LOAD CMakeFiles/LoRaNODE.elf.dir/home/alejo/Documents/LoRa_Project_v1/software/Project/global/Core/utils/src/timeServer.c.obj
LOAD CMakeFiles/LoRaNODE.elf.dir/home/alejo/Documents/LoRa_Project_v1/software/Project/global/Core/utils/src/trace.c.obj
LOAD CMakeFiles/LoRaNODE.elf.dir/home/alejo/Documents/LoRa_Project_v1/software/Project/global/Core/utils/src/utilities.c.obj
LOAD CMakeFiles/LoRaNODE.elf.dir/home/alejo/Documents/LoRa_Project_v1/software/Project/global/Core/hw/src/hw_gpio.c.obj
LOAD CMakeFiles/LoRaNODE.elf.dir/home/alejo/Documents/LoRa_Project_v1/software/Project/global/Core/hw/src/hw_rtc.c.obj
LOAD CMakeFiles/LoRaNODE.elf.dir/home/alejo/Documents/LoRa_Project_v1/software/Project/global/Core/hw/src/hw_spi.c.obj
LOAD CMakeFiles/LoRaNODE.elf.dir/home/alejo/Documents/LoRa_Project_v1/software/Project/global/Core/hw/src/hw_uart.c.obj
LOAD CMakeFiles/LoRaNODE.elf.dir/home/alejo/Documents/LoRa_Project_v1/software/Project/global/Drivers/AD7194/src/extADC.c.obj
LOAD CMakeFiles/LoRaNODE.elf.dir/home/alejo/Documents/LoRa_Project_v1/software/Project/global/Drivers/AD7194/platform/STM32/src/custom_spi.c.obj
LOAD CMakeFiles/LoRaNODE.elf.dir/home/alejo/Documents/LoRa_Project_v1/software/Project/global/Drivers/MCP9808/src/MCP9808.c.obj
LOAD CMakeFiles/LoRaNODE.elf.dir/home/alejo/Documents/LoRa_Project_v1/software/Project/global/Drivers/CMSIS/Device/ST/STM32L0xx/Source/Templates/gcc/startup_stm32l072xx.s.obj
START GROUP
LOAD /opt/gcc-arm-none-eabi-8-2018-q4-major/bin/../lib/gcc/arm-none-eabi/8.2.1/thumb/v6-m/nofp/libgcc.a
LOAD /opt/gcc-arm-none-eabi-8-2018-q4-major/bin/../lib/gcc/arm-none-eabi/8.2.1/../../../../arm-none-eabi/lib/thumb/v6-m/nofp/libg.a
LOAD /opt/gcc-arm-none-eabi-8-2018-q4-major/bin/../lib/gcc/arm-none-eabi/8.2.1/../../../../arm-none-eabi/lib/thumb/v6-m/nofp/libc.a
END GROUP
START GROUP
LOAD /opt/gcc-arm-none-eabi-8-2018-q4-major/bin/../lib/gcc/arm-none-eabi/8.2.1/thumb/v6-m/nofp/libgcc.a
LOAD /opt/gcc-arm-none-eabi-8-2018-q4-major/bin/../lib/gcc/arm-none-eabi/8.2.1/../../../../arm-none-eabi/lib/thumb/v6-m/nofp/libc.a
LOAD /opt/gcc-arm-none-eabi-8-2018-q4-major/bin/../lib/gcc/arm-none-eabi/8.2.1/../../../../arm-none-eabi/lib/thumb/v6-m/nofp/libnosys.a
END GROUP
LOAD /opt/gcc-arm-none-eabi-8-2018-q4-major/bin/../lib/gcc/arm-none-eabi/8.2.1/thumb/v6-m/nofp/crtend.o
LOAD /opt/gcc-arm-none-eabi-8-2018-q4-major/bin/../lib/gcc/arm-none-eabi/8.2.1/thumb/v6-m/nofp/crtn.o
                0x0000000020005000                _estack = 0x20005000
                0x0000000000000200                _Min_Heap_Size = 0x200
                0x0000000000000400                _Min_Stack_Size = 0x400

.isr_vector     0x0000000008000000       0xc0
                0x0000000008000000                . = ALIGN (0x4)
 *(.isr_vector)
 .isr_vector    0x0000000008000000       0xc0 CMakeFiles/LoRaNODE.elf.dir/home/alejo/Documents/LoRa_Project_v1/software/Project/global/Drivers/CMSIS/Device/ST/STM32L0xx/Source/Templates/gcc/startup_stm32l072xx.s.obj
                0x0000000008000000                g_pfnVectors
                0x00000000080000c0                . = ALIGN (0x4)

.text           0x00000000080000c0     0xcb2c
                0x00000000080000c0                . = ALIGN (0x4)
 *(.text)
 .text          0x00000000080000c0       0x48 /opt/gcc-arm-none-eabi-8-2018-q4-major/bin/../lib/gcc/arm-none-eabi/8.2.1/thumb/v6-m/nofp/crtbegin.o
 .text          0x0000000008000108      0x114 /opt/gcc-arm-none-eabi-8-2018-q4-major/bin/../lib/gcc/arm-none-eabi/8.2.1/thumb/v6-m/nofp/libgcc.a(_udivsi3.o)
                0x0000000008000108                __udivsi3
                0x0000000008000108                __aeabi_uidiv
                0x0000000008000214                __aeabi_uidivmod
 .text          0x000000000800021c      0x1d4 /opt/gcc-arm-none-eabi-8-2018-q4-major/bin/../lib/gcc/arm-none-eabi/8.2.1/thumb/v6-m/nofp/libgcc.a(_divsi3.o)
                0x000000000800021c                __aeabi_idiv
                0x000000000800021c                __divsi3
                0x00000000080003e8                __aeabi_idivmod
 .text          0x00000000080003f0        0x4 /opt/gcc-arm-none-eabi-8-2018-q4-major/bin/../lib/gcc/arm-none-eabi/8.2.1/thumb/v6-m/nofp/libgcc.a(_dvmd_tls.o)
                0x00000000080003f0                __aeabi_ldiv0
                0x00000000080003f0                __aeabi_idiv0
 .text          0x00000000080003f4       0x7c /opt/gcc-arm-none-eabi-8-2018-q4-major/bin/../lib/gcc/arm-none-eabi/8.2.1/thumb/v6-m/nofp/libgcc.a(_arm_cmpdf2.o)
                0x00000000080003f4                __aeabi_cdrcmple
                0x0000000008000404                __aeabi_cdcmple
                0x0000000008000404                __aeabi_cdcmpeq
                0x0000000008000414                __aeabi_dcmpeq
                0x0000000008000420                __aeabi_dcmplt
                0x0000000008000434                __aeabi_dcmple
                0x0000000008000448                __aeabi_dcmpgt
                0x000000000800045c                __aeabi_dcmpge
 .text          0x0000000008000470       0x40 /opt/gcc-arm-none-eabi-8-2018-q4-major/bin/../lib/gcc/arm-none-eabi/8.2.1/thumb/v6-m/nofp/libgcc.a(_aeabi_uldivmod.o)
                0x0000000008000470                __aeabi_uldivmod
 .text          0x00000000080004b0       0x3c /opt/gcc-arm-none-eabi-8-2018-q4-major/bin/../lib/gcc/arm-none-eabi/8.2.1/thumb/v6-m/nofp/libgcc.a(_fixunsdfsi.o)
                0x00000000080004b0                __fixunsdfsi
                0x00000000080004b0                __aeabi_d2uiz
 .text          0x00000000080004ec      0x1a4 /opt/gcc-arm-none-eabi-8-2018-q4-major/bin/../lib/gcc/arm-none-eabi/8.2.1/thumb/v6-m/nofp/libgcc.a(_udivmoddi4.o)
                0x00000000080004ec                __udivmoddi4
 .text          0x0000000008000690      0x230 /opt/gcc-arm-none-eabi-8-2018-q4-major/bin/../lib/gcc/arm-none-eabi/8.2.1/thumb/v6-m/nofp/libgcc.a(divsf3.o)
                0x0000000008000690                __aeabi_fdiv
 .text          0x00000000080008c0      0x22c /opt/gcc-arm-none-eabi-8-2018-q4-major/bin/../lib/gcc/arm-none-eabi/8.2.1/thumb/v6-m/nofp/libgcc.a(mulsf3.o)
                0x00000000080008c0                __aeabi_fmul
 .text          0x0000000008000aec      0x34c /opt/gcc-arm-none-eabi-8-2018-q4-major/bin/../lib/gcc/arm-none-eabi/8.2.1/thumb/v6-m/nofp/libgcc.a(subsf3.o)
                0x0000000008000aec                __aeabi_fsub
 .text          0x0000000008000e38       0x94 /opt/gcc-arm-none-eabi-8-2018-q4-major/bin/../lib/gcc/arm-none-eabi/8.2.1/thumb/v6-m/nofp/libgcc.a(floatsisf.o)
                0x0000000008000e38                __aeabi_i2f
 .text          0x0000000008000ecc       0x80 /opt/gcc-arm-none-eabi-8-2018-q4-major/bin/../lib/gcc/arm-none-eabi/8.2.1/thumb/v6-m/nofp/libgcc.a(floatunsisf.o)
                0x0000000008000ecc                __aeabi_ui2f
 .text          0x0000000008000f4c      0x6ec /opt/gcc-arm-none-eabi-8-2018-q4-major/bin/../lib/gcc/arm-none-eabi/8.2.1/thumb/v6-m/nofp/libgcc.a(adddf3.o)
                0x0000000008000f4c                __aeabi_dadd
 .text          0x0000000008001638      0x5ec /opt/gcc-arm-none-eabi-8-2018-q4-major/bin/../lib/gcc/arm-none-eabi/8.2.1/thumb/v6-m/nofp/libgcc.a(divdf3.o)
                0x0000000008001638                __aeabi_ddiv
 .text          0x0000000008001c24       0x80 /opt/gcc-arm-none-eabi-8-2018-q4-major/bin/../lib/gcc/arm-none-eabi/8.2.1/thumb/v6-m/nofp/libgcc.a(eqdf2.o)
                0x0000000008001c24                __eqdf2
                0x0000000008001c24                __nedf2
 .text          0x0000000008001ca4       0xc8 /opt/gcc-arm-none-eabi-8-2018-q4-major/bin/../lib/gcc/arm-none-eabi/8.2.1/thumb/v6-m/nofp/libgcc.a(gedf2.o)
                0x0000000008001ca4                __gtdf2
                0x0000000008001ca4                __gedf2
 .text          0x0000000008001d6c       0xc8 /opt/gcc-arm-none-eabi-8-2018-q4-major/bin/../lib/gcc/arm-none-eabi/8.2.1/thumb/v6-m/nofp/libgcc.a(ledf2.o)
                0x0000000008001d6c                __ltdf2
                0x0000000008001d6c                __ledf2
 .text          0x0000000008001e34      0x510 /opt/gcc-arm-none-eabi-8-2018-q4-major/bin/../lib/gcc/arm-none-eabi/8.2.1/thumb/v6-m/nofp/libgcc.a(muldf3.o)
                0x0000000008001e34                __aeabi_dmul
 .text          0x0000000008002344      0x730 /opt/gcc-arm-none-eabi-8-2018-q4-major/bin/../lib/gcc/arm-none-eabi/8.2.1/thumb/v6-m/nofp/libgcc.a(subdf3.o)
                0x0000000008002344                __aeabi_dsub
 .text          0x0000000008002a74       0x6c /opt/gcc-arm-none-eabi-8-2018-q4-major/bin/../lib/gcc/arm-none-eabi/8.2.1/thumb/v6-m/nofp/libgcc.a(fixdfsi.o)
                0x0000000008002a74                __aeabi_d2iz
 .text          0x0000000008002ae0       0x78 /opt/gcc-arm-none-eabi-8-2018-q4-major/bin/../lib/gcc/arm-none-eabi/8.2.1/thumb/v6-m/nofp/libgcc.a(floatsidf.o)
                0x0000000008002ae0                __aeabi_i2d
 .text          0x0000000008002b58       0x64 /opt/gcc-arm-none-eabi-8-2018-q4-major/bin/../lib/gcc/arm-none-eabi/8.2.1/thumb/v6-m/nofp/libgcc.a(floatunsidf.o)
                0x0000000008002b58                __aeabi_ui2d
 .text          0x0000000008002bbc       0xa4 /opt/gcc-arm-none-eabi-8-2018-q4-major/bin/../lib/gcc/arm-none-eabi/8.2.1/thumb/v6-m/nofp/libgcc.a(extendsfdf2.o)
                0x0000000008002bbc                __aeabi_f2d
 .text          0x0000000008002c60      0x110 /opt/gcc-arm-none-eabi-8-2018-q4-major/bin/../lib/gcc/arm-none-eabi/8.2.1/thumb/v6-m/nofp/libgcc.a(truncdfsf2.o)
                0x0000000008002c60                __aeabi_d2f
 .text          0x0000000008002d70       0x3c /opt/gcc-arm-none-eabi-8-2018-q4-major/bin/../lib/gcc/arm-none-eabi/8.2.1/thumb/v6-m/nofp/libgcc.a(_clzsi2.o)
                0x0000000008002d70                __clzsi2
 .text          0x0000000008002dac       0x18 /opt/gcc-arm-none-eabi-8-2018-q4-major/bin/../lib/gcc/arm-none-eabi/8.2.1/thumb/v6-m/nofp/libgcc.a(_clzdi2.o)
                0x0000000008002dac                __clzdi2
 *(.text*)
 .text.HAL_Init
                0x0000000008002dc4       0x28 CMakeFiles/LoRaNODE.elf.dir/home/alejo/Documents/LoRa_Project_v1/software/Project/global/Drivers/STM32L0xx_HAL_Driver/Src/stm32l0xx_hal.c.obj
                0x0000000008002dc4                HAL_Init
 .text.HAL_IncTick
                0x0000000008002dec       0x18 CMakeFiles/LoRaNODE.elf.dir/home/alejo/Documents/LoRa_Project_v1/software/Project/global/Drivers/STM32L0xx_HAL_Driver/Src/stm32l0xx_hal.c.obj
                0x0000000008002dec                HAL_IncTick
 .text.HAL_GetTick
                0x0000000008002e04       0x14 CMakeFiles/LoRaNODE.elf.dir/home/alejo/Documents/LoRa_Project_v1/software/Project/global/Drivers/STM32L0xx_HAL_Driver/Src/stm32l0xx_hal.c.obj
                0x0000000008002e04                HAL_GetTick
 .text.__NVIC_EnableIRQ
                0x0000000008002e18       0x34 CMakeFiles/LoRaNODE.elf.dir/home/alejo/Documents/LoRa_Project_v1/software/Project/global/Drivers/STM32L0xx_HAL_Driver/Src/stm32l0xx_hal_cortex.c.obj
 .text.__NVIC_SetPriority
                0x0000000008002e4c       0xdc CMakeFiles/LoRaNODE.elf.dir/home/alejo/Documents/LoRa_Project_v1/software/Project/global/Drivers/STM32L0xx_HAL_Driver/Src/stm32l0xx_hal_cortex.c.obj
 .text.SysTick_Config
                0x0000000008002f28       0x48 CMakeFiles/LoRaNODE.elf.dir/home/alejo/Documents/LoRa_Project_v1/software/Project/global/Drivers/STM32L0xx_HAL_Driver/Src/stm32l0xx_hal_cortex.c.obj
 .text.HAL_NVIC_SetPriority
                0x0000000008002f70       0x2a CMakeFiles/LoRaNODE.elf.dir/home/alejo/Documents/LoRa_Project_v1/software/Project/global/Drivers/STM32L0xx_HAL_Driver/Src/stm32l0xx_hal_cortex.c.obj
                0x0000000008002f70                HAL_NVIC_SetPriority
 .text.HAL_NVIC_EnableIRQ
                0x0000000008002f9a       0x20 CMakeFiles/LoRaNODE.elf.dir/home/alejo/Documents/LoRa_Project_v1/software/Project/global/Drivers/STM32L0xx_HAL_Driver/Src/stm32l0xx_hal_cortex.c.obj
                0x0000000008002f9a                HAL_NVIC_EnableIRQ
 .text.HAL_SYSTICK_Config
                0x0000000008002fba       0x1a CMakeFiles/LoRaNODE.elf.dir/home/alejo/Documents/LoRa_Project_v1/software/Project/global/Drivers/STM32L0xx_HAL_Driver/Src/stm32l0xx_hal_cortex.c.obj
                0x0000000008002fba                HAL_SYSTICK_Config
 .text.HAL_SYSTICK_CLKSourceConfig
                0x0000000008002fd4       0x34 CMakeFiles/LoRaNODE.elf.dir/home/alejo/Documents/LoRa_Project_v1/software/Project/global/Drivers/STM32L0xx_HAL_Driver/Src/stm32l0xx_hal_cortex.c.obj
                0x0000000008002fd4                HAL_SYSTICK_CLKSourceConfig
 .text.HAL_DMA_Abort_IT
                0x0000000008003008       0xfc CMakeFiles/LoRaNODE.elf.dir/home/alejo/Documents/LoRa_Project_v1/software/Project/global/Drivers/STM32L0xx_HAL_Driver/Src/stm32l0xx_hal_dma.c.obj
                0x0000000008003008                HAL_DMA_Abort_IT
 .text.HAL_GPIO_Init
                0x0000000008003104      0x2fc CMakeFiles/LoRaNODE.elf.dir/home/alejo/Documents/LoRa_Project_v1/software/Project/global/Drivers/STM32L0xx_HAL_Driver/Src/stm32l0xx_hal_gpio.c.obj
                0x0000000008003104                HAL_GPIO_Init
 .text.HAL_GPIO_WritePin
                0x0000000008003400       0x3a CMakeFiles/LoRaNODE.elf.dir/home/alejo/Documents/LoRa_Project_v1/software/Project/global/Drivers/STM32L0xx_HAL_Driver/Src/stm32l0xx_hal_gpio.c.obj
                0x0000000008003400                HAL_GPIO_WritePin
 *fill*         0x000000000800343a        0x2 
 .text.HAL_GPIO_EXTI_IRQHandler
                0x000000000800343c       0x38 CMakeFiles/LoRaNODE.elf.dir/home/alejo/Documents/LoRa_Project_v1/software/Project/global/Drivers/STM32L0xx_HAL_Driver/Src/stm32l0xx_hal_gpio.c.obj
                0x000000000800343c                HAL_GPIO_EXTI_IRQHandler
 .text.HAL_I2C_Init
                0x0000000008003474      0x12c CMakeFiles/LoRaNODE.elf.dir/home/alejo/Documents/LoRa_Project_v1/software/Project/global/Drivers/STM32L0xx_HAL_Driver/Src/stm32l0xx_hal_i2c.c.obj
                0x0000000008003474                HAL_I2C_Init
 .text.HAL_I2C_MspInit
                0x00000000080035a0       0x10 CMakeFiles/LoRaNODE.elf.dir/home/alejo/Documents/LoRa_Project_v1/software/Project/global/Drivers/STM32L0xx_HAL_Driver/Src/stm32l0xx_hal_i2c.c.obj
                0x00000000080035a0                HAL_I2C_MspInit
 .text.HAL_I2C_Mem_Read
                0x00000000080035b0      0x280 CMakeFiles/LoRaNODE.elf.dir/home/alejo/Documents/LoRa_Project_v1/software/Project/global/Drivers/STM32L0xx_HAL_Driver/Src/stm32l0xx_hal_i2c.c.obj
                0x00000000080035b0                HAL_I2C_Mem_Read
 .text.I2C_RequestMemoryRead
                0x0000000008003830       0xdc CMakeFiles/LoRaNODE.elf.dir/home/alejo/Documents/LoRa_Project_v1/software/Project/global/Drivers/STM32L0xx_HAL_Driver/Src/stm32l0xx_hal_i2c.c.obj
 .text.I2C_Flush_TXDR
                0x000000000800390c       0x44 CMakeFiles/LoRaNODE.elf.dir/home/alejo/Documents/LoRa_Project_v1/software/Project/global/Drivers/STM32L0xx_HAL_Driver/Src/stm32l0xx_hal_i2c.c.obj
 .text.I2C_WaitOnFlagUntilTimeout
                0x0000000008003950       0x72 CMakeFiles/LoRaNODE.elf.dir/home/alejo/Documents/LoRa_Project_v1/software/Project/global/Drivers/STM32L0xx_HAL_Driver/Src/stm32l0xx_hal_i2c.c.obj
 .text.I2C_WaitOnTXISFlagUntilTimeout
                0x00000000080039c2       0x7e CMakeFiles/LoRaNODE.elf.dir/home/alejo/Documents/LoRa_Project_v1/software/Project/global/Drivers/STM32L0xx_HAL_Driver/Src/stm32l0xx_hal_i2c.c.obj
 .text.I2C_WaitOnSTOPFlagUntilTimeout
                0x0000000008003a40       0x78 CMakeFiles/LoRaNODE.elf.dir/home/alejo/Documents/LoRa_Project_v1/software/Project/global/Drivers/STM32L0xx_HAL_Driver/Src/stm32l0xx_hal_i2c.c.obj
 .text.I2C_IsAcknowledgeFailed
                0x0000000008003ab8       0xbc CMakeFiles/LoRaNODE.elf.dir/home/alejo/Documents/LoRa_Project_v1/software/Project/global/Drivers/STM32L0xx_HAL_Driver/Src/stm32l0xx_hal_i2c.c.obj
 .text.I2C_TransferConfig
                0x0000000008003b74       0x6c CMakeFiles/LoRaNODE.elf.dir/home/alejo/Documents/LoRa_Project_v1/software/Project/global/Drivers/STM32L0xx_HAL_Driver/Src/stm32l0xx_hal_i2c.c.obj
 .text.HAL_PWR_DisablePVD
                0x0000000008003be0       0x1c CMakeFiles/LoRaNODE.elf.dir/home/alejo/Documents/LoRa_Project_v1/software/Project/global/Drivers/STM32L0xx_HAL_Driver/Src/stm32l0xx_hal_pwr.c.obj
                0x0000000008003be0                HAL_PWR_DisablePVD
 .text.HAL_PWREx_EnableFastWakeUp
                0x0000000008003bfc       0x1c CMakeFiles/LoRaNODE.elf.dir/home/alejo/Documents/LoRa_Project_v1/software/Project/global/Drivers/STM32L0xx_HAL_Driver/Src/stm32l0xx_hal_pwr_ex.c.obj
                0x0000000008003bfc                HAL_PWREx_EnableFastWakeUp
 .text.HAL_PWREx_EnableUltraLowPower
                0x0000000008003c18       0x1c CMakeFiles/LoRaNODE.elf.dir/home/alejo/Documents/LoRa_Project_v1/software/Project/global/Drivers/STM32L0xx_HAL_Driver/Src/stm32l0xx_hal_pwr_ex.c.obj
                0x0000000008003c18                HAL_PWREx_EnableUltraLowPower
 .text.HAL_RCC_OscConfig
                0x0000000008003c34      0x750 CMakeFiles/LoRaNODE.elf.dir/home/alejo/Documents/LoRa_Project_v1/software/Project/global/Drivers/STM32L0xx_HAL_Driver/Src/stm32l0xx_hal_rcc.c.obj
                0x0000000008003c34                HAL_RCC_OscConfig
 .text.HAL_RCC_ClockConfig
                0x0000000008004384      0x238 CMakeFiles/LoRaNODE.elf.dir/home/alejo/Documents/LoRa_Project_v1/software/Project/global/Drivers/STM32L0xx_HAL_Driver/Src/stm32l0xx_hal_rcc.c.obj
                0x0000000008004384                HAL_RCC_ClockConfig
 .text.HAL_RCC_GetSysClockFreq
                0x00000000080045bc      0x120 CMakeFiles/LoRaNODE.elf.dir/home/alejo/Documents/LoRa_Project_v1/software/Project/global/Drivers/STM32L0xx_HAL_Driver/Src/stm32l0xx_hal_rcc.c.obj
                0x00000000080045bc                HAL_RCC_GetSysClockFreq
 .text.HAL_RCC_GetHCLKFreq
                0x00000000080046dc       0x14 CMakeFiles/LoRaNODE.elf.dir/home/alejo/Documents/LoRa_Project_v1/software/Project/global/Drivers/STM32L0xx_HAL_Driver/Src/stm32l0xx_hal_rcc.c.obj
                0x00000000080046dc                HAL_RCC_GetHCLKFreq
 .text.RCC_SetFlashLatencyFromMSIRange
                0x00000000080046f0       0xb0 CMakeFiles/LoRaNODE.elf.dir/home/alejo/Documents/LoRa_Project_v1/software/Project/global/Drivers/STM32L0xx_HAL_Driver/Src/stm32l0xx_hal_rcc.c.obj
 .text.HAL_RCCEx_PeriphCLKConfig
                0x00000000080047a0      0x2b0 CMakeFiles/LoRaNODE.elf.dir/home/alejo/Documents/LoRa_Project_v1/software/Project/global/Drivers/STM32L0xx_HAL_Driver/Src/stm32l0xx_hal_rcc_ex.c.obj
                0x00000000080047a0                HAL_RCCEx_PeriphCLKConfig
 .text.HAL_RTC_Init
                0x0000000008004a50      0x108 CMakeFiles/LoRaNODE.elf.dir/home/alejo/Documents/LoRa_Project_v1/software/Project/global/Drivers/STM32L0xx_HAL_Driver/Src/stm32l0xx_hal_rtc.c.obj
                0x0000000008004a50                HAL_RTC_Init
 .text.HAL_RTC_SetTime
                0x0000000008004b58      0x19c CMakeFiles/LoRaNODE.elf.dir/home/alejo/Documents/LoRa_Project_v1/software/Project/global/Drivers/STM32L0xx_HAL_Driver/Src/stm32l0xx_hal_rtc.c.obj
                0x0000000008004b58                HAL_RTC_SetTime
 .text.HAL_RTC_GetTime
                0x0000000008004cf4       0xbc CMakeFiles/LoRaNODE.elf.dir/home/alejo/Documents/LoRa_Project_v1/software/Project/global/Drivers/STM32L0xx_HAL_Driver/Src/stm32l0xx_hal_rtc.c.obj
                0x0000000008004cf4                HAL_RTC_GetTime
 .text.HAL_RTC_SetDate
                0x0000000008004db0      0x17c CMakeFiles/LoRaNODE.elf.dir/home/alejo/Documents/LoRa_Project_v1/software/Project/global/Drivers/STM32L0xx_HAL_Driver/Src/stm32l0xx_hal_rtc.c.obj
                0x0000000008004db0                HAL_RTC_SetDate
 .text.HAL_RTC_GetDate
                0x0000000008004f2c       0xa0 CMakeFiles/LoRaNODE.elf.dir/home/alejo/Documents/LoRa_Project_v1/software/Project/global/Drivers/STM32L0xx_HAL_Driver/Src/stm32l0xx_hal_rtc.c.obj
                0x0000000008004f2c                HAL_RTC_GetDate
 .text.HAL_RTC_SetAlarm_IT
                0x0000000008004fcc      0x2e0 CMakeFiles/LoRaNODE.elf.dir/home/alejo/Documents/LoRa_Project_v1/software/Project/global/Drivers/STM32L0xx_HAL_Driver/Src/stm32l0xx_hal_rtc.c.obj
                0x0000000008004fcc                HAL_RTC_SetAlarm_IT
 .text.HAL_RTC_DeactivateAlarm
                0x00000000080052ac      0x144 CMakeFiles/LoRaNODE.elf.dir/home/alejo/Documents/LoRa_Project_v1/software/Project/global/Drivers/STM32L0xx_HAL_Driver/Src/stm32l0xx_hal_rtc.c.obj
                0x00000000080052ac                HAL_RTC_DeactivateAlarm
 .text.HAL_RTC_WaitForSynchro
                0x00000000080053f0       0x52 CMakeFiles/LoRaNODE.elf.dir/home/alejo/Documents/LoRa_Project_v1/software/Project/global/Drivers/STM32L0xx_HAL_Driver/Src/stm32l0xx_hal_rtc.c.obj
                0x00000000080053f0                HAL_RTC_WaitForSynchro
 .text.RTC_EnterInitMode
                0x0000000008005442       0x58 CMakeFiles/LoRaNODE.elf.dir/home/alejo/Documents/LoRa_Project_v1/software/Project/global/Drivers/STM32L0xx_HAL_Driver/Src/stm32l0xx_hal_rtc.c.obj
                0x0000000008005442                RTC_EnterInitMode
 .text.RTC_ByteToBcd2
                0x000000000800549a       0x42 CMakeFiles/LoRaNODE.elf.dir/home/alejo/Documents/LoRa_Project_v1/software/Project/global/Drivers/STM32L0xx_HAL_Driver/Src/stm32l0xx_hal_rtc.c.obj
                0x000000000800549a                RTC_ByteToBcd2
 .text.RTC_Bcd2ToByte
                0x00000000080054dc       0x3e CMakeFiles/LoRaNODE.elf.dir/home/alejo/Documents/LoRa_Project_v1/software/Project/global/Drivers/STM32L0xx_HAL_Driver/Src/stm32l0xx_hal_rtc.c.obj
                0x00000000080054dc                RTC_Bcd2ToByte
 .text.HAL_RTCEx_EnableBypassShadow
                0x000000000800551a       0x68 CMakeFiles/LoRaNODE.elf.dir/home/alejo/Documents/LoRa_Project_v1/software/Project/global/Drivers/STM32L0xx_HAL_Driver/Src/stm32l0xx_hal_rtc_ex.c.obj
                0x000000000800551a                HAL_RTCEx_EnableBypassShadow
 *fill*         0x0000000008005582        0x2 
 .text.HAL_SPI_Init
                0x0000000008005584       0xd8 CMakeFiles/LoRaNODE.elf.dir/home/alejo/Documents/LoRa_Project_v1/software/Project/global/Drivers/STM32L0xx_HAL_Driver/Src/stm32l0xx_hal_spi.c.obj
                0x0000000008005584                HAL_SPI_Init
 .text.HAL_SPI_MspInit
                0x000000000800565c       0x10 CMakeFiles/LoRaNODE.elf.dir/home/alejo/Documents/LoRa_Project_v1/software/Project/global/Drivers/STM32L0xx_HAL_Driver/Src/stm32l0xx_hal_spi.c.obj
                0x000000000800565c                HAL_SPI_MspInit
 .text.HAL_SPI_TransmitReceive
                0x000000000800566c      0x4f0 CMakeFiles/LoRaNODE.elf.dir/home/alejo/Documents/LoRa_Project_v1/software/Project/global/Drivers/STM32L0xx_HAL_Driver/Src/stm32l0xx_hal_spi.c.obj
                0x000000000800566c                HAL_SPI_TransmitReceive
 .text.SPI_WaitOnFlagUntilTimeout
                0x0000000008005b5c      0x154 CMakeFiles/LoRaNODE.elf.dir/home/alejo/Documents/LoRa_Project_v1/software/Project/global/Drivers/STM32L0xx_HAL_Driver/Src/stm32l0xx_hal_spi.c.obj
 .text.HAL_UART_Receive_IT
                0x0000000008005cb0      0x13c CMakeFiles/LoRaNODE.elf.dir/home/alejo/Documents/LoRa_Project_v1/software/Project/global/Drivers/STM32L0xx_HAL_Driver/Src/stm32l0xx_hal_uart.c.obj
                0x0000000008005cb0                HAL_UART_Receive_IT
 .text.HAL_UART_IRQHandler
                0x0000000008005dec      0x22c CMakeFiles/LoRaNODE.elf.dir/home/alejo/Documents/LoRa_Project_v1/software/Project/global/Drivers/STM32L0xx_HAL_Driver/Src/stm32l0xx_hal_uart.c.obj
                0x0000000008005dec                HAL_UART_IRQHandler
 .text.HAL_UART_TxCpltCallback
                0x0000000008006018       0x10 CMakeFiles/LoRaNODE.elf.dir/home/alejo/Documents/LoRa_Project_v1/software/Project/global/Drivers/STM32L0xx_HAL_Driver/Src/stm32l0xx_hal_uart.c.obj
                0x0000000008006018                HAL_UART_TxCpltCallback
 .text.HAL_UART_ErrorCallback
                0x0000000008006028       0x10 CMakeFiles/LoRaNODE.elf.dir/home/alejo/Documents/LoRa_Project_v1/software/Project/global/Drivers/STM32L0xx_HAL_Driver/Src/stm32l0xx_hal_uart.c.obj
                0x0000000008006028                HAL_UART_ErrorCallback
 .text.UART_EndRxTransfer
                0x0000000008006038       0x3c CMakeFiles/LoRaNODE.elf.dir/home/alejo/Documents/LoRa_Project_v1/software/Project/global/Drivers/STM32L0xx_HAL_Driver/Src/stm32l0xx_hal_uart.c.obj
 .text.UART_DMAAbortOnError
                0x0000000008006074       0x2e CMakeFiles/LoRaNODE.elf.dir/home/alejo/Documents/LoRa_Project_v1/software/Project/global/Drivers/STM32L0xx_HAL_Driver/Src/stm32l0xx_hal_uart.c.obj
 .text.UART_Transmit_IT
                0x00000000080060a2       0xac CMakeFiles/LoRaNODE.elf.dir/home/alejo/Documents/LoRa_Project_v1/software/Project/global/Drivers/STM32L0xx_HAL_Driver/Src/stm32l0xx_hal_uart.c.obj
 .text.UART_EndTransmit_IT
                0x000000000800614e       0x32 CMakeFiles/LoRaNODE.elf.dir/home/alejo/Documents/LoRa_Project_v1/software/Project/global/Drivers/STM32L0xx_HAL_Driver/Src/stm32l0xx_hal_uart.c.obj
 .text.UART_Receive_IT
                0x0000000008006180       0xf4 CMakeFiles/LoRaNODE.elf.dir/home/alejo/Documents/LoRa_Project_v1/software/Project/global/Drivers/STM32L0xx_HAL_Driver/Src/stm32l0xx_hal_uart.c.obj
 .text.HAL_UARTEx_WakeupCallback
                0x0000000008006274       0x10 CMakeFiles/LoRaNODE.elf.dir/home/alejo/Documents/LoRa_Project_v1/software/Project/global/Drivers/STM32L0xx_HAL_Driver/Src/stm32l0xx_hal_uart_ex.c.obj
                0x0000000008006274                HAL_UARTEx_WakeupCallback
 .text.SystemInit
                0x0000000008006284       0x7c CMakeFiles/LoRaNODE.elf.dir/home/alejo/Documents/LoRa_Project_v1/software/Project/global/Drivers/CMSIS/Device/ST/STM32L0xx/Source/Templates/system_stm32l0xx.c.obj
                0x0000000008006284                SystemInit
 .text.BSP_LED_Init
                0x0000000008006300       0xdc CMakeFiles/LoRaNODE.elf.dir/home/alejo/Documents/LoRa_Project_v1/software/Project/global/Drivers/BSP/B-L072Z-LRWAN1/b-l072z-lrwan1.c.obj
                0x0000000008006300                BSP_LED_Init
 .text.HAL_InitTick
                0x00000000080063dc       0x12 CMakeFiles/LoRaNODE.elf.dir/home/alejo/Documents/LoRa_Project_v1/software/Project/global/Core/BOARDS/B-L072Z-LRWAN1/src/mlm32l0xx_hal_msp.c.obj
                0x00000000080063dc                HAL_InitTick
 .text.HAL_Delay
                0x00000000080063ee       0x18 CMakeFiles/LoRaNODE.elf.dir/home/alejo/Documents/LoRa_Project_v1/software/Project/global/Core/BOARDS/B-L072Z-LRWAN1/src/mlm32l0xx_hal_msp.c.obj
                0x00000000080063ee                HAL_Delay
 *fill*         0x0000000008006406        0x2 
 .text.HAL_MspInit
                0x0000000008006408       0x3c CMakeFiles/LoRaNODE.elf.dir/home/alejo/Documents/LoRa_Project_v1/software/Project/global/Core/BOARDS/B-L072Z-LRWAN1/src/mlm32l0xx_hal_msp.c.obj
                0x0000000008006408                HAL_MspInit
 .text.HAL_RTC_MspInit
                0x0000000008006444       0x74 CMakeFiles/LoRaNODE.elf.dir/home/alejo/Documents/LoRa_Project_v1/software/Project/global/Core/BOARDS/B-L072Z-LRWAN1/src/mlm32l0xx_hal_msp.c.obj
                0x0000000008006444                HAL_RTC_MspInit
 .text.HAL_RTC_AlarmAEventCallback
                0x00000000080064b8       0x14 CMakeFiles/LoRaNODE.elf.dir/home/alejo/Documents/LoRa_Project_v1/software/Project/global/Core/BOARDS/B-L072Z-LRWAN1/src/mlm32l0xx_hal_msp.c.obj
                0x00000000080064b8                HAL_RTC_AlarmAEventCallback
 .text.HAL_GPIO_EXTI_Callback
                0x00000000080064cc       0x1e CMakeFiles/LoRaNODE.elf.dir/home/alejo/Documents/LoRa_Project_v1/software/Project/global/Core/BOARDS/B-L072Z-LRWAN1/src/mlm32l0xx_hal_msp.c.obj
                0x00000000080064cc                HAL_GPIO_EXTI_Callback
 .text.MSP_GetIRQn
                0x00000000080064ea       0x36 CMakeFiles/LoRaNODE.elf.dir/home/alejo/Documents/LoRa_Project_v1/software/Project/global/Core/BOARDS/B-L072Z-LRWAN1/src/mlm32l0xx_hal_msp.c.obj
                0x00000000080064ea                MSP_GetIRQn
 .text.HW_Init  0x0000000008006520       0x3c CMakeFiles/LoRaNODE.elf.dir/home/alejo/Documents/LoRa_Project_v1/software/Project/global/Core/BOARDS/B-L072Z-LRWAN1/src/mlm32l0xx_hw.c.obj
                0x0000000008006520                HW_Init
 .text.HW_GpioInit
                0x000000000800655c      0x110 CMakeFiles/LoRaNODE.elf.dir/home/alejo/Documents/LoRa_Project_v1/software/Project/global/Core/BOARDS/B-L072Z-LRWAN1/src/mlm32l0xx_hw.c.obj
                0x000000000800655c                HW_GpioInit
 .text.SystemClock_Config
                0x000000000800666c      0x120 CMakeFiles/LoRaNODE.elf.dir/home/alejo/Documents/LoRa_Project_v1/software/Project/global/Core/BOARDS/B-L072Z-LRWAN1/src/mlm32l0xx_hw.c.obj
                0x000000000800666c                SystemClock_Config
 .text.NMI_Handler
                0x000000000800678c        0xa CMakeFiles/LoRaNODE.elf.dir/home/alejo/Documents/LoRa_Project_v1/software/Project/global/Core/BOARDS/B-L072Z-LRWAN1/src/mlm32l0xx_it.c.obj
                0x000000000800678c                NMI_Handler
 .text.HardFault_Handler
                0x0000000008006796        0x8 CMakeFiles/LoRaNODE.elf.dir/home/alejo/Documents/LoRa_Project_v1/software/Project/global/Core/BOARDS/B-L072Z-LRWAN1/src/mlm32l0xx_it.c.obj
                0x0000000008006796                HardFault_Handler
 .text.SysTick_Handler
                0x000000000800679e       0x12 CMakeFiles/LoRaNODE.elf.dir/home/alejo/Documents/LoRa_Project_v1/software/Project/global/Core/BOARDS/B-L072Z-LRWAN1/src/mlm32l0xx_it.c.obj
                0x000000000800679e                SysTick_Handler
 .text.DMA1_Channel4_5_6_7_IRQHandler
                0x00000000080067b0        0xa CMakeFiles/LoRaNODE.elf.dir/home/alejo/Documents/LoRa_Project_v1/software/Project/global/Core/BOARDS/B-L072Z-LRWAN1/src/mlm32l0xx_it.c.obj
                0x00000000080067b0                DMA1_Channel4_5_6_7_IRQHandler
 .text.RTC_IRQHandler
                0x00000000080067ba        0xe CMakeFiles/LoRaNODE.elf.dir/home/alejo/Documents/LoRa_Project_v1/software/Project/global/Core/BOARDS/B-L072Z-LRWAN1/src/mlm32l0xx_it.c.obj
                0x00000000080067ba                RTC_IRQHandler
 .text.EXTI0_1_IRQHandler
                0x00000000080067c8       0x16 CMakeFiles/LoRaNODE.elf.dir/home/alejo/Documents/LoRa_Project_v1/software/Project/global/Core/BOARDS/B-L072Z-LRWAN1/src/mlm32l0xx_it.c.obj
                0x00000000080067c8                EXTI0_1_IRQHandler
 .text.EXTI2_3_IRQHandler
                0x00000000080067de       0x16 CMakeFiles/LoRaNODE.elf.dir/home/alejo/Documents/LoRa_Project_v1/software/Project/global/Core/BOARDS/B-L072Z-LRWAN1/src/mlm32l0xx_it.c.obj
                0x00000000080067de                EXTI2_3_IRQHandler
 .text.EXTI4_15_IRQHandler
                0x00000000080067f4       0x72 CMakeFiles/LoRaNODE.elf.dir/home/alejo/Documents/LoRa_Project_v1/software/Project/global/Core/BOARDS/B-L072Z-LRWAN1/src/mlm32l0xx_it.c.obj
                0x00000000080067f4                EXTI4_15_IRQHandler
 .text.SX1276GetWakeTime
                0x0000000008006866        0xc CMakeFiles/LoRaNODE.elf.dir/home/alejo/Documents/LoRa_Project_v1/software/Project/global/Drivers/BSP/CMWX1ZZABZ-0xx/mlm32l07x01.c.obj
                0x0000000008006866                SX1276GetWakeTime
 .text.SX1276SetXO
                0x0000000008006872       0x44 CMakeFiles/LoRaNODE.elf.dir/home/alejo/Documents/LoRa_Project_v1/software/Project/global/Drivers/BSP/CMWX1ZZABZ-0xx/mlm32l07x01.c.obj
                0x0000000008006872                SX1276SetXO
 *fill*         0x00000000080068b6        0x2 
 .text.SX1276IoInit
                0x00000000080068b8       0x94 CMakeFiles/LoRaNODE.elf.dir/home/alejo/Documents/LoRa_Project_v1/software/Project/global/Drivers/BSP/CMWX1ZZABZ-0xx/mlm32l07x01.c.obj
                0x00000000080068b8                SX1276IoInit
 .text.SX1276IoIrqInit
                0x000000000800694c       0x5c CMakeFiles/LoRaNODE.elf.dir/home/alejo/Documents/LoRa_Project_v1/software/Project/global/Drivers/BSP/CMWX1ZZABZ-0xx/mlm32l07x01.c.obj
                0x000000000800694c                SX1276IoIrqInit
 .text.SX1276IoDeInit
                0x00000000080069a8       0x68 CMakeFiles/LoRaNODE.elf.dir/home/alejo/Documents/LoRa_Project_v1/software/Project/global/Drivers/BSP/CMWX1ZZABZ-0xx/mlm32l07x01.c.obj
                0x00000000080069a8                SX1276IoDeInit
 .text.SX1276SetRfTxPower
                0x0000000008006a10      0x1a4 CMakeFiles/LoRaNODE.elf.dir/home/alejo/Documents/LoRa_Project_v1/software/Project/global/Drivers/BSP/CMWX1ZZABZ-0xx/mlm32l07x01.c.obj
                0x0000000008006a10                SX1276SetRfTxPower
 .text.SX1276GetPaSelect
                0x0000000008006bb4       0x22 CMakeFiles/LoRaNODE.elf.dir/home/alejo/Documents/LoRa_Project_v1/software/Project/global/Drivers/BSP/CMWX1ZZABZ-0xx/mlm32l07x01.c.obj
                0x0000000008006bb4                SX1276GetPaSelect
 .text.SX1276SetAntSwLowPower
                0x0000000008006bd6       0x2c CMakeFiles/LoRaNODE.elf.dir/home/alejo/Documents/LoRa_Project_v1/software/Project/global/Drivers/BSP/CMWX1ZZABZ-0xx/mlm32l07x01.c.obj
                0x0000000008006bd6                SX1276SetAntSwLowPower
 *fill*         0x0000000008006c02        0x2 
 .text.SX1276AntSwInit
                0x0000000008006c04       0x80 CMakeFiles/LoRaNODE.elf.dir/home/alejo/Documents/LoRa_Project_v1/software/Project/global/Drivers/BSP/CMWX1ZZABZ-0xx/mlm32l07x01.c.obj
 .text.SX1276AntSwDeInit
                0x0000000008006c84       0x80 CMakeFiles/LoRaNODE.elf.dir/home/alejo/Documents/LoRa_Project_v1/software/Project/global/Drivers/BSP/CMWX1ZZABZ-0xx/mlm32l07x01.c.obj
 .text.SX1276SetAntSw
                0x0000000008006d04       0x74 CMakeFiles/LoRaNODE.elf.dir/home/alejo/Documents/LoRa_Project_v1/software/Project/global/Drivers/BSP/CMWX1ZZABZ-0xx/mlm32l07x01.c.obj
                0x0000000008006d04                SX1276SetAntSw
 .text.SX1276CheckRfFrequency
                0x0000000008006d78       0x12 CMakeFiles/LoRaNODE.elf.dir/home/alejo/Documents/LoRa_Project_v1/software/Project/global/Drivers/BSP/CMWX1ZZABZ-0xx/mlm32l07x01.c.obj
                0x0000000008006d78                SX1276CheckRfFrequency
 *fill*         0x0000000008006d8a        0x2 
 .text.SX1276BoardInit
                0x0000000008006d8c       0x1c CMakeFiles/LoRaNODE.elf.dir/home/alejo/Documents/LoRa_Project_v1/software/Project/global/Drivers/BSP/Components/sx1276/sx1276.c.obj
                0x0000000008006d8c                SX1276BoardInit
 .text.SX1276Init
                0x0000000008006da8       0xfc CMakeFiles/LoRaNODE.elf.dir/home/alejo/Documents/LoRa_Project_v1/software/Project/global/Drivers/BSP/Components/sx1276/sx1276.c.obj
                0x0000000008006da8                SX1276Init
 .text.SX1276GetStatus
                0x0000000008006ea4       0x14 CMakeFiles/LoRaNODE.elf.dir/home/alejo/Documents/LoRa_Project_v1/software/Project/global/Drivers/BSP/Components/sx1276/sx1276.c.obj
                0x0000000008006ea4                SX1276GetStatus
 .text.SX1276SetChannel
                0x0000000008006eb8       0x8c CMakeFiles/LoRaNODE.elf.dir/home/alejo/Documents/LoRa_Project_v1/software/Project/global/Drivers/BSP/Components/sx1276/sx1276.c.obj
                0x0000000008006eb8                SX1276SetChannel
 .text.SX1276IsChannelFree
                0x0000000008006f44       0xaa CMakeFiles/LoRaNODE.elf.dir/home/alejo/Documents/LoRa_Project_v1/software/Project/global/Drivers/BSP/Components/sx1276/sx1276.c.obj
                0x0000000008006f44                SX1276IsChannelFree
 .text.SX1276Random
                0x0000000008006fee       0x68 CMakeFiles/LoRaNODE.elf.dir/home/alejo/Documents/LoRa_Project_v1/software/Project/global/Drivers/BSP/Components/sx1276/sx1276.c.obj
                0x0000000008006fee                SX1276Random
 *fill*         0x0000000008007056        0x2 
 .text.RxChainCalibration
                0x0000000008007058       0xf8 CMakeFiles/LoRaNODE.elf.dir/home/alejo/Documents/LoRa_Project_v1/software/Project/global/Drivers/BSP/Components/sx1276/sx1276.c.obj
                0x0000000008007058                RxChainCalibration
 .text.GetFskBandwidthRegValue
                0x0000000008007150       0x6c CMakeFiles/LoRaNODE.elf.dir/home/alejo/Documents/LoRa_Project_v1/software/Project/global/Drivers/BSP/Components/sx1276/sx1276.c.obj
 .text.SX1276SetRxConfig
                0x00000000080071bc      0x530 CMakeFiles/LoRaNODE.elf.dir/home/alejo/Documents/LoRa_Project_v1/software/Project/global/Drivers/BSP/Components/sx1276/sx1276.c.obj
                0x00000000080071bc                SX1276SetRxConfig
 .text.SX1276SetTxConfig
                0x00000000080076ec      0x400 CMakeFiles/LoRaNODE.elf.dir/home/alejo/Documents/LoRa_Project_v1/software/Project/global/Drivers/BSP/Components/sx1276/sx1276.c.obj
                0x00000000080076ec                SX1276SetTxConfig
 .text.SX1276GetTimeOnAir
                0x0000000008007aec      0x324 CMakeFiles/LoRaNODE.elf.dir/home/alejo/Documents/LoRa_Project_v1/software/Project/global/Drivers/BSP/Components/sx1276/sx1276.c.obj
                0x0000000008007aec                SX1276GetTimeOnAir
 .text.SX1276Send
                0x0000000008007e10      0x180 CMakeFiles/LoRaNODE.elf.dir/home/alejo/Documents/LoRa_Project_v1/software/Project/global/Drivers/BSP/Components/sx1276/sx1276.c.obj
                0x0000000008007e10                SX1276Send
 .text.SX1276SetSleep
                0x0000000008007f90       0x34 CMakeFiles/LoRaNODE.elf.dir/home/alejo/Documents/LoRa_Project_v1/software/Project/global/Drivers/BSP/Components/sx1276/sx1276.c.obj
                0x0000000008007f90                SX1276SetSleep
 .text.SX1276SetStby
                0x0000000008007fc4       0x34 CMakeFiles/LoRaNODE.elf.dir/home/alejo/Documents/LoRa_Project_v1/software/Project/global/Drivers/BSP/Components/sx1276/sx1276.c.obj
                0x0000000008007fc4                SX1276SetStby
 .text.SX1276SetRx
                0x0000000008007ff8      0x320 CMakeFiles/LoRaNODE.elf.dir/home/alejo/Documents/LoRa_Project_v1/software/Project/global/Drivers/BSP/Components/sx1276/sx1276.c.obj
                0x0000000008007ff8                SX1276SetRx
 .text.SX1276SetTx
                0x0000000008008318       0xf4 CMakeFiles/LoRaNODE.elf.dir/home/alejo/Documents/LoRa_Project_v1/software/Project/global/Drivers/BSP/Components/sx1276/sx1276.c.obj
                0x0000000008008318                SX1276SetTx
 .text.SX1276StartCad
                0x000000000800840c       0x50 CMakeFiles/LoRaNODE.elf.dir/home/alejo/Documents/LoRa_Project_v1/software/Project/global/Drivers/BSP/Components/sx1276/sx1276.c.obj
                0x000000000800840c                SX1276StartCad
 .text.SX1276SetTxContinuousWave
                0x000000000800845c       0xc4 CMakeFiles/LoRaNODE.elf.dir/home/alejo/Documents/LoRa_Project_v1/software/Project/global/Drivers/BSP/Components/sx1276/sx1276.c.obj
                0x000000000800845c                SX1276SetTxContinuousWave
 .text.SX1276ReadRssi
                0x0000000008008520       0x98 CMakeFiles/LoRaNODE.elf.dir/home/alejo/Documents/LoRa_Project_v1/software/Project/global/Drivers/BSP/Components/sx1276/sx1276.c.obj
                0x0000000008008520                SX1276ReadRssi
 .text.SX1276Reset
                0x00000000080085b8       0x68 CMakeFiles/LoRaNODE.elf.dir/home/alejo/Documents/LoRa_Project_v1/software/Project/global/Drivers/BSP/Components/sx1276/sx1276.c.obj
                0x00000000080085b8                SX1276Reset
 .text.SX1276SetOpMode
                0x0000000008008620       0xa0 CMakeFiles/LoRaNODE.elf.dir/home/alejo/Documents/LoRa_Project_v1/software/Project/global/Drivers/BSP/Components/sx1276/sx1276.c.obj
                0x0000000008008620                SX1276SetOpMode
 .text.SX1276SetModem
                0x00000000080086c0       0xb0 CMakeFiles/LoRaNODE.elf.dir/home/alejo/Documents/LoRa_Project_v1/software/Project/global/Drivers/BSP/Components/sx1276/sx1276.c.obj
                0x00000000080086c0                SX1276SetModem
 .text.SX1276Write
                0x0000000008008770       0x28 CMakeFiles/LoRaNODE.elf.dir/home/alejo/Documents/LoRa_Project_v1/software/Project/global/Drivers/BSP/Components/sx1276/sx1276.c.obj
                0x0000000008008770                SX1276Write
 .text.SX1276Read
                0x0000000008008798       0x28 CMakeFiles/LoRaNODE.elf.dir/home/alejo/Documents/LoRa_Project_v1/software/Project/global/Drivers/BSP/Components/sx1276/sx1276.c.obj
                0x0000000008008798                SX1276Read
 .text.SX1276WriteBuffer
                0x00000000080087c0       0x84 CMakeFiles/LoRaNODE.elf.dir/home/alejo/Documents/LoRa_Project_v1/software/Project/global/Drivers/BSP/Components/sx1276/sx1276.c.obj
                0x00000000080087c0                SX1276WriteBuffer
 .text.SX1276ReadBuffer
                0x0000000008008844       0x88 CMakeFiles/LoRaNODE.elf.dir/home/alejo/Documents/LoRa_Project_v1/software/Project/global/Drivers/BSP/Components/sx1276/sx1276.c.obj
                0x0000000008008844                SX1276ReadBuffer
 .text.SX1276WriteFifo
                0x00000000080088cc       0x24 CMakeFiles/LoRaNODE.elf.dir/home/alejo/Documents/LoRa_Project_v1/software/Project/global/Drivers/BSP/Components/sx1276/sx1276.c.obj
                0x00000000080088cc                SX1276WriteFifo
 .text.SX1276ReadFifo
                0x00000000080088f0       0x24 CMakeFiles/LoRaNODE.elf.dir/home/alejo/Documents/LoRa_Project_v1/software/Project/global/Drivers/BSP/Components/sx1276/sx1276.c.obj
                0x00000000080088f0                SX1276ReadFifo
 .text.SX1276SetMaxPayloadLength
                0x0000000008008914       0x64 CMakeFiles/LoRaNODE.elf.dir/home/alejo/Documents/LoRa_Project_v1/software/Project/global/Drivers/BSP/Components/sx1276/sx1276.c.obj
                0x0000000008008914                SX1276SetMaxPayloadLength
 .text.SX1276SetPublicNetwork
                0x0000000008008978       0x44 CMakeFiles/LoRaNODE.elf.dir/home/alejo/Documents/LoRa_Project_v1/software/Project/global/Drivers/BSP/Components/sx1276/sx1276.c.obj
                0x0000000008008978                SX1276SetPublicNetwork
 .text.SX1276GetWakeupTime
                0x00000000080089bc       0x1c CMakeFiles/LoRaNODE.elf.dir/home/alejo/Documents/LoRa_Project_v1/software/Project/global/Drivers/BSP/Components/sx1276/sx1276.c.obj
                0x00000000080089bc                SX1276GetWakeupTime
 .text.SX1276OnTimeoutIrq
                0x00000000080089d8      0x160 CMakeFiles/LoRaNODE.elf.dir/home/alejo/Documents/LoRa_Project_v1/software/Project/global/Drivers/BSP/Components/sx1276/sx1276.c.obj
                0x00000000080089d8                SX1276OnTimeoutIrq
 .text.SX1276OnDio0Irq
                0x0000000008008b38      0x45c CMakeFiles/LoRaNODE.elf.dir/home/alejo/Documents/LoRa_Project_v1/software/Project/global/Drivers/BSP/Components/sx1276/sx1276.c.obj
                0x0000000008008b38                SX1276OnDio0Irq
 .text.SX1276OnDio1Irq
                0x0000000008008f94      0x19c CMakeFiles/LoRaNODE.elf.dir/home/alejo/Documents/LoRa_Project_v1/software/Project/global/Drivers/BSP/Components/sx1276/sx1276.c.obj
                0x0000000008008f94                SX1276OnDio1Irq
 .text.SX1276OnDio2Irq
                0x0000000008009130      0x190 CMakeFiles/LoRaNODE.elf.dir/home/alejo/Documents/LoRa_Project_v1/software/Project/global/Drivers/BSP/Components/sx1276/sx1276.c.obj
                0x0000000008009130                SX1276OnDio2Irq
 .text.SX1276OnDio3Irq
                0x00000000080092c0       0x8c CMakeFiles/LoRaNODE.elf.dir/home/alejo/Documents/LoRa_Project_v1/software/Project/global/Drivers/BSP/Components/sx1276/sx1276.c.obj
                0x00000000080092c0                SX1276OnDio3Irq
 .text.SX1276OnDio4Irq
                0x000000000800934c       0x3c CMakeFiles/LoRaNODE.elf.dir/home/alejo/Documents/LoRa_Project_v1/software/Project/global/Drivers/BSP/Components/sx1276/sx1276.c.obj
                0x000000000800934c                SX1276OnDio4Irq
 .text.osSystickHandler
                0x0000000008009388       0x18 CMakeFiles/LoRaNODE.elf.dir/home/alejo/Documents/LoRa_Project_v1/software/Project/global/Middlewares/Third_Party/FreeRTOS/Source/CMSIS_RTOS/cmsis_os.c.obj
                0x0000000008009388                osSystickHandler
 .text.vListInitialise
                0x00000000080093a0       0x3c CMakeFiles/LoRaNODE.elf.dir/home/alejo/Documents/LoRa_Project_v1/software/Project/global/Middlewares/Third_Party/FreeRTOS/Source/list.c.obj
                0x00000000080093a0                vListInitialise
 .text.vListInitialiseItem
                0x00000000080093dc       0x16 CMakeFiles/LoRaNODE.elf.dir/home/alejo/Documents/LoRa_Project_v1/software/Project/global/Middlewares/Third_Party/FreeRTOS/Source/list.c.obj
                0x00000000080093dc                vListInitialiseItem
 .text.vListInsertEnd
                0x00000000080093f2       0x44 CMakeFiles/LoRaNODE.elf.dir/home/alejo/Documents/LoRa_Project_v1/software/Project/global/Middlewares/Third_Party/FreeRTOS/Source/list.c.obj
                0x00000000080093f2                vListInsertEnd
 .text.vListInsert
                0x0000000008009436       0x6c CMakeFiles/LoRaNODE.elf.dir/home/alejo/Documents/LoRa_Project_v1/software/Project/global/Middlewares/Third_Party/FreeRTOS/Source/list.c.obj
                0x0000000008009436                vListInsert
 .text.uxListRemove
                0x00000000080094a2       0x50 CMakeFiles/LoRaNODE.elf.dir/home/alejo/Documents/LoRa_Project_v1/software/Project/global/Middlewares/Third_Party/FreeRTOS/Source/list.c.obj
                0x00000000080094a2                uxListRemove
 *fill*         0x00000000080094f2        0x2 
 .text.pxPortInitialiseStack
                0x00000000080094f4       0x54 CMakeFiles/LoRaNODE.elf.dir/home/alejo/Documents/LoRa_Project_v1/software/Project/global/Middlewares/Third_Party/FreeRTOS/Source/portable/GCC/ARM_CM0/port.c.obj
                0x00000000080094f4                pxPortInitialiseStack
 .text.prvTaskExitError
                0x0000000008009548       0x18 CMakeFiles/LoRaNODE.elf.dir/home/alejo/Documents/LoRa_Project_v1/software/Project/global/Middlewares/Third_Party/FreeRTOS/Source/portable/GCC/ARM_CM0/port.c.obj
 .text.SVC_Handler
                0x0000000008009560        0xa CMakeFiles/LoRaNODE.elf.dir/home/alejo/Documents/LoRa_Project_v1/software/Project/global/Middlewares/Third_Party/FreeRTOS/Source/portable/GCC/ARM_CM0/port.c.obj
                0x0000000008009560                SVC_Handler
 *fill*         0x000000000800956a        0x6 
 .text.vPortStartFirstTask
                0x0000000008009570       0x38 CMakeFiles/LoRaNODE.elf.dir/home/alejo/Documents/LoRa_Project_v1/software/Project/global/Middlewares/Third_Party/FreeRTOS/Source/portable/GCC/ARM_CM0/port.c.obj
 .text.xPortStartScheduler
                0x00000000080095a8       0x44 CMakeFiles/LoRaNODE.elf.dir/home/alejo/Documents/LoRa_Project_v1/software/Project/global/Middlewares/Third_Party/FreeRTOS/Source/portable/GCC/ARM_CM0/port.c.obj
                0x00000000080095a8                xPortStartScheduler
 .text.vPortYield
                0x00000000080095ec       0x20 CMakeFiles/LoRaNODE.elf.dir/home/alejo/Documents/LoRa_Project_v1/software/Project/global/Middlewares/Third_Party/FreeRTOS/Source/portable/GCC/ARM_CM0/port.c.obj
                0x00000000080095ec                vPortYield
 .text.vPortEnterCritical
                0x000000000800960c       0x24 CMakeFiles/LoRaNODE.elf.dir/home/alejo/Documents/LoRa_Project_v1/software/Project/global/Middlewares/Third_Party/FreeRTOS/Source/portable/GCC/ARM_CM0/port.c.obj
                0x000000000800960c                vPortEnterCritical
 .text.vPortExitCritical
                0x0000000008009630       0x30 CMakeFiles/LoRaNODE.elf.dir/home/alejo/Documents/LoRa_Project_v1/software/Project/global/Middlewares/Third_Party/FreeRTOS/Source/portable/GCC/ARM_CM0/port.c.obj
                0x0000000008009630                vPortExitCritical
 .text.ulSetInterruptMaskFromISR
                0x0000000008009660        0xc CMakeFiles/LoRaNODE.elf.dir/home/alejo/Documents/LoRa_Project_v1/software/Project/global/Middlewares/Third_Party/FreeRTOS/Source/portable/GCC/ARM_CM0/port.c.obj
                0x0000000008009660                ulSetInterruptMaskFromISR
 .text.vClearInterruptMaskFromISR
                0x000000000800966c        0x8 CMakeFiles/LoRaNODE.elf.dir/home/alejo/Documents/LoRa_Project_v1/software/Project/global/Middlewares/Third_Party/FreeRTOS/Source/portable/GCC/ARM_CM0/port.c.obj
                0x000000000800966c                vClearInterruptMaskFromISR
 *fill*         0x0000000008009674        0xc 
 .text.PendSV_Handler
                0x0000000008009680       0x48 CMakeFiles/LoRaNODE.elf.dir/home/alejo/Documents/LoRa_Project_v1/software/Project/global/Middlewares/Third_Party/FreeRTOS/Source/portable/GCC/ARM_CM0/port.c.obj
                0x0000000008009680                PendSV_Handler
 .text.xPortSysTickHandler
                0x00000000080096c8       0x34 CMakeFiles/LoRaNODE.elf.dir/home/alejo/Documents/LoRa_Project_v1/software/Project/global/Middlewares/Third_Party/FreeRTOS/Source/portable/GCC/ARM_CM0/port.c.obj
                0x00000000080096c8                xPortSysTickHandler
 .text.vPortSetupTimerInterrupt
                0x00000000080096fc       0x34 CMakeFiles/LoRaNODE.elf.dir/home/alejo/Documents/LoRa_Project_v1/software/Project/global/Middlewares/Third_Party/FreeRTOS/Source/portable/GCC/ARM_CM0/port.c.obj
                0x00000000080096fc                vPortSetupTimerInterrupt
 .text.pvPortMalloc
                0x0000000008009730      0x14c CMakeFiles/LoRaNODE.elf.dir/home/alejo/Documents/LoRa_Project_v1/software/Project/global/Middlewares/Third_Party/FreeRTOS/Source/portable/MemMang/heap_4.c.obj
                0x0000000008009730                pvPortMalloc
 .text.vPortFree
                0x000000000800987c       0x90 CMakeFiles/LoRaNODE.elf.dir/home/alejo/Documents/LoRa_Project_v1/software/Project/global/Middlewares/Third_Party/FreeRTOS/Source/portable/MemMang/heap_4.c.obj
                0x000000000800987c                vPortFree
 .text.prvHeapInit
                0x000000000800990c       0xc0 CMakeFiles/LoRaNODE.elf.dir/home/alejo/Documents/LoRa_Project_v1/software/Project/global/Middlewares/Third_Party/FreeRTOS/Source/portable/MemMang/heap_4.c.obj
 .text.prvInsertBlockIntoFreeList
                0x00000000080099cc       0xb0 CMakeFiles/LoRaNODE.elf.dir/home/alejo/Documents/LoRa_Project_v1/software/Project/global/Middlewares/Third_Party/FreeRTOS/Source/portable/MemMang/heap_4.c.obj
 .text.xTaskCreate
                0x0000000008009a7c       0x90 CMakeFiles/LoRaNODE.elf.dir/home/alejo/Documents/LoRa_Project_v1/software/Project/global/Middlewares/Third_Party/FreeRTOS/Source/tasks.c.obj
                0x0000000008009a7c                xTaskCreate
 .text.prvInitialiseNewTask
                0x0000000008009b0c       0xf4 CMakeFiles/LoRaNODE.elf.dir/home/alejo/Documents/LoRa_Project_v1/software/Project/global/Middlewares/Third_Party/FreeRTOS/Source/tasks.c.obj
 .text.prvAddNewTaskToReadyList
                0x0000000008009c00       0xc8 CMakeFiles/LoRaNODE.elf.dir/home/alejo/Documents/LoRa_Project_v1/software/Project/global/Middlewares/Third_Party/FreeRTOS/Source/tasks.c.obj
 .text.vTaskDelay
                0x0000000008009cc8       0x4c CMakeFiles/LoRaNODE.elf.dir/home/alejo/Documents/LoRa_Project_v1/software/Project/global/Middlewares/Third_Party/FreeRTOS/Source/tasks.c.obj
                0x0000000008009cc8                vTaskDelay
 .text.vTaskStartScheduler
                0x0000000008009d14       0x6c CMakeFiles/LoRaNODE.elf.dir/home/alejo/Documents/LoRa_Project_v1/software/Project/global/Middlewares/Third_Party/FreeRTOS/Source/tasks.c.obj
                0x0000000008009d14                vTaskStartScheduler
 .text.vTaskSuspendAll
                0x0000000008009d80       0x18 CMakeFiles/LoRaNODE.elf.dir/home/alejo/Documents/LoRa_Project_v1/software/Project/global/Middlewares/Third_Party/FreeRTOS/Source/tasks.c.obj
                0x0000000008009d80                vTaskSuspendAll
 .text.xTaskResumeAll
                0x0000000008009d98      0x118 CMakeFiles/LoRaNODE.elf.dir/home/alejo/Documents/LoRa_Project_v1/software/Project/global/Middlewares/Third_Party/FreeRTOS/Source/tasks.c.obj
                0x0000000008009d98                xTaskResumeAll
 .text.xTaskIncrementTick
                0x0000000008009eb0      0x168 CMakeFiles/LoRaNODE.elf.dir/home/alejo/Documents/LoRa_Project_v1/software/Project/global/Middlewares/Third_Party/FreeRTOS/Source/tasks.c.obj
                0x0000000008009eb0                xTaskIncrementTick
 .text.vTaskSwitchContext
                0x000000000800a018       0xa4 CMakeFiles/LoRaNODE.elf.dir/home/alejo/Documents/LoRa_Project_v1/software/Project/global/Middlewares/Third_Party/FreeRTOS/Source/tasks.c.obj
                0x000000000800a018                vTaskSwitchContext
 .text.prvIdleTask
                0x000000000800a0bc       0x20 CMakeFiles/LoRaNODE.elf.dir/home/alejo/Documents/LoRa_Project_v1/software/Project/global/Middlewares/Third_Party/FreeRTOS/Source/tasks.c.obj
 .text.prvInitialiseTaskLists
                0x000000000800a0dc       0x88 CMakeFiles/LoRaNODE.elf.dir/home/alejo/Documents/LoRa_Project_v1/software/Project/global/Middlewares/Third_Party/FreeRTOS/Source/tasks.c.obj
 .text.prvCheckTasksWaitingTermination
                0x000000000800a164       0x74 CMakeFiles/LoRaNODE.elf.dir/home/alejo/Documents/LoRa_Project_v1/software/Project/global/Middlewares/Third_Party/FreeRTOS/Source/tasks.c.obj
 .text.prvDeleteTCB
                0x000000000800a1d8       0x22 CMakeFiles/LoRaNODE.elf.dir/home/alejo/Documents/LoRa_Project_v1/software/Project/global/Middlewares/Third_Party/FreeRTOS/Source/tasks.c.obj
 *fill*         0x000000000800a1fa        0x2 
 .text.prvResetNextTaskUnblockTime
                0x000000000800a1fc       0x48 CMakeFiles/LoRaNODE.elf.dir/home/alejo/Documents/LoRa_Project_v1/software/Project/global/Middlewares/Third_Party/FreeRTOS/Source/tasks.c.obj
 .text.xTaskGetSchedulerState
                0x000000000800a244       0x38 CMakeFiles/LoRaNODE.elf.dir/home/alejo/Documents/LoRa_Project_v1/software/Project/global/Middlewares/Third_Party/FreeRTOS/Source/tasks.c.obj
                0x000000000800a244                xTaskGetSchedulerState
 .text.prvAddCurrentTaskToDelayedList
                0x000000000800a27c       0xa8 CMakeFiles/LoRaNODE.elf.dir/home/alejo/Documents/LoRa_Project_v1/software/Project/global/Middlewares/Third_Party/FreeRTOS/Source/tasks.c.obj
 .text.main     0x000000000800a324       0x74 CMakeFiles/LoRaNODE.elf.dir/Src/main.c.obj
                0x000000000800a324                main
 .text.radio_init
                0x000000000800a398      0x10c CMakeFiles/LoRaNODE.elf.dir/Src/main.c.obj
                0x000000000800a398                radio_init
 .text.onTxDone
                0x000000000800a4a4       0x24 CMakeFiles/LoRaNODE.elf.dir/Src/main.c.obj
                0x000000000800a4a4                onTxDone
 .text.onTxTimeout
                0x000000000800a4c8       0x24 CMakeFiles/LoRaNODE.elf.dir/Src/main.c.obj
                0x000000000800a4c8                onTxTimeout
 .text.onRxTimeout
                0x000000000800a4ec       0x24 CMakeFiles/LoRaNODE.elf.dir/Src/main.c.obj
                0x000000000800a4ec                onRxTimeout
 .text.onRxError
                0x000000000800a510       0x30 CMakeFiles/LoRaNODE.elf.dir/Src/main.c.obj
                0x000000000800a510                onRxError
 .text.onFhssChangeChannel
                0x000000000800a540       0x14 CMakeFiles/LoRaNODE.elf.dir/Src/main.c.obj
                0x000000000800a540                onFhssChangeChannel
 .text.onCadDone
                0x000000000800a554       0x14 CMakeFiles/LoRaNODE.elf.dir/Src/main.c.obj
                0x000000000800a554                onCadDone
 .text.onRxDone
                0x000000000800a568      0x120 CMakeFiles/LoRaNODE.elf.dir/Src/main.c.obj
                0x000000000800a568                onRxDone
 .text.wakeUpSystem
                0x000000000800a688       0x1e CMakeFiles/LoRaNODE.elf.dir/Src/main.c.obj
                0x000000000800a688                wakeUpSystem
 *fill*         0x000000000800a6a6        0x2 
 .text.parser   0x000000000800a6a8       0xd8 CMakeFiles/LoRaNODE.elf.dir/Src/main.c.obj
                0x000000000800a6a8                parser
 .text.Config_Load
                0x000000000800a780       0x44 CMakeFiles/LoRaNODE.elf.dir/Src/main.c.obj
                0x000000000800a780                Config_Load
 .text.loadInfo
                0x000000000800a7c4        0xa CMakeFiles/LoRaNODE.elf.dir/Src/main.c.obj
                0x000000000800a7c4                loadInfo
 .text.bitClear
                0x000000000800a7ce       0x2c CMakeFiles/LoRaNODE.elf.dir/Src/main.c.obj
                0x000000000800a7ce                bitClear
 .text.bitSet   0x000000000800a7fa       0x2a CMakeFiles/LoRaNODE.elf.dir/Src/main.c.obj
                0x000000000800a7fa                bitSet
 .text.main_task
                0x000000000800a824       0x74 CMakeFiles/LoRaNODE.elf.dir/Src/main.c.obj
                0x000000000800a824                main_task
 .text.init_board
                0x000000000800a898       0x68 CMakeFiles/LoRaNODE.elf.dir/Src/main.c.obj
                0x000000000800a898                init_board
 .text.en_board
                0x000000000800a900       0x18 CMakeFiles/LoRaNODE.elf.dir/Src/main.c.obj
                0x000000000800a900                en_board
 .text.therm_init
                0x000000000800a918       0x64 CMakeFiles/LoRaNODE.elf.dir/home/alejo/Documents/LoRa_Project_v1/software/Project/global/Core/utils/src/Thermo.c.obj
                0x000000000800a918                therm_init
 .text.push_buffer
                0x000000000800a97c       0x6c CMakeFiles/LoRaNODE.elf.dir/home/alejo/Documents/LoRa_Project_v1/software/Project/global/Core/utils/src/circular.c.obj
                0x000000000800a97c                push_buffer
 .text.full     0x000000000800a9e8       0x3a CMakeFiles/LoRaNODE.elf.dir/home/alejo/Documents/LoRa_Project_v1/software/Project/global/Core/utils/src/queue_c.c.obj
                0x000000000800a9e8                full
 .text.TimerInit
                0x000000000800aa22       0x30 CMakeFiles/LoRaNODE.elf.dir/home/alejo/Documents/LoRa_Project_v1/software/Project/global/Core/utils/src/timeServer.c.obj
                0x000000000800aa22                TimerInit
 *fill*         0x000000000800aa52        0x2 
 .text.TimerStart
                0x000000000800aa54       0xa4 CMakeFiles/LoRaNODE.elf.dir/home/alejo/Documents/LoRa_Project_v1/software/Project/global/Core/utils/src/timeServer.c.obj
                0x000000000800aa54                TimerStart
 .text.TimerIrqHandler
                0x000000000800aaf8       0xf0 CMakeFiles/LoRaNODE.elf.dir/home/alejo/Documents/LoRa_Project_v1/software/Project/global/Core/utils/src/timeServer.c.obj
                0x000000000800aaf8                TimerIrqHandler
 .text.TimerStop
                0x000000000800abe8       0xf0 CMakeFiles/LoRaNODE.elf.dir/home/alejo/Documents/LoRa_Project_v1/software/Project/global/Core/utils/src/timeServer.c.obj
                0x000000000800abe8                TimerStop
 .text.TimerSetValue
                0x000000000800acd8       0x4a CMakeFiles/LoRaNODE.elf.dir/home/alejo/Documents/LoRa_Project_v1/software/Project/global/Core/utils/src/timeServer.c.obj
                0x000000000800acd8                TimerSetValue
 .text.TimerGetCurrentTime
                0x000000000800ad22       0x20 CMakeFiles/LoRaNODE.elf.dir/home/alejo/Documents/LoRa_Project_v1/software/Project/global/Core/utils/src/timeServer.c.obj
                0x000000000800ad22                TimerGetCurrentTime
 .text.TimerGetElapsedTime
                0x000000000800ad42       0x32 CMakeFiles/LoRaNODE.elf.dir/home/alejo/Documents/LoRa_Project_v1/software/Project/global/Core/utils/src/timeServer.c.obj
                0x000000000800ad42                TimerGetElapsedTime
 .text.TimerExists
                0x000000000800ad74       0x38 CMakeFiles/LoRaNODE.elf.dir/home/alejo/Documents/LoRa_Project_v1/software/Project/global/Core/utils/src/timeServer.c.obj
 .text.TimerSetTimeout
                0x000000000800adac       0x48 CMakeFiles/LoRaNODE.elf.dir/home/alejo/Documents/LoRa_Project_v1/software/Project/global/Core/utils/src/timeServer.c.obj
 .text.TimerInsertTimer
                0x000000000800adf4       0x5c CMakeFiles/LoRaNODE.elf.dir/home/alejo/Documents/LoRa_Project_v1/software/Project/global/Core/utils/src/timeServer.c.obj
 .text.TimerInsertNewHeadTimer
                0x000000000800ae50       0x3c CMakeFiles/LoRaNODE.elf.dir/home/alejo/Documents/LoRa_Project_v1/software/Project/global/Core/utils/src/timeServer.c.obj
 .text.USART2_IRQHandler
                0x000000000800ae8c       0x18 CMakeFiles/LoRaNODE.elf.dir/home/alejo/Documents/LoRa_Project_v1/software/Project/global/Core/utils/src/trace.c.obj
                0x000000000800ae8c                USART2_IRQHandler
 .text.HAL_UART_RxCpltCallback
                0x000000000800aea4       0x44 CMakeFiles/LoRaNODE.elf.dir/home/alejo/Documents/LoRa_Project_v1/software/Project/global/Core/utils/src/trace.c.obj
                0x000000000800aea4                HAL_UART_RxCpltCallback
 .text.memcpy1  0x000000000800aee8       0x36 CMakeFiles/LoRaNODE.elf.dir/home/alejo/Documents/LoRa_Project_v1/software/Project/global/Core/utils/src/utilities.c.obj
                0x000000000800aee8                memcpy1
 .text.memset1  0x000000000800af1e       0x3c CMakeFiles/LoRaNODE.elf.dir/home/alejo/Documents/LoRa_Project_v1/software/Project/global/Core/utils/src/utilities.c.obj
                0x000000000800af1e                memset1
 *fill*         0x000000000800af5a        0x2 
 .text.HW_GPIO_Init
                0x000000000800af5c       0xa0 CMakeFiles/LoRaNODE.elf.dir/home/alejo/Documents/LoRa_Project_v1/software/Project/global/Core/hw/src/hw_gpio.c.obj
                0x000000000800af5c                HW_GPIO_Init
 .text.HW_GPIO_SetIrq
                0x000000000800affc       0x78 CMakeFiles/LoRaNODE.elf.dir/home/alejo/Documents/LoRa_Project_v1/software/Project/global/Core/hw/src/hw_gpio.c.obj
                0x000000000800affc                HW_GPIO_SetIrq
 .text.HW_GPIO_IrqHandler
                0x000000000800b074       0x3c CMakeFiles/LoRaNODE.elf.dir/home/alejo/Documents/LoRa_Project_v1/software/Project/global/Core/hw/src/hw_gpio.c.obj
                0x000000000800b074                HW_GPIO_IrqHandler
 .text.HW_GPIO_Write
                0x000000000800b0b0       0x2a CMakeFiles/LoRaNODE.elf.dir/home/alejo/Documents/LoRa_Project_v1/software/Project/global/Core/hw/src/hw_gpio.c.obj
                0x000000000800b0b0                HW_GPIO_Write
 *fill*         0x000000000800b0da        0x2 
 .text.HW_GPIO_GetBitPos
                0x000000000800b0dc       0x90 CMakeFiles/LoRaNODE.elf.dir/home/alejo/Documents/LoRa_Project_v1/software/Project/global/Core/hw/src/hw_gpio.c.obj
 .text.HW_RTC_Init
                0x000000000800b16c       0x30 CMakeFiles/LoRaNODE.elf.dir/home/alejo/Documents/LoRa_Project_v1/software/Project/global/Core/hw/src/hw_rtc.c.obj
                0x000000000800b16c                HW_RTC_Init
 .text.HW_RTC_SetConfig
                0x000000000800b19c       0xb0 CMakeFiles/LoRaNODE.elf.dir/home/alejo/Documents/LoRa_Project_v1/software/Project/global/Core/hw/src/hw_rtc.c.obj
 .text.HW_RTC_GetMinimumTimeout
                0x000000000800b24c        0xc CMakeFiles/LoRaNODE.elf.dir/home/alejo/Documents/LoRa_Project_v1/software/Project/global/Core/hw/src/hw_rtc.c.obj
                0x000000000800b24c                HW_RTC_GetMinimumTimeout
 .text.HW_RTC_ms2Tick
                0x000000000800b258       0x30 CMakeFiles/LoRaNODE.elf.dir/home/alejo/Documents/LoRa_Project_v1/software/Project/global/Core/hw/src/hw_rtc.c.obj
                0x000000000800b258                HW_RTC_ms2Tick
 .text.HW_RTC_Tick2ms
                0x000000000800b288       0x40 CMakeFiles/LoRaNODE.elf.dir/home/alejo/Documents/LoRa_Project_v1/software/Project/global/Core/hw/src/hw_rtc.c.obj
                0x000000000800b288                HW_RTC_Tick2ms
 .text.HW_RTC_GetTimerElapsedTime
                0x000000000800b2c8       0x30 CMakeFiles/LoRaNODE.elf.dir/home/alejo/Documents/LoRa_Project_v1/software/Project/global/Core/hw/src/hw_rtc.c.obj
                0x000000000800b2c8                HW_RTC_GetTimerElapsedTime
 .text.HW_RTC_SetAlarm
                0x000000000800b2f8       0x18 CMakeFiles/LoRaNODE.elf.dir/home/alejo/Documents/LoRa_Project_v1/software/Project/global/Core/hw/src/hw_rtc.c.obj
                0x000000000800b2f8                HW_RTC_SetAlarm
 .text.HW_RTC_GetTimerValue
                0x000000000800b310       0x24 CMakeFiles/LoRaNODE.elf.dir/home/alejo/Documents/LoRa_Project_v1/software/Project/global/Core/hw/src/hw_rtc.c.obj
                0x000000000800b310                HW_RTC_GetTimerValue
 .text.HW_RTC_StopAlarm
                0x000000000800b334       0x40 CMakeFiles/LoRaNODE.elf.dir/home/alejo/Documents/LoRa_Project_v1/software/Project/global/Core/hw/src/hw_rtc.c.obj
                0x000000000800b334                HW_RTC_StopAlarm
 .text.HW_RTC_IrqHandler
                0x000000000800b374       0x60 CMakeFiles/LoRaNODE.elf.dir/home/alejo/Documents/LoRa_Project_v1/software/Project/global/Core/hw/src/hw_rtc.c.obj
                0x000000000800b374                HW_RTC_IrqHandler
 .text.HW_RTC_DelayMs
                0x000000000800b3d4       0x40 CMakeFiles/LoRaNODE.elf.dir/home/alejo/Documents/LoRa_Project_v1/software/Project/global/Core/hw/src/hw_rtc.c.obj
                0x000000000800b3d4                HW_RTC_DelayMs
 .text.HW_RTC_SetTimerContext
                0x000000000800b414       0x30 CMakeFiles/LoRaNODE.elf.dir/home/alejo/Documents/LoRa_Project_v1/software/Project/global/Core/hw/src/hw_rtc.c.obj
                0x000000000800b414                HW_RTC_SetTimerContext
 .text.HW_RTC_GetTimerContext
                0x000000000800b444       0x14 CMakeFiles/LoRaNODE.elf.dir/home/alejo/Documents/LoRa_Project_v1/software/Project/global/Core/hw/src/hw_rtc.c.obj
                0x000000000800b444                HW_RTC_GetTimerContext
 .text.HW_RTC_SetAlarmConfig
                0x000000000800b458       0x1c CMakeFiles/LoRaNODE.elf.dir/home/alejo/Documents/LoRa_Project_v1/software/Project/global/Core/hw/src/hw_rtc.c.obj
 .text.HW_RTC_StartWakeUpAlarm
                0x000000000800b474      0x2cc CMakeFiles/LoRaNODE.elf.dir/home/alejo/Documents/LoRa_Project_v1/software/Project/global/Core/hw/src/hw_rtc.c.obj
 .text.HW_RTC_GetCalendarValue
                0x000000000800b740      0x14c CMakeFiles/LoRaNODE.elf.dir/home/alejo/Documents/LoRa_Project_v1/software/Project/global/Core/hw/src/hw_rtc.c.obj
 .text.HW_SPI_Init
                0x000000000800b88c       0x88 CMakeFiles/LoRaNODE.elf.dir/home/alejo/Documents/LoRa_Project_v1/software/Project/global/Core/hw/src/hw_spi.c.obj
                0x000000000800b88c                HW_SPI_Init
 .text.HW_SPI_IoInit
                0x000000000800b914       0x8c CMakeFiles/LoRaNODE.elf.dir/home/alejo/Documents/LoRa_Project_v1/software/Project/global/Core/hw/src/hw_spi.c.obj
                0x000000000800b914                HW_SPI_IoInit
 .text.HW_SPI_InOut
                0x000000000800b9a0       0x30 CMakeFiles/LoRaNODE.elf.dir/home/alejo/Documents/LoRa_Project_v1/software/Project/global/Core/hw/src/hw_spi.c.obj
                0x000000000800b9a0                HW_SPI_InOut
 .text.SpiFrequency
                0x000000000800b9d0       0x70 CMakeFiles/LoRaNODE.elf.dir/home/alejo/Documents/LoRa_Project_v1/software/Project/global/Core/hw/src/hw_spi.c.obj
 .text.ExtADC_Init
                0x000000000800ba40       0xa8 CMakeFiles/LoRaNODE.elf.dir/home/alejo/Documents/LoRa_Project_v1/software/Project/global/Drivers/AD7194/src/extADC.c.obj
                0x000000000800ba40                ExtADC_Init
 .text.ExtADC_ConfigChannel
                0x000000000800bae8       0x7c CMakeFiles/LoRaNODE.elf.dir/home/alejo/Documents/LoRa_Project_v1/software/Project/global/Drivers/AD7194/src/extADC.c.obj
                0x000000000800bae8                ExtADC_ConfigChannel
 .text.ExtADC_Reset
                0x000000000800bb64       0x24 CMakeFiles/LoRaNODE.elf.dir/home/alejo/Documents/LoRa_Project_v1/software/Project/global/Drivers/AD7194/src/extADC.c.obj
                0x000000000800bb64                ExtADC_Reset
 .text.ExtADC_ReadAnalogInput
                0x000000000800bb88       0x88 CMakeFiles/LoRaNODE.elf.dir/home/alejo/Documents/LoRa_Project_v1/software/Project/global/Drivers/AD7194/src/extADC.c.obj
                0x000000000800bb88                ExtADC_ReadAnalogInput
 .text.ExtADC_ReadVoltageInput
                0x000000000800bc10      0x1b8 CMakeFiles/LoRaNODE.elf.dir/home/alejo/Documents/LoRa_Project_v1/software/Project/global/Drivers/AD7194/src/extADC.c.obj
                0x000000000800bc10                ExtADC_ReadVoltageInput
 .text.ExtADC_ReadTempSensor
                0x000000000800bdc8       0xe4 CMakeFiles/LoRaNODE.elf.dir/home/alejo/Documents/LoRa_Project_v1/software/Project/global/Drivers/AD7194/src/extADC.c.obj
                0x000000000800bdc8                ExtADC_ReadTempSensor
 .text.ExtADC_loadConfigReg
                0x000000000800beac       0xcc CMakeFiles/LoRaNODE.elf.dir/home/alejo/Documents/LoRa_Project_v1/software/Project/global/Drivers/AD7194/src/extADC.c.obj
                0x000000000800beac                ExtADC_loadConfigReg
 .text.ExtADC_loadModeReg
                0x000000000800bf78       0x90 CMakeFiles/LoRaNODE.elf.dir/home/alejo/Documents/LoRa_Project_v1/software/Project/global/Drivers/AD7194/src/extADC.c.obj
                0x000000000800bf78                ExtADC_loadModeReg
 .text.ExtADC_CalcRealGain
                0x000000000800c008       0x44 CMakeFiles/LoRaNODE.elf.dir/home/alejo/Documents/LoRa_Project_v1/software/Project/global/Drivers/AD7194/src/extADC.c.obj
                0x000000000800c008                ExtADC_CalcRealGain
 .text.ExtADC_ReadRegister
                0x000000000800c04c       0xd0 CMakeFiles/LoRaNODE.elf.dir/home/alejo/Documents/LoRa_Project_v1/software/Project/global/Drivers/AD7194/src/extADC.c.obj
                0x000000000800c04c                ExtADC_ReadRegister
 .text.ExtADC_WriteRegister
                0x000000000800c11c       0x54 CMakeFiles/LoRaNODE.elf.dir/home/alejo/Documents/LoRa_Project_v1/software/Project/global/Drivers/AD7194/src/extADC.c.obj
                0x000000000800c11c                ExtADC_WriteRegister
 .text.ExtADC_DataReady
                0x000000000800c170       0x54 CMakeFiles/LoRaNODE.elf.dir/home/alejo/Documents/LoRa_Project_v1/software/Project/global/Drivers/AD7194/src/extADC.c.obj
                0x000000000800c170                ExtADC_DataReady
 .text.ExtADC_GetRegSize
                0x000000000800c1c4       0x34 CMakeFiles/LoRaNODE.elf.dir/home/alejo/Documents/LoRa_Project_v1/software/Project/global/Drivers/AD7194/src/extADC.c.obj
                0x000000000800c1c4                ExtADC_GetRegSize
 .text.spi_init
                0x000000000800c1f8      0x10c CMakeFiles/LoRaNODE.elf.dir/home/alejo/Documents/LoRa_Project_v1/software/Project/global/Drivers/AD7194/platform/STM32/src/custom_spi.c.obj
                0x000000000800c1f8                spi_init
 .text.spi_enNSS
                0x000000000800c304       0x1c CMakeFiles/LoRaNODE.elf.dir/home/alejo/Documents/LoRa_Project_v1/software/Project/global/Drivers/AD7194/platform/STM32/src/custom_spi.c.obj
                0x000000000800c304                spi_enNSS
 .text.spi_disNSS
                0x000000000800c320       0x1c CMakeFiles/LoRaNODE.elf.dir/home/alejo/Documents/LoRa_Project_v1/software/Project/global/Drivers/AD7194/platform/STM32/src/custom_spi.c.obj
                0x000000000800c320                spi_disNSS
 .text.spi_Transmit
                0x000000000800c33c       0x34 CMakeFiles/LoRaNODE.elf.dir/home/alejo/Documents/LoRa_Project_v1/software/Project/global/Drivers/AD7194/platform/STM32/src/custom_spi.c.obj
                0x000000000800c33c                spi_Transmit
 .text.spi_Receive
                0x000000000800c370       0x44 CMakeFiles/LoRaNODE.elf.dir/home/alejo/Documents/LoRa_Project_v1/software/Project/global/Drivers/AD7194/platform/STM32/src/custom_spi.c.obj
                0x000000000800c370                spi_Receive
 .text.spi_delay
                0x000000000800c3b4       0x18 CMakeFiles/LoRaNODE.elf.dir/home/alejo/Documents/LoRa_Project_v1/software/Project/global/Drivers/AD7194/platform/STM32/src/custom_spi.c.obj
                0x000000000800c3b4                spi_delay
 .text.MCP9808_Init
                0x000000000800c3cc       0x3c CMakeFiles/LoRaNODE.elf.dir/home/alejo/Documents/LoRa_Project_v1/software/Project/global/Drivers/MCP9808/src/MCP9808.c.obj
                0x000000000800c3cc                MCP9808_Init
 .text.MCP9808_GetTemp
                0x000000000800c408       0x88 CMakeFiles/LoRaNODE.elf.dir/home/alejo/Documents/LoRa_Project_v1/software/Project/global/Drivers/MCP9808/src/MCP9808.c.obj
                0x000000000800c408                MCP9808_GetTemp
 .text.MCP9808_GetManId
                0x000000000800c490       0x12 CMakeFiles/LoRaNODE.elf.dir/home/alejo/Documents/LoRa_Project_v1/software/Project/global/Drivers/MCP9808/src/MCP9808.c.obj
                0x000000000800c490                MCP9808_GetManId
 *fill*         0x000000000800c4a2        0x2 
 .text.i2c_init
                0x000000000800c4a4       0xc8 CMakeFiles/LoRaNODE.elf.dir/home/alejo/Documents/LoRa_Project_v1/software/Project/global/Drivers/MCP9808/src/MCP9808.c.obj
                0x000000000800c4a4                i2c_init
 .text.MCP9808_WriteConfReg
                0x000000000800c56c        0xa CMakeFiles/LoRaNODE.elf.dir/home/alejo/Documents/LoRa_Project_v1/software/Project/global/Drivers/MCP9808/src/MCP9808.c.obj
                0x000000000800c56c                MCP9808_WriteConfReg
 *fill*         0x000000000800c576        0x2 
 .text.MCP9808_ReadReg
                0x000000000800c578       0x88 CMakeFiles/LoRaNODE.elf.dir/home/alejo/Documents/LoRa_Project_v1/software/Project/global/Drivers/MCP9808/src/MCP9808.c.obj
                0x000000000800c578                MCP9808_ReadReg
 .text.Reset_Handler
                0x000000000800c600       0x50 CMakeFiles/LoRaNODE.elf.dir/home/alejo/Documents/LoRa_Project_v1/software/Project/global/Drivers/CMSIS/Device/ST/STM32L0xx/Source/Templates/gcc/startup_stm32l072xx.s.obj
                0x000000000800c600                Reset_Handler
 .text.Default_Handler
                0x000000000800c650        0x2 CMakeFiles/LoRaNODE.elf.dir/home/alejo/Documents/LoRa_Project_v1/software/Project/global/Drivers/CMSIS/Device/ST/STM32L0xx/Source/Templates/gcc/startup_stm32l072xx.s.obj
                0x000000000800c650                TSC_IRQHandler
                0x000000000800c650                ADC1_COMP_IRQHandler
                0x000000000800c650                PVD_IRQHandler
                0x000000000800c650                I2C1_IRQHandler
                0x000000000800c650                RCC_CRS_IRQHandler
                0x000000000800c650                SPI1_IRQHandler
                0x000000000800c650                TIM6_DAC_IRQHandler
                0x000000000800c650                I2C2_IRQHandler
                0x000000000800c650                TIM3_IRQHandler
                0x000000000800c650                DMA1_Channel1_IRQHandler
                0x000000000800c650                USART4_5_IRQHandler
                0x000000000800c650                Default_Handler
                0x000000000800c650                TIM22_IRQHandler
                0x000000000800c650                TIM7_IRQHandler
                0x000000000800c650                USB_IRQHandler
                0x000000000800c650                I2C3_IRQHandler
                0x000000000800c650                SPI2_IRQHandler
                0x000000000800c650                TIM21_IRQHandler
                0x000000000800c650                WWDG_IRQHandler
                0x000000000800c650                TIM2_IRQHandler
                0x000000000800c650                DMA1_Channel2_3_IRQHandler
                0x000000000800c650                FLASH_IRQHandler
                0x000000000800c650                USART1_IRQHandler
                0x000000000800c650                RNG_LPUART1_IRQHandler
                0x000000000800c650                LPTIM1_IRQHandler
 *fill*         0x000000000800c652        0x2 
 .text.__libc_init_array
                0x000000000800c654       0x44 /opt/gcc-arm-none-eabi-8-2018-q4-major/bin/../lib/gcc/arm-none-eabi/8.2.1/../../../../arm-none-eabi/lib/thumb/v6-m/nofp/libg.a(lib_a-init.o)
                0x000000000800c654                __libc_init_array
 .text.memcpy   0x000000000800c698       0xa4 /opt/gcc-arm-none-eabi-8-2018-q4-major/bin/../lib/gcc/arm-none-eabi/8.2.1/../../../../arm-none-eabi/lib/thumb/v6-m/nofp/libg.a(lib_a-memcpy-stub.o)
                0x000000000800c698                memcpy
 .text.memset   0x000000000800c73c       0xa8 /opt/gcc-arm-none-eabi-8-2018-q4-major/bin/../lib/gcc/arm-none-eabi/8.2.1/../../../../arm-none-eabi/lib/thumb/v6-m/nofp/libg.a(lib_a-memset.o)
                0x000000000800c73c                memset
 .text.startup.register_fini
                0x000000000800c7e4       0x18 /opt/gcc-arm-none-eabi-8-2018-q4-major/bin/../lib/gcc/arm-none-eabi/8.2.1/../../../../arm-none-eabi/lib/thumb/v6-m/nofp/libg.a(lib_a-__call_atexit.o)
 .text.atexit   0x000000000800c7fc       0x10 /opt/gcc-arm-none-eabi-8-2018-q4-major/bin/../lib/gcc/arm-none-eabi/8.2.1/../../../../arm-none-eabi/lib/thumb/v6-m/nofp/libg.a(lib_a-atexit.o)
                0x000000000800c7fc                atexit
 .text.__libc_fini_array
                0x000000000800c80c       0x28 /opt/gcc-arm-none-eabi-8-2018-q4-major/bin/../lib/gcc/arm-none-eabi/8.2.1/../../../../arm-none-eabi/lib/thumb/v6-m/nofp/libg.a(lib_a-fini.o)
                0x000000000800c80c                __libc_fini_array
 .text.__retarget_lock_acquire_recursive
                0x000000000800c834        0x4 /opt/gcc-arm-none-eabi-8-2018-q4-major/bin/../lib/gcc/arm-none-eabi/8.2.1/../../../../arm-none-eabi/lib/thumb/v6-m/nofp/libg.a(lib_a-lock.o)
                0x000000000800c834                __retarget_lock_acquire_recursive
 .text.__retarget_lock_release_recursive
                0x000000000800c838        0x4 /opt/gcc-arm-none-eabi-8-2018-q4-major/bin/../lib/gcc/arm-none-eabi/8.2.1/../../../../arm-none-eabi/lib/thumb/v6-m/nofp/libg.a(lib_a-lock.o)
                0x000000000800c838                __retarget_lock_release_recursive
 .text.__register_exitproc
                0x000000000800c83c       0xc0 /opt/gcc-arm-none-eabi-8-2018-q4-major/bin/../lib/gcc/arm-none-eabi/8.2.1/../../../../arm-none-eabi/lib/thumb/v6-m/nofp/libg.a(lib_a-__atexit.o)
                0x000000000800c83c                __register_exitproc
 .text.ceil     0x000000000800c8fc      0x118 /opt/gcc-arm-none-eabi-8-2018-q4-major/bin/../lib/gcc/arm-none-eabi/8.2.1/../../../../arm-none-eabi/lib/thumb/v6-m/nofp/libm.a(lib_a-s_ceil.o)
                0x000000000800c8fc                ceil
 .text.floor    0x000000000800ca14      0x118 /opt/gcc-arm-none-eabi-8-2018-q4-major/bin/../lib/gcc/arm-none-eabi/8.2.1/../../../../arm-none-eabi/lib/thumb/v6-m/nofp/libm.a(lib_a-s_floor.o)
                0x000000000800ca14                floor
 .text.round    0x000000000800cb2c       0xa8 /opt/gcc-arm-none-eabi-8-2018-q4-major/bin/../lib/gcc/arm-none-eabi/8.2.1/../../../../arm-none-eabi/lib/thumb/v6-m/nofp/libm.a(lib_a-s_round.o)
                0x000000000800cb2c                round
 *(.glue_7)
 .glue_7        0x000000000800cbd4        0x0 linker stubs
 *(.glue_7t)
 .glue_7t       0x000000000800cbd4        0x0 linker stubs
 *(.eh_frame)
 .eh_frame      0x000000000800cbd4        0x0 /opt/gcc-arm-none-eabi-8-2018-q4-major/bin/../lib/gcc/arm-none-eabi/8.2.1/thumb/v6-m/nofp/crtbegin.o
 *(.init)
 .init          0x000000000800cbd4        0x4 /opt/gcc-arm-none-eabi-8-2018-q4-major/bin/../lib/gcc/arm-none-eabi/8.2.1/thumb/v6-m/nofp/crti.o
                0x000000000800cbd4                _init
 .init          0x000000000800cbd8        0x8 /opt/gcc-arm-none-eabi-8-2018-q4-major/bin/../lib/gcc/arm-none-eabi/8.2.1/thumb/v6-m/nofp/crtn.o
 *(.fini)